#-----------------------------------------------------------
# Vivado v2023.2 (64-bit)
# SW Build 4029153 on Fri Oct 13 20:14:34 MDT 2023
# IP Build 4028589 on Sat Oct 14 00:45:43 MDT 2023
# SharedData Build 4025554 on Tue Oct 10 17:18:54 MDT 2023
# Start of session at: Mon Apr 28 18:07:29 2025
# Process ID: 6736
# Current directory: C:/Users/debab/Desktop/IIT+SELF LEARNING/IIT CLASS/BTP/HardWare/CNN/CNN.runs/synth_1
# Command line: vivado.exe -log Convolution_test_1.vds -product Vivado -mode batch -messageDb vivado.pb -notrace -source Convolution_test_1.tcl
# Log file: C:/Users/debab/Desktop/IIT+SELF LEARNING/IIT CLASS/BTP/HardWare/CNN/CNN.runs/synth_1/Convolution_test_1.vds
# Journal file: C:/Users/debab/Desktop/IIT+SELF LEARNING/IIT CLASS/BTP/HardWare/CNN/CNN.runs/synth_1\vivado.jou
# Running On: LAPTOP-3246MFQD, OS: Windows, CPU Frequency: 2496 MHz, CPU Physical cores: 4, Host memory: 8412 MB
#-----------------------------------------------------------
source Convolution_test_1.tcl -notrace
