#
# There is insufficient memory for the Java Runtime Environment to continue.
# Native memory allocation (mmap) failed to map 1073741824 bytes for G1 virtual space
# Possible reasons:
#   The system is out of physical RAM or swap space
#   The process is running with CompressedOops enabled, and the Java Heap may be blocking the growth of the native heap
# Possible solutions:
#   Reduce memory load on the system
#   Increase physical memory or swap space
#   Check if swap backing store is full
#   Decrease Java heap size (-Xmx/-Xms)
#   Decrease number of Java threads
#   Decrease Java thread stack sizes (-Xss)
#   Set larger code cache with -XX:ReservedCodeCacheSize=
#   JVM is running with Zero Based Compressed Oops mode in which the Java heap is
#     placed in the first 32GB address space. The Java Heap base address is the
#     maximum limit for the native heap growth. Please use -XX:HeapBaseMinAddress
#     to set the Java Heap base and to place the Java Heap above 32GB virtual address.
# This output file may be truncated or incomplete.
#
#  Out of Memory Error (os_windows.cpp:3559), pid=15448, tid=10528
#
# JRE version: OpenJDK Runtime Environment Temurin-17.0.7+7 (17.0.7+7) (build 17.0.7+7)
# Java VM: OpenJDK 64-Bit Server VM Temurin-17.0.7+7 (17.0.7+7, mixed mode, sharing, tiered, compressed oops, compressed class ptrs, g1 gc, windows-amd64)
# No core dump will be written. Minidumps are not enabled by default on client versions of Windows
#

---------------  S U M M A R Y ------------

Command Line: -Dsun.java2d.pmoffscreen=false -Dhttps.protocols=TLSv1,TLSv1.1,TLSv1.2 -Dsun.java2d.xrender=false -Dsun.java2d.d3d=false -Dsun.awt.nopixfmt=true -Dsun.java2d.dpiaware=true -Dsun.java2d.uiScale.enabled=false -Dswing.aatext=true -XX:-UsePerfData -Djdk.map.althashing.threshold=512 -XX:StringTableSize=4072 -XX:+UseStringDeduplication -XX:MaxGCPauseMillis=200 -XX:+ParallelRefProcEnabled --add-opens=java.desktop/javax.swing.plaf.synth=ALL-UNNAMED --add-opens=java.base/java.nio=ALL-UNNAMED --add-opens=java.desktop/sun.swing=ALL-UNNAMED --add-opens=java.desktop/javax.swing=ALL-UNNAMED --add-opens=java.desktop/javax.swing.tree=ALL-UNNAMED --add-opens=java.desktop/javax.swing.plaf.basic=ALL-UNNAMED --add-opens=java.desktop/javax.swing.plaf.synth=ALL-UNNAMED --add-opens=java.desktop/javax.swing.plaf.basic=ALL-UNNAMED --add-opens=java.desktop/javax.swing=ALL-UNNAMED --add-opens=java.desktop/javax.swing.tree=ALL-UNNAMED --add-opens=java.desktop/java.awt.event=ALL-UNNAMED --add-exports=java.desktop/javax.swing.plaf.synth=ALL-UNNAMED --add-exports=java.base/java.nio=ALL-UNNAMED --add-exports=java.desktop/sun.swing=ALL-UNNAMED --add-exports=java.desktop/javax.swing=ALL-UNNAMED --add-exports=java.desktop/javax.swing.tree=ALL-UNNAMED --add-exports=java.desktop/javax.swing.plaf.basic=ALL-UNNAMED --add-exports=java.desktop/sun.swing=ALL-UNNAMED --add-exports=java.desktop/sun.swing.table=ALL-UNNAMED --add-exports=java.desktop/sun.swing.plaf.synth=ALL-UNNAMED --add-exports=java.desktop/sun.awt.shell=ALL-UNNAMED --add-exports=java.base/sun.security.action=ALL-UNNAMED --add-exports=java.desktop/sun.font=ALL-UNNAMED -XX:NewSize=80m -XX:MaxNewSize=80m -Xms512m -Xmx4072m -Xss10m 

Host: Intel(R) Core(TM) i5-10300H CPU @ 2.50GHz, 8 cores, 7G,  Windows 11 , 64 bit Build 26100 (10.0.26100.3912)
Time: Mon Apr 28 17:49:45 2025 India Standard Time elapsed time: 630.291613 seconds (0d 0h 10m 30s)

---------------  T H R E A D  ---------------

Current thread (0x0000026ab2c5fe30):  VMThread "VM Thread" [stack: 0x000000b62b500000,0x000000b62b600000] [id=10528]

Stack: [0x000000b62b500000,0x000000b62b600000]
Native frames: (J=compiled Java code, j=interpreted, Vv=VM code, C=native code)
V  [jvm.dll+0x67754a]
V  [jvm.dll+0x834304]
V  [jvm.dll+0x835aae]
V  [jvm.dll+0x836113]
V  [jvm.dll+0x24696f]
V  [jvm.dll+0x6743f9]
V  [jvm.dll+0x668c8a]
V  [jvm.dll+0x3061bb]
V  [jvm.dll+0x30d6a6]
V  [jvm.dll+0x35cece]
V  [jvm.dll+0x35d0ff]
V  [jvm.dll+0x2dd048]
V  [jvm.dll+0x2db20c]
V  [jvm.dll+0x2da7dc]
V  [jvm.dll+0x31e6db]
V  [jvm.dll+0x83a5bb]
V  [jvm.dll+0x83b2f4]
V  [jvm.dll+0x83b80c]
V  [jvm.dll+0x83bbe4]
V  [jvm.dll+0x83bcb0]
V  [jvm.dll+0x7e4e7a]
V  [jvm.dll+0x676395]
C  [ucrtbase.dll+0x37b0]
C  [KERNEL32.DLL+0x2e8d7]
C  [ntdll.dll+0x9c5dc]

VM_Operation (0x000000b6344fb930): G1CollectForAllocation, mode: safepoint, requested by thread 0x0000026ab4671f60


---------------  P R O C E S S  ---------------

Threads class SMR info:
_java_thread_list=0x0000026ae2dc5780, length=44, elements={
0x0000026ab2c2e9a0, 0x0000026ab4651fd0, 0x0000026ab46548a0, 0x0000026ab4667b90,
0x0000026ab4668860, 0x0000026ab4672900, 0x0000026ab46710f0, 0x0000026ab4674ca0,
0x0000026ab467aa20, 0x0000026ab46759b0, 0x0000026ab4673770, 0x0000026ab46715c0,
0x0000026ab4670c20, 0x0000026ab4672430, 0x0000026ab4671a90, 0x0000026ab4672dd0,
0x0000026ab4671f60, 0x0000026ab466fdb0, 0x0000026ab4670750, 0x0000026ade791390,
0x0000026ade7943b0, 0x0000026ae5d7c3b0, 0x0000026ae5d7b540, 0x0000026ae28e3250,
0x0000026ae28e1a40, 0x0000026ae7a02c80, 0x0000026adcf59590, 0x0000026adcf59a60,
0x0000026adcf560a0, 0x0000026adcf5d8f0, 0x0000026adcf5c0e0, 0x0000026adcf5d420,
0x0000026adcf5c5b0, 0x0000026adcf5ddc0, 0x0000026adcf5e290, 0x0000026adcf5ada0,
0x0000026adcf5b740, 0x0000026af1cd8470, 0x0000026af1cd92e0, 0x0000026af1ce0b30,
0x0000026af1cde980, 0x0000026af1cdee50, 0x0000026af1cddb10, 0x0000026af1cd8e10
}

Java Threads: ( => current thread )
  0x0000026ab2c2e9a0 JavaThread "main" [_thread_blocked, id=21188, stack(0x000000b62ae00000,0x000000b62af00000)]
  0x0000026ab4651fd0 JavaThread "Reference Handler" daemon [_thread_blocked, id=21520, stack(0x000000b62b600000,0x000000b62c000000)]
  0x0000026ab46548a0 JavaThread "Finalizer" daemon [_thread_blocked, id=8116, stack(0x000000b62c000000,0x000000b62ca00000)]
  0x0000026ab4667b90 JavaThread "Signal Dispatcher" daemon [_thread_blocked, id=24032, stack(0x000000b62ca00000,0x000000b62d400000)]
  0x0000026ab4668860 JavaThread "Attach Listener" daemon [_thread_blocked, id=23876, stack(0x000000b62d400000,0x000000b62de00000)]
  0x0000026ab4672900 JavaThread "Service Thread" daemon [_thread_blocked, id=18044, stack(0x000000b62de00000,0x000000b62e800000)]
  0x0000026ab46710f0 JavaThread "Monitor Deflation Thread" daemon [_thread_blocked, id=22840, stack(0x000000b62e800000,0x000000b62f200000)]
  0x0000026ab4674ca0 JavaThread "C2 CompilerThread0" daemon [_thread_blocked, id=22132, stack(0x000000b62f200000,0x000000b62f300000)]
  0x0000026ab467aa20 JavaThread "C1 CompilerThread0" daemon [_thread_blocked, id=14104, stack(0x000000b62f300000,0x000000b62f400000)]
  0x0000026ab46759b0 JavaThread "Sweeper thread" daemon [_thread_blocked, id=20592, stack(0x000000b62f400000,0x000000b62fe00000)]
  0x0000026ab4673770 JavaThread "Common-Cleaner" daemon [_thread_blocked, id=17488, stack(0x000000b62fe00000,0x000000b630800000)]
  0x0000026ab46715c0 JavaThread "Notification Thread" daemon [_thread_blocked, id=9296, stack(0x000000b630800000,0x000000b631200000)]
  0x0000026ab4670c20 JavaThread "Java2D Disposer" daemon [_thread_blocked, id=19024, stack(0x000000b631300000,0x000000b631d00000)]
  0x0000026ab4672430 JavaThread "AWT-Shutdown" [_thread_blocked, id=4576, stack(0x000000b631d00000,0x000000b632700000)]
  0x0000026ab4671a90 JavaThread "AWT-Windows" daemon [_thread_blocked, id=24204, stack(0x000000b632700000,0x000000b633100000)]
  0x0000026ab4672dd0 JavaThread "TimerQueue" daemon [_thread_blocked, id=22648, stack(0x000000b633100000,0x000000b633b00000)]
  0x0000026ab4671f60 JavaThread "AWT-EventQueue-0" [_thread_blocked, id=14116, stack(0x000000b633b00000,0x000000b634500000)]
  0x0000026ab466fdb0 JavaThread "Thread-1" [_thread_in_native, id=20132, stack(0x000000b629400000,0x000000b62a800000)]
  0x0000026ab4670750 JavaThread "Process Messages Thread" [_thread_blocked, id=14136, stack(0x000000b636300000,0x000000b636d00000)]
  0x0000026ade791390 JavaThread "Batik CleanerThread" daemon [_thread_blocked, id=12984, stack(0x000000b635800000,0x000000b636200000)]
  0x0000026ade7943b0 JavaThread "SyntheticaCleanerThread" daemon [_thread_blocked, id=21992, stack(0x000000b637800000,0x000000b638200000)]
  0x0000026ae5d7c3b0 JavaThread "Timer-0" [_thread_blocked, id=2736, stack(0x000000b638c00000,0x000000b639600000)]
  0x0000026ae5d7b540 JavaThread "Monitor File Timestamp Swing Worker Thread" [_thread_blocked, id=14024, stack(0x000000b639600000,0x000000b63a000000)]
  0x0000026ae28e3250 JavaThread "Monitor HEventQueue Thread" [_thread_blocked, id=22184, stack(0x000000b63a200000,0x000000b63ac00000)]
  0x0000026ae28e1a40 JavaThread "SyntheticaAnimation 50" daemon [_thread_blocked, id=5332, stack(0x000000b63ac00000,0x000000b63b600000)]
  0x0000026ae7a02c80 JavaThread "SyntheticaAnimation 25" daemon [_thread_blocked, id=14604, stack(0x000000b63b600000,0x000000b63c000000)]
  0x0000026adcf59590 JavaThread "SyntheticaAnimation 70" daemon [_thread_blocked, id=15880, stack(0x000000b638200000,0x000000b638c00000)]
  0x0000026adcf59a60 JavaThread "Refresh Filesets Swing Worker Thread" [_thread_blocked, id=2368, stack(0x000000b634500000,0x000000b634f00000)]
  0x0000026adcf560a0 JavaThread "hw_ila_monitor" [_thread_blocked, id=2760, stack(0x000000b63c000000,0x000000b63ca00000)]
  0x0000026adcf5d8f0 JavaThread "pool-1-thread-1" [_thread_blocked, id=11660, stack(0x000000b63de00000,0x000000b63e800000)]
  0x0000026adcf5c0e0 JavaThread "Timer-1" [_thread_blocked, id=11068, stack(0x000000b63e800000,0x000000b63f200000)]
  0x0000026adcf5d420 JavaThread "pool-2-thread-1" [_thread_blocked, id=11000, stack(0x000000b63f200000,0x000000b63fc00000)]
  0x0000026adcf5c5b0 JavaThread "Timer-2" [_thread_blocked, id=9664, stack(0x000000b63fc00000,0x000000b640600000)]
  0x0000026adcf5ddc0 JavaThread "pool-3-thread-1" [_thread_blocked, id=18608, stack(0x000000b640600000,0x000000b641000000)]
  0x0000026adcf5e290 JavaThread "Timer-3" [_thread_blocked, id=23640, stack(0x000000b641000000,0x000000b641a00000)]
  0x0000026adcf5ada0 JavaThread "Update Runs Swing Worker Thread" [_thread_blocked, id=12408, stack(0x000000b641a00000,0x000000b642400000)]
  0x0000026adcf5b740 JavaThread "SyntheticaAnimation 50" daemon [_thread_blocked, id=21736, stack(0x000000b63ca00000,0x000000b63d400000)]
  0x0000026af1cd8470 JavaThread "Image Animator 3" daemon [_thread_blocked, id=6036, stack(0x000000b636d00000,0x000000b637700000)]
  0x0000026af1cd92e0 JavaThread "Image Animator 3" daemon [_thread_blocked, id=19608, stack(0x000000b642400000,0x000000b642e00000)]
  0x0000026af1ce0b30 JavaThread "Timer-4" [_thread_blocked, id=24184, stack(0x000000b642e00000,0x000000b643800000)]
  0x0000026af1cde980 JavaThread "Monitor File Timestamp Swing Worker Thread" [_thread_blocked, id=13032, stack(0x000000b643800000,0x000000b644200000)]
  0x0000026af1cdee50 JavaThread "Timer-5" [_thread_blocked, id=15876, stack(0x000000b644200000,0x000000b644c00000)]
  0x0000026af1cddb10 JavaThread "Monitor File Timestamp Swing Worker Thread" [_thread_blocked, id=22700, stack(0x000000b644c00000,0x000000b645600000)]
  0x0000026af1cd8e10 JavaThread "Run Simulation Thread" [_thread_blocked, id=2964, stack(0x000000b63d400000,0x000000b63de00000)]

Other Threads:
=>0x0000026ab2c5fe30 VMThread "VM Thread" [stack: 0x000000b62b500000,0x000000b62b600000] [id=10528]
  0x0000026aab898d80 WatcherThread [stack: 0x000000b631200000,0x000000b631300000] [id=24408]
  0x0000026ab279ebc0 GCTaskThread "GC Thread#0" [stack: 0x000000b62af00000,0x000000b62b000000] [id=21092]
  0x0000026ab279c620 GCTaskThread "GC Thread#1" [stack: 0x000000b634f00000,0x000000b635000000] [id=13188]
  0x0000026ab279de50 GCTaskThread "GC Thread#2" [stack: 0x000000b635000000,0x000000b635100000] [id=20204]
  0x0000026ab279e3b0 GCTaskThread "GC Thread#3" [stack: 0x000000b635100000,0x000000b635200000] [id=23768]
  0x0000026ab279f120 GCTaskThread "GC Thread#4" [stack: 0x000000b635200000,0x000000b635300000] [id=22060]
  0x0000026ab279b350 GCTaskThread "GC Thread#5" [stack: 0x000000b635300000,0x000000b635400000] [id=22200]
  0x0000026ab279f3d0 GCTaskThread "GC Thread#6" [stack: 0x000000b635400000,0x000000b635500000] [id=2512]
  0x0000026ab279f680 GCTaskThread "GC Thread#7" [stack: 0x000000b635500000,0x000000b635600000] [id=14392]
  0x0000026ab4412270 ConcurrentGCThread "G1 Main Marker" [stack: 0x000000b62b000000,0x000000b62b100000] [id=16004]
  0x0000026ab279be10 ConcurrentGCThread "G1 Conc#0" [stack: 0x000000b62b100000,0x000000b62b200000] [id=15932]
  0x0000026ab27a2990 ConcurrentGCThread "G1 Conc#1" [stack: 0x000000b636200000,0x000000b636300000] [id=12084]
  0x0000026ab2d042d0 ConcurrentGCThread "G1 Refine#0" [stack: 0x000000b62b200000,0x000000b62b300000] [id=15512]
  0x0000026ab2d056f0 ConcurrentGCThread "G1 Refine#1" [stack: 0x000000b635600000,0x000000b635700000] [id=21132]
  0x0000026ab3f65310 ConcurrentGCThread "G1 Service" [stack: 0x000000b62b300000,0x000000b62b400000] [id=21644]
  0x0000026ab279c8d0 ConcurrentGCThread "StringDedupProcessor" [stack: 0x000000b62b400000,0x000000b62b500000] [id=13976]

Threads with active compile tasks:

VM state: at safepoint (normal execution)

VM Mutex/Monitor currently owned by a thread:  ([mutex/lock_event])
[0x0000026aac64f810] Threads_lock - owner thread: 0x0000026ab2c5fe30
[0x0000026aac650110] Heap_lock - owner thread: 0x0000026ab4671f60

Heap address: 0x0000000701800000, size: 4072 MB, Compressed Oops mode: Zero based, Oop shift amount: 3

CDS archive(s) mapped at: [0x0000000800000000-0x0000000800bc0000-0x0000000800bc0000), size 12320768, SharedBaseAddress: 0x0000000800000000, ArchiveRelocationMode: 0.
Compressed class space mapped at: 0x0000000801000000-0x0000000841000000, reserved size: 1073741824
Narrow klass base: 0x0000000800000000, Narrow klass shift: 0, Narrow klass range: 0x100000000

GC Precious Log:
 CPUs: 8 total, 8 available
 Memory: 8023M
 Large Page Support: Disabled
 NUMA Support: Disabled
 Compressed Oops: Enabled (Zero based)
 Heap Region Size: 2M
 Heap Min Capacity: 512M
 Heap Initial Capacity: 512M
 Heap Max Capacity: 4072M
 Pre-touch: Disabled
 Parallel Workers: 8
 Concurrent Workers: 2
 Concurrent Refinement Workers: 8
 Periodic GC: Disabled
 String Deduplication is enabled

Heap:
 garbage-first heap   total 524288K, used 98891K [0x0000000701800000, 0x0000000800000000)
  region size 2048K, 1 young (2048K), 1 survivors (2048K)
 Metaspace       used 82610K, committed 83328K, reserved 1179648K
  class space    used 11626K, committed 11968K, reserved 1048576K

Heap Regions: E=young(eden), S=young(survivor), O=old, HS=humongous(starts), HC=humongous(continues), CS=collection set, F=free, OA=open archive, CA=closed archive, TAMS=top-at-mark-start (previous, next)
|   0|0x0000000701800000, 0x0000000701a00000, 0x0000000701a00000|100%|HS|  |TAMS 0x0000000701a00000, 0x0000000701800000| Untracked 
|   1|0x0000000701a00000, 0x0000000701bffff8, 0x0000000701c00000| 99%| O|  |TAMS 0x0000000701bffff8, 0x0000000701a00000| Untracked 
|   2|0x0000000701c00000, 0x0000000701e00000, 0x0000000701e00000|100%| O|  |TAMS 0x0000000701e00000, 0x0000000701c00000| Untracked 
|   3|0x0000000701e00000, 0x0000000702000000, 0x0000000702000000|100%| O|  |TAMS 0x0000000702000000, 0x0000000701e00000| Untracked 
|   4|0x0000000702000000, 0x00000007021ffa10, 0x0000000702200000| 99%| O|  |TAMS 0x00000007021ffa10, 0x0000000702000000| Untracked 
|   5|0x0000000702200000, 0x00000007023ffff8, 0x0000000702400000| 99%| O|  |TAMS 0x00000007023ffff8, 0x0000000702200000| Untracked 
|   6|0x0000000702400000, 0x0000000702600000, 0x0000000702600000|100%| O|  |TAMS 0x0000000702600000, 0x0000000702400000| Untracked 
|   7|0x0000000702600000, 0x00000007027ffca0, 0x0000000702800000| 99%| O|  |TAMS 0x00000007027ffca0, 0x0000000702600000| Untracked 
|   8|0x0000000702800000, 0x00000007029ffff0, 0x0000000702a00000| 99%| O|  |TAMS 0x00000007029ffff0, 0x0000000702800000| Untracked 
|   9|0x0000000702a00000, 0x0000000702bffe98, 0x0000000702c00000| 99%| O|  |TAMS 0x0000000702bffe98, 0x0000000702a00000| Untracked 
|  10|0x0000000702c00000, 0x0000000702dffff8, 0x0000000702e00000| 99%| O|  |TAMS 0x0000000702dffff8, 0x0000000702c00000| Untracked 
|  11|0x0000000702e00000, 0x0000000702ff02d8, 0x0000000703000000| 96%| O|  |TAMS 0x0000000702ff02d8, 0x0000000702e00000| Untracked 
|  12|0x0000000703000000, 0x0000000703200000, 0x0000000703200000|100%| O|  |TAMS 0x0000000703200000, 0x0000000703000000| Untracked 
|  13|0x0000000703200000, 0x00000007033fffd8, 0x0000000703400000| 99%| O|  |TAMS 0x00000007033fffd8, 0x0000000703200000| Untracked 
|  14|0x0000000703400000, 0x00000007035fffe8, 0x0000000703600000| 99%| O|  |TAMS 0x00000007035fffe8, 0x0000000703400000| Untracked 
|  15|0x0000000703600000, 0x00000007037fffe0, 0x0000000703800000| 99%| O|  |TAMS 0x00000007037fffe0, 0x0000000703600000| Untracked 
|  16|0x0000000703800000, 0x0000000703a00000, 0x0000000703a00000|100%|HS|  |TAMS 0x0000000703a00000, 0x0000000703800000| Untracked 
|  17|0x0000000703a00000, 0x0000000703c00000, 0x0000000703c00000|100%|HC|  |TAMS 0x0000000703c00000, 0x0000000703a00000| Untracked 
|  18|0x0000000703c00000, 0x0000000703e00000, 0x0000000703e00000|100%|HC|  |TAMS 0x0000000703e00000, 0x0000000703c00000| Untracked 
|  19|0x0000000703e00000, 0x0000000704000000, 0x0000000704000000|100%|HC|  |TAMS 0x0000000704000000, 0x0000000703e00000| Untracked 
|  20|0x0000000704000000, 0x0000000704200000, 0x0000000704200000|100%|HC|  |TAMS 0x0000000704200000, 0x0000000704000000| Untracked 
|  21|0x0000000704200000, 0x0000000704400000, 0x0000000704400000|100%|HC|  |TAMS 0x0000000704400000, 0x0000000704200000| Untracked 
|  22|0x0000000704400000, 0x0000000704600000, 0x0000000704600000|100%|HS|  |TAMS 0x0000000704600000, 0x0000000704400000| Untracked 
|  23|0x0000000704600000, 0x0000000704800000, 0x0000000704800000|100%|HC|  |TAMS 0x0000000704800000, 0x0000000704600000| Untracked 
|  24|0x0000000704800000, 0x0000000704a00000, 0x0000000704a00000|100%|HC|  |TAMS 0x0000000704a00000, 0x0000000704800000| Untracked 
|  25|0x0000000704a00000, 0x0000000704c00000, 0x0000000704c00000|100%|HC|  |TAMS 0x0000000704c00000, 0x0000000704a00000| Untracked 
|  26|0x0000000704c00000, 0x0000000704dfffe8, 0x0000000704e00000| 99%| O|  |TAMS 0x0000000704dfffe8, 0x0000000704c00000| Untracked 
|  27|0x0000000704e00000, 0x0000000705000000, 0x0000000705000000|100%| O|  |TAMS 0x0000000705000000, 0x0000000704e00000| Untracked 
|  28|0x0000000705000000, 0x00000007051fffd8, 0x0000000705200000| 99%| O|  |TAMS 0x00000007051fffd8, 0x0000000705000000| Untracked 
|  29|0x0000000705200000, 0x00000007053d4740, 0x0000000705400000| 91%| O|  |TAMS 0x0000000705200000, 0x0000000705200000| Untracked 
|  30|0x0000000705400000, 0x00000007055ffff8, 0x0000000705600000| 99%| O|  |TAMS 0x00000007055ffff8, 0x0000000705400000| Untracked 
|  31|0x0000000705600000, 0x00000007057d1738, 0x0000000705800000| 90%| O|  |TAMS 0x0000000705600000, 0x0000000705600000| Untracked 
|  32|0x0000000705800000, 0x00000007059fff08, 0x0000000705a00000| 99%| O|  |TAMS 0x00000007059fff08, 0x0000000705800000| Untracked 
|  33|0x0000000705a00000, 0x0000000705bffea8, 0x0000000705c00000| 99%| O|  |TAMS 0x0000000705bffea8, 0x0000000705a00000| Untracked 
|  34|0x0000000705c00000, 0x0000000705dffff8, 0x0000000705e00000| 99%| O|  |TAMS 0x0000000705dffff8, 0x0000000705c00000| Untracked 
|  35|0x0000000705e00000, 0x0000000705fb3098, 0x0000000706000000| 84%| O|  |TAMS 0x0000000705e00000, 0x0000000705e00000| Untracked 
|  36|0x0000000706000000, 0x00000007061ffff0, 0x0000000706200000| 99%| O|  |TAMS 0x00000007061ffff0, 0x0000000706000000| Untracked 
|  37|0x0000000706200000, 0x0000000706400000, 0x0000000706400000|100%| O|  |TAMS 0x0000000706400000, 0x0000000706200000| Untracked 
|  38|0x0000000706400000, 0x00000007065ffcb0, 0x0000000706600000| 99%| O|  |TAMS 0x00000007065ffcb0, 0x0000000706400000| Untracked 
|  39|0x0000000706600000, 0x00000007067fffe8, 0x0000000706800000| 99%| O|  |TAMS 0x00000007067fffe8, 0x0000000706600000| Untracked 
|  40|0x0000000706800000, 0x000000070696f1f8, 0x0000000706a00000| 71%| O|  |TAMS 0x0000000706800000, 0x0000000706800000| Untracked 
|  41|0x0000000706a00000, 0x0000000706c00000, 0x0000000706c00000|100%| O|  |TAMS 0x0000000706c00000, 0x0000000706a00000| Untracked 
|  42|0x0000000706c00000, 0x0000000706de6340, 0x0000000706e00000| 94%| O|  |TAMS 0x0000000706c00000, 0x0000000706c00000| Untracked 
|  43|0x0000000706e00000, 0x0000000706f40270, 0x0000000707000000| 62%| O|  |TAMS 0x0000000706e00000, 0x0000000706e00000| Untracked 
|  44|0x0000000707000000, 0x0000000707200000, 0x0000000707200000|100%|HS|  |TAMS 0x0000000707200000, 0x0000000707000000| Untracked 
|  45|0x0000000707200000, 0x0000000707400000, 0x0000000707400000|100%|HC|  |TAMS 0x0000000707400000, 0x0000000707200000| Untracked 
|  46|0x0000000707400000, 0x000000070749eaa0, 0x0000000707600000| 30%| O|  |TAMS 0x0000000707400000, 0x0000000707400000| Untracked 
|  47|0x0000000707600000, 0x0000000707600000, 0x0000000707800000|  0%| F|  |TAMS 0x0000000707600000, 0x0000000707600000| Untracked 
|  48|0x0000000707800000, 0x0000000707800000, 0x0000000707a00000|  0%| F|  |TAMS 0x0000000707800000, 0x0000000707800000| Untracked 
|  49|0x0000000707a00000, 0x0000000707a00000, 0x0000000707c00000|  0%| F|  |TAMS 0x0000000707a00000, 0x0000000707a00000| Untracked 
|  50|0x0000000707c00000, 0x0000000707c00000, 0x0000000707e00000|  0%| F|  |TAMS 0x0000000707c00000, 0x0000000707c00000| Untracked 
|  51|0x0000000707e00000, 0x0000000707e00000, 0x0000000708000000|  0%| F|  |TAMS 0x0000000707e00000, 0x0000000707e00000| Untracked 
|  52|0x0000000708000000, 0x00000007081f6460, 0x0000000708200000| 98%| O|  |TAMS 0x00000007081f6460, 0x0000000708000000| Untracked 
|  53|0x0000000708200000, 0x0000000708400000, 0x0000000708400000|100%|HS|  |TAMS 0x0000000708400000, 0x0000000708200000| Untracked 
|  54|0x0000000708400000, 0x0000000708600000, 0x0000000708600000|100%|HC|  |TAMS 0x0000000708600000, 0x0000000708400000| Untracked 
|  55|0x0000000708600000, 0x0000000708600000, 0x0000000708800000|  0%| F|  |TAMS 0x0000000708600000, 0x0000000708600000| Untracked 
|  56|0x0000000708800000, 0x0000000708800000, 0x0000000708a00000|  0%| F|  |TAMS 0x0000000708800000, 0x0000000708800000| Untracked 
|  57|0x0000000708a00000, 0x0000000708a00000, 0x0000000708c00000|  0%| F|  |TAMS 0x0000000708a00000, 0x0000000708a00000| Untracked 
|  58|0x0000000708c00000, 0x0000000708c00000, 0x0000000708e00000|  0%| F|  |TAMS 0x0000000708c00000, 0x0000000708c00000| Untracked 
|  59|0x0000000708e00000, 0x0000000708e00000, 0x0000000709000000|  0%| F|  |TAMS 0x0000000708e00000, 0x0000000708e00000| Untracked 
|  60|0x0000000709000000, 0x0000000709000000, 0x0000000709200000|  0%| F|  |TAMS 0x0000000709000000, 0x0000000709000000| Untracked 
|  61|0x0000000709200000, 0x0000000709200000, 0x0000000709400000|  0%| F|  |TAMS 0x0000000709200000, 0x0000000709200000| Untracked 
|  62|0x0000000709400000, 0x0000000709400000, 0x0000000709600000|  0%| F|  |TAMS 0x0000000709400000, 0x0000000709400000| Untracked 
|  63|0x0000000709600000, 0x0000000709600000, 0x0000000709800000|  0%| F|  |TAMS 0x0000000709600000, 0x0000000709600000| Untracked 
|  64|0x0000000709800000, 0x0000000709800000, 0x0000000709a00000|  0%| F|  |TAMS 0x0000000709800000, 0x0000000709800000| Untracked 
|  65|0x0000000709a00000, 0x0000000709a00000, 0x0000000709c00000|  0%| F|  |TAMS 0x0000000709a00000, 0x0000000709a00000| Untracked 
|  66|0x0000000709c00000, 0x0000000709c00000, 0x0000000709e00000|  0%| F|  |TAMS 0x0000000709c00000, 0x0000000709c00000| Untracked 
|  67|0x0000000709e00000, 0x0000000709e00000, 0x000000070a000000|  0%| F|  |TAMS 0x0000000709e00000, 0x0000000709e00000| Untracked 
|  68|0x000000070a000000, 0x000000070a000000, 0x000000070a200000|  0%| F|  |TAMS 0x000000070a000000, 0x000000070a000000| Untracked 
|  69|0x000000070a200000, 0x000000070a200000, 0x000000070a400000|  0%| F|  |TAMS 0x000000070a200000, 0x000000070a200000| Untracked 
|  70|0x000000070a400000, 0x000000070a400000, 0x000000070a600000|  0%| F|  |TAMS 0x000000070a400000, 0x000000070a400000| Untracked 
|  71|0x000000070a600000, 0x000000070a600000, 0x000000070a800000|  0%| F|  |TAMS 0x000000070a600000, 0x000000070a600000| Untracked 
|  72|0x000000070a800000, 0x000000070a800000, 0x000000070aa00000|  0%| F|  |TAMS 0x000000070a800000, 0x000000070a800000| Untracked 
|  73|0x000000070aa00000, 0x000000070aa00000, 0x000000070ac00000|  0%| F|  |TAMS 0x000000070aa00000, 0x000000070aa00000| Untracked 
|  74|0x000000070ac00000, 0x000000070ac00000, 0x000000070ae00000|  0%| F|  |TAMS 0x000000070ac00000, 0x000000070ac00000| Untracked 
|  75|0x000000070ae00000, 0x000000070ae00000, 0x000000070b000000|  0%| F|  |TAMS 0x000000070ae00000, 0x000000070ae00000| Untracked 
|  76|0x000000070b000000, 0x000000070b000000, 0x000000070b200000|  0%| F|  |TAMS 0x000000070b000000, 0x000000070b000000| Untracked 
|  77|0x000000070b200000, 0x000000070b200000, 0x000000070b400000|  0%| F|  |TAMS 0x000000070b200000, 0x000000070b200000| Untracked 
|  78|0x000000070b400000, 0x000000070b400000, 0x000000070b600000|  0%| F|  |TAMS 0x000000070b400000, 0x000000070b400000| Untracked 
|  79|0x000000070b600000, 0x000000070b600000, 0x000000070b800000|  0%| F|  |TAMS 0x000000070b600000, 0x000000070b600000| Untracked 
|  80|0x000000070b800000, 0x000000070b800000, 0x000000070ba00000|  0%| F|  |TAMS 0x000000070b800000, 0x000000070b800000| Untracked 
|  81|0x000000070ba00000, 0x000000070ba00000, 0x000000070bc00000|  0%| F|  |TAMS 0x000000070ba00000, 0x000000070ba00000| Untracked 
|  82|0x000000070bc00000, 0x000000070bc00000, 0x000000070be00000|  0%| F|  |TAMS 0x000000070bc00000, 0x000000070bc00000| Untracked 
|  83|0x000000070be00000, 0x000000070be00000, 0x000000070c000000|  0%| F|  |TAMS 0x000000070be00000, 0x000000070be00000| Untracked 
|  84|0x000000070c000000, 0x000000070c000000, 0x000000070c200000|  0%| F|  |TAMS 0x000000070c000000, 0x000000070c000000| Untracked 
|  85|0x000000070c200000, 0x000000070c200000, 0x000000070c400000|  0%| F|  |TAMS 0x000000070c200000, 0x000000070c200000| Untracked 
|  86|0x000000070c400000, 0x000000070c400000, 0x000000070c600000|  0%| F|  |TAMS 0x000000070c400000, 0x000000070c400000| Untracked 
|  87|0x000000070c600000, 0x000000070c600000, 0x000000070c800000|  0%| F|  |TAMS 0x000000070c600000, 0x000000070c600000| Untracked 
|  88|0x000000070c800000, 0x000000070c800000, 0x000000070ca00000|  0%| F|  |TAMS 0x000000070c800000, 0x000000070c800000| Untracked 
|  89|0x000000070ca00000, 0x000000070ca00000, 0x000000070cc00000|  0%| F|  |TAMS 0x000000070ca00000, 0x000000070ca00000| Untracked 
|  90|0x000000070cc00000, 0x000000070cc00000, 0x000000070ce00000|  0%| F|  |TAMS 0x000000070cc00000, 0x000000070cc00000| Untracked 
|  91|0x000000070ce00000, 0x000000070ce00000, 0x000000070d000000|  0%| F|  |TAMS 0x000000070ce00000, 0x000000070ce00000| Untracked 
|  92|0x000000070d000000, 0x000000070d000000, 0x000000070d200000|  0%| F|  |TAMS 0x000000070d000000, 0x000000070d000000| Untracked 
|  93|0x000000070d200000, 0x000000070d200000, 0x000000070d400000|  0%| F|  |TAMS 0x000000070d200000, 0x000000070d200000| Untracked 
|  94|0x000000070d400000, 0x000000070d400000, 0x000000070d600000|  0%| F|  |TAMS 0x000000070d400000, 0x000000070d400000| Untracked 
|  95|0x000000070d600000, 0x000000070d600000, 0x000000070d800000|  0%| F|  |TAMS 0x000000070d600000, 0x000000070d600000| Untracked 
|  96|0x000000070d800000, 0x000000070d800000, 0x000000070da00000|  0%| F|  |TAMS 0x000000070d800000, 0x000000070d800000| Untracked 
|  97|0x000000070da00000, 0x000000070da00000, 0x000000070dc00000|  0%| F|  |TAMS 0x000000070da00000, 0x000000070da00000| Untracked 
|  98|0x000000070dc00000, 0x000000070dc00000, 0x000000070de00000|  0%| F|  |TAMS 0x000000070dc00000, 0x000000070dc00000| Untracked 
|  99|0x000000070de00000, 0x000000070de00000, 0x000000070e000000|  0%| F|  |TAMS 0x000000070de00000, 0x000000070de00000| Untracked 
| 100|0x000000070e000000, 0x000000070e000000, 0x000000070e200000|  0%| F|  |TAMS 0x000000070e000000, 0x000000070e000000| Untracked 
| 101|0x000000070e200000, 0x000000070e200000, 0x000000070e400000|  0%| F|  |TAMS 0x000000070e200000, 0x000000070e200000| Untracked 
| 102|0x000000070e400000, 0x000000070e400000, 0x000000070e600000|  0%| F|  |TAMS 0x000000070e400000, 0x000000070e400000| Untracked 
| 103|0x000000070e600000, 0x000000070e600000, 0x000000070e800000|  0%| F|  |TAMS 0x000000070e600000, 0x000000070e600000| Untracked 
| 104|0x000000070e800000, 0x000000070e800000, 0x000000070ea00000|  0%| F|  |TAMS 0x000000070e800000, 0x000000070e800000| Untracked 
| 105|0x000000070ea00000, 0x000000070ea00000, 0x000000070ec00000|  0%| F|  |TAMS 0x000000070ea00000, 0x000000070ea00000| Untracked 
| 106|0x000000070ec00000, 0x000000070ec00000, 0x000000070ee00000|  0%| F|  |TAMS 0x000000070ec00000, 0x000000070ec00000| Untracked 
| 107|0x000000070ee00000, 0x000000070ee00000, 0x000000070f000000|  0%| F|  |TAMS 0x000000070ee00000, 0x000000070ee00000| Untracked 
| 108|0x000000070f000000, 0x000000070f000000, 0x000000070f200000|  0%| F|  |TAMS 0x000000070f000000, 0x000000070f000000| Untracked 
| 109|0x000000070f200000, 0x000000070f200000, 0x000000070f400000|  0%| F|  |TAMS 0x000000070f200000, 0x000000070f200000| Untracked 
| 110|0x000000070f400000, 0x000000070f400000, 0x000000070f600000|  0%| F|  |TAMS 0x000000070f400000, 0x000000070f400000| Untracked 
| 111|0x000000070f600000, 0x000000070f600000, 0x000000070f800000|  0%| F|  |TAMS 0x000000070f600000, 0x000000070f600000| Untracked 
| 112|0x000000070f800000, 0x000000070f800000, 0x000000070fa00000|  0%| F|  |TAMS 0x000000070f800000, 0x000000070f800000| Untracked 
| 113|0x000000070fa00000, 0x000000070fa00000, 0x000000070fc00000|  0%| F|  |TAMS 0x000000070fa00000, 0x000000070fa00000| Untracked 
| 114|0x000000070fc00000, 0x000000070fc00000, 0x000000070fe00000|  0%| F|  |TAMS 0x000000070fc00000, 0x000000070fc00000| Untracked 
| 115|0x000000070fe00000, 0x000000070fe00000, 0x0000000710000000|  0%| F|  |TAMS 0x000000070fe00000, 0x000000070fe00000| Untracked 
| 116|0x0000000710000000, 0x0000000710000000, 0x0000000710200000|  0%| F|  |TAMS 0x0000000710000000, 0x0000000710000000| Untracked 
| 117|0x0000000710200000, 0x0000000710200000, 0x0000000710400000|  0%| F|  |TAMS 0x0000000710200000, 0x0000000710200000| Untracked 
| 118|0x0000000710400000, 0x0000000710400000, 0x0000000710600000|  0%| F|  |TAMS 0x0000000710400000, 0x0000000710400000| Untracked 
| 119|0x0000000710600000, 0x0000000710600000, 0x0000000710800000|  0%| F|  |TAMS 0x0000000710600000, 0x0000000710600000| Untracked 
| 120|0x0000000710800000, 0x0000000710800000, 0x0000000710a00000|  0%| F|  |TAMS 0x0000000710800000, 0x0000000710800000| Untracked 
| 121|0x0000000710a00000, 0x0000000710a00000, 0x0000000710c00000|  0%| F|  |TAMS 0x0000000710a00000, 0x0000000710a00000| Untracked 
| 122|0x0000000710c00000, 0x0000000710c00000, 0x0000000710e00000|  0%| F|  |TAMS 0x0000000710c00000, 0x0000000710c00000| Untracked 
| 123|0x0000000710e00000, 0x0000000710e00000, 0x0000000711000000|  0%| F|  |TAMS 0x0000000710e00000, 0x0000000710e00000| Untracked 
| 124|0x0000000711000000, 0x0000000711000000, 0x0000000711200000|  0%| F|  |TAMS 0x0000000711000000, 0x0000000711000000| Untracked 
| 125|0x0000000711200000, 0x0000000711200000, 0x0000000711400000|  0%| F|  |TAMS 0x0000000711200000, 0x0000000711200000| Untracked 
| 126|0x0000000711400000, 0x0000000711400000, 0x0000000711600000|  0%| F|  |TAMS 0x0000000711400000, 0x0000000711400000| Untracked 
| 127|0x0000000711600000, 0x0000000711600000, 0x0000000711800000|  0%| F|  |TAMS 0x0000000711600000, 0x0000000711600000| Untracked 
| 128|0x0000000711800000, 0x0000000711800000, 0x0000000711a00000|  0%| F|  |TAMS 0x0000000711800000, 0x0000000711800000| Untracked 
| 129|0x0000000711a00000, 0x0000000711a00000, 0x0000000711c00000|  0%| F|  |TAMS 0x0000000711a00000, 0x0000000711a00000| Untracked 
| 130|0x0000000711c00000, 0x0000000711c00000, 0x0000000711e00000|  0%| F|  |TAMS 0x0000000711c00000, 0x0000000711c00000| Untracked 
| 131|0x0000000711e00000, 0x0000000711e00000, 0x0000000712000000|  0%| F|  |TAMS 0x0000000711e00000, 0x0000000711e00000| Untracked 
| 132|0x0000000712000000, 0x0000000712000000, 0x0000000712200000|  0%| F|  |TAMS 0x0000000712000000, 0x0000000712000000| Untracked 
| 133|0x0000000712200000, 0x0000000712200000, 0x0000000712400000|  0%| F|  |TAMS 0x0000000712200000, 0x0000000712200000| Untracked 
| 134|0x0000000712400000, 0x0000000712400000, 0x0000000712600000|  0%| F|  |TAMS 0x0000000712400000, 0x0000000712400000| Untracked 
| 135|0x0000000712600000, 0x0000000712600000, 0x0000000712800000|  0%| F|  |TAMS 0x0000000712600000, 0x0000000712600000| Untracked 
| 136|0x0000000712800000, 0x0000000712800000, 0x0000000712a00000|  0%| F|  |TAMS 0x0000000712800000, 0x0000000712800000| Untracked 
| 137|0x0000000712a00000, 0x0000000712a00000, 0x0000000712c00000|  0%| F|  |TAMS 0x0000000712a00000, 0x0000000712a00000| Untracked 
| 138|0x0000000712c00000, 0x0000000712c00000, 0x0000000712e00000|  0%| F|  |TAMS 0x0000000712c00000, 0x0000000712c00000| Untracked 
| 139|0x0000000712e00000, 0x0000000712e00000, 0x0000000713000000|  0%| F|  |TAMS 0x0000000712e00000, 0x0000000712e00000| Untracked 
| 140|0x0000000713000000, 0x0000000713000000, 0x0000000713200000|  0%| F|  |TAMS 0x0000000713000000, 0x0000000713000000| Untracked 
| 141|0x0000000713200000, 0x0000000713200000, 0x0000000713400000|  0%| F|  |TAMS 0x0000000713200000, 0x0000000713200000| Untracked 
| 142|0x0000000713400000, 0x0000000713400000, 0x0000000713600000|  0%| F|  |TAMS 0x0000000713400000, 0x0000000713400000| Untracked 
| 143|0x0000000713600000, 0x0000000713600000, 0x0000000713800000|  0%| F|  |TAMS 0x0000000713600000, 0x0000000713600000| Untracked 
| 144|0x0000000713800000, 0x0000000713800000, 0x0000000713a00000|  0%| F|  |TAMS 0x0000000713800000, 0x0000000713800000| Untracked 
| 145|0x0000000713a00000, 0x0000000713a00000, 0x0000000713c00000|  0%| F|  |TAMS 0x0000000713a00000, 0x0000000713a00000| Untracked 
| 146|0x0000000713c00000, 0x0000000713c00000, 0x0000000713e00000|  0%| F|  |TAMS 0x0000000713c00000, 0x0000000713c00000| Untracked 
| 147|0x0000000713e00000, 0x0000000713e00000, 0x0000000714000000|  0%| F|  |TAMS 0x0000000713e00000, 0x0000000713e00000| Untracked 
| 148|0x0000000714000000, 0x0000000714000000, 0x0000000714200000|  0%| F|  |TAMS 0x0000000714000000, 0x0000000714000000| Untracked 
| 149|0x0000000714200000, 0x0000000714200000, 0x0000000714400000|  0%| F|  |TAMS 0x0000000714200000, 0x0000000714200000| Untracked 
| 150|0x0000000714400000, 0x0000000714400000, 0x0000000714600000|  0%| F|  |TAMS 0x0000000714400000, 0x0000000714400000| Untracked 
| 151|0x0000000714600000, 0x0000000714600000, 0x0000000714800000|  0%| F|  |TAMS 0x0000000714600000, 0x0000000714600000| Untracked 
| 152|0x0000000714800000, 0x0000000714800000, 0x0000000714a00000|  0%| F|  |TAMS 0x0000000714800000, 0x0000000714800000| Untracked 
| 153|0x0000000714a00000, 0x0000000714a00000, 0x0000000714c00000|  0%| F|  |TAMS 0x0000000714a00000, 0x0000000714a00000| Untracked 
| 154|0x0000000714c00000, 0x0000000714c00000, 0x0000000714e00000|  0%| F|  |TAMS 0x0000000714c00000, 0x0000000714c00000| Untracked 
| 155|0x0000000714e00000, 0x0000000714e00000, 0x0000000715000000|  0%| F|  |TAMS 0x0000000714e00000, 0x0000000714e00000| Untracked 
| 156|0x0000000715000000, 0x0000000715000000, 0x0000000715200000|  0%| F|  |TAMS 0x0000000715000000, 0x0000000715000000| Untracked 
| 157|0x0000000715200000, 0x0000000715200000, 0x0000000715400000|  0%| F|  |TAMS 0x0000000715200000, 0x0000000715200000| Untracked 
| 158|0x0000000715400000, 0x0000000715400000, 0x0000000715600000|  0%| F|  |TAMS 0x0000000715400000, 0x0000000715400000| Untracked 
| 159|0x0000000715600000, 0x0000000715600000, 0x0000000715800000|  0%| F|  |TAMS 0x0000000715600000, 0x0000000715600000| Untracked 
| 160|0x0000000715800000, 0x0000000715800000, 0x0000000715a00000|  0%| F|  |TAMS 0x0000000715800000, 0x0000000715800000| Untracked 
| 161|0x0000000715a00000, 0x0000000715a00000, 0x0000000715c00000|  0%| F|  |TAMS 0x0000000715a00000, 0x0000000715a00000| Untracked 
| 162|0x0000000715c00000, 0x0000000715c00000, 0x0000000715e00000|  0%| F|  |TAMS 0x0000000715c00000, 0x0000000715c00000| Untracked 
| 163|0x0000000715e00000, 0x0000000715e00000, 0x0000000716000000|  0%| F|  |TAMS 0x0000000715e00000, 0x0000000715e00000| Untracked 
| 164|0x0000000716000000, 0x0000000716000000, 0x0000000716200000|  0%| F|  |TAMS 0x0000000716000000, 0x0000000716000000| Untracked 
| 165|0x0000000716200000, 0x0000000716200000, 0x0000000716400000|  0%| F|  |TAMS 0x0000000716200000, 0x0000000716200000| Untracked 
| 166|0x0000000716400000, 0x0000000716400000, 0x0000000716600000|  0%| F|  |TAMS 0x0000000716400000, 0x0000000716400000| Untracked 
| 167|0x0000000716600000, 0x0000000716600000, 0x0000000716800000|  0%| F|  |TAMS 0x0000000716600000, 0x0000000716600000| Untracked 
| 168|0x0000000716800000, 0x0000000716800000, 0x0000000716a00000|  0%| F|  |TAMS 0x0000000716800000, 0x0000000716800000| Untracked 
| 169|0x0000000716a00000, 0x0000000716a00000, 0x0000000716c00000|  0%| F|  |TAMS 0x0000000716a00000, 0x0000000716a00000| Untracked 
| 170|0x0000000716c00000, 0x0000000716c00000, 0x0000000716e00000|  0%| F|  |TAMS 0x0000000716c00000, 0x0000000716c00000| Untracked 
| 171|0x0000000716e00000, 0x0000000716e00000, 0x0000000717000000|  0%| F|  |TAMS 0x0000000716e00000, 0x0000000716e00000| Untracked 
| 172|0x0000000717000000, 0x0000000717000000, 0x0000000717200000|  0%| F|  |TAMS 0x0000000717000000, 0x0000000717000000| Untracked 
| 173|0x0000000717200000, 0x0000000717200000, 0x0000000717400000|  0%| F|  |TAMS 0x0000000717200000, 0x0000000717200000| Untracked 
| 174|0x0000000717400000, 0x0000000717400000, 0x0000000717600000|  0%| F|  |TAMS 0x0000000717400000, 0x0000000717400000| Untracked 
| 175|0x0000000717600000, 0x0000000717600000, 0x0000000717800000|  0%| F|  |TAMS 0x0000000717600000, 0x0000000717600000| Untracked 
| 176|0x0000000717800000, 0x0000000717800000, 0x0000000717a00000|  0%| F|  |TAMS 0x0000000717800000, 0x0000000717800000| Untracked 
| 177|0x0000000717a00000, 0x0000000717a00000, 0x0000000717c00000|  0%| F|  |TAMS 0x0000000717a00000, 0x0000000717a00000| Untracked 
| 178|0x0000000717c00000, 0x0000000717c00000, 0x0000000717e00000|  0%| F|  |TAMS 0x0000000717c00000, 0x0000000717c00000| Untracked 
| 179|0x0000000717e00000, 0x0000000717e00000, 0x0000000718000000|  0%| F|  |TAMS 0x0000000717e00000, 0x0000000717e00000| Untracked 
| 180|0x0000000718000000, 0x0000000718000000, 0x0000000718200000|  0%| F|  |TAMS 0x0000000718000000, 0x0000000718000000| Untracked 
| 181|0x0000000718200000, 0x0000000718200000, 0x0000000718400000|  0%| F|  |TAMS 0x0000000718200000, 0x0000000718200000| Untracked 
| 182|0x0000000718400000, 0x0000000718400000, 0x0000000718600000|  0%| F|  |TAMS 0x0000000718400000, 0x0000000718400000| Untracked 
| 183|0x0000000718600000, 0x0000000718600000, 0x0000000718800000|  0%| F|  |TAMS 0x0000000718600000, 0x0000000718600000| Untracked 
| 184|0x0000000718800000, 0x0000000718800000, 0x0000000718a00000|  0%| F|  |TAMS 0x0000000718800000, 0x0000000718800000| Untracked 
| 185|0x0000000718a00000, 0x0000000718a00000, 0x0000000718c00000|  0%| F|  |TAMS 0x0000000718a00000, 0x0000000718a00000| Untracked 
| 186|0x0000000718c00000, 0x0000000718c00000, 0x0000000718e00000|  0%| F|  |TAMS 0x0000000718c00000, 0x0000000718c00000| Untracked 
| 187|0x0000000718e00000, 0x0000000718e00000, 0x0000000719000000|  0%| F|  |TAMS 0x0000000718e00000, 0x0000000718e00000| Untracked 
| 188|0x0000000719000000, 0x0000000719000000, 0x0000000719200000|  0%| F|  |TAMS 0x0000000719000000, 0x0000000719000000| Untracked 
| 189|0x0000000719200000, 0x0000000719200000, 0x0000000719400000|  0%| F|  |TAMS 0x0000000719200000, 0x0000000719200000| Untracked 
| 190|0x0000000719400000, 0x0000000719400000, 0x0000000719600000|  0%| F|  |TAMS 0x0000000719400000, 0x0000000719400000| Untracked 
| 191|0x0000000719600000, 0x0000000719600000, 0x0000000719800000|  0%| F|  |TAMS 0x0000000719600000, 0x0000000719600000| Untracked 
| 192|0x0000000719800000, 0x0000000719800000, 0x0000000719a00000|  0%| F|  |TAMS 0x0000000719800000, 0x0000000719800000| Untracked 
| 193|0x0000000719a00000, 0x0000000719a00000, 0x0000000719c00000|  0%| F|  |TAMS 0x0000000719a00000, 0x0000000719a00000| Untracked 
| 194|0x0000000719c00000, 0x0000000719c00000, 0x0000000719e00000|  0%| F|  |TAMS 0x0000000719c00000, 0x0000000719c00000| Untracked 
| 195|0x0000000719e00000, 0x0000000719e00000, 0x000000071a000000|  0%| F|  |TAMS 0x0000000719e00000, 0x0000000719e00000| Untracked 
| 196|0x000000071a000000, 0x000000071a000000, 0x000000071a200000|  0%| F|  |TAMS 0x000000071a000000, 0x000000071a000000| Untracked 
| 197|0x000000071a200000, 0x000000071a200000, 0x000000071a400000|  0%| F|  |TAMS 0x000000071a200000, 0x000000071a200000| Untracked 
| 198|0x000000071a400000, 0x000000071a400000, 0x000000071a600000|  0%| F|  |TAMS 0x000000071a400000, 0x000000071a400000| Untracked 
| 199|0x000000071a600000, 0x000000071a600000, 0x000000071a800000|  0%| F|  |TAMS 0x000000071a600000, 0x000000071a600000| Untracked 
| 200|0x000000071a800000, 0x000000071a800000, 0x000000071aa00000|  0%| F|  |TAMS 0x000000071a800000, 0x000000071a800000| Untracked 
| 201|0x000000071aa00000, 0x000000071aa00000, 0x000000071ac00000|  0%| F|  |TAMS 0x000000071aa00000, 0x000000071aa00000| Untracked 
| 202|0x000000071ac00000, 0x000000071ac00000, 0x000000071ae00000|  0%| F|  |TAMS 0x000000071ac00000, 0x000000071ac00000| Untracked 
| 203|0x000000071ae00000, 0x000000071ae00000, 0x000000071b000000|  0%| F|  |TAMS 0x000000071ae00000, 0x000000071ae00000| Untracked 
| 204|0x000000071b000000, 0x000000071b000000, 0x000000071b200000|  0%| F|  |TAMS 0x000000071b000000, 0x000000071b000000| Untracked 
| 205|0x000000071b200000, 0x000000071b200000, 0x000000071b400000|  0%| F|  |TAMS 0x000000071b200000, 0x000000071b200000| Untracked 
| 206|0x000000071b400000, 0x000000071b400000, 0x000000071b600000|  0%| F|  |TAMS 0x000000071b400000, 0x000000071b400000| Untracked 
| 207|0x000000071b600000, 0x000000071b600000, 0x000000071b800000|  0%| F|  |TAMS 0x000000071b600000, 0x000000071b600000| Untracked 
| 208|0x000000071b800000, 0x000000071b800000, 0x000000071ba00000|  0%| F|  |TAMS 0x000000071b800000, 0x000000071b800000| Untracked 
| 209|0x000000071ba00000, 0x000000071ba029d0, 0x000000071bc00000|  0%| O|  |TAMS 0x000000071ba00000, 0x000000071ba00000| Untracked 
| 210|0x000000071bc00000, 0x000000071bc00000, 0x000000071be00000|  0%| F|  |TAMS 0x000000071bc00000, 0x000000071bc00000| Untracked 
| 211|0x000000071be00000, 0x000000071be00000, 0x000000071c000000|  0%| F|  |TAMS 0x000000071be00000, 0x000000071be00000| Untracked 
| 212|0x000000071c000000, 0x000000071c000000, 0x000000071c200000|  0%| F|  |TAMS 0x000000071c000000, 0x000000071c000000| Untracked 
| 213|0x000000071c200000, 0x000000071c200000, 0x000000071c400000|  0%| F|  |TAMS 0x000000071c200000, 0x000000071c200000| Untracked 
| 214|0x000000071c400000, 0x000000071c400000, 0x000000071c600000|  0%| F|  |TAMS 0x000000071c400000, 0x000000071c400000| Untracked 
| 215|0x000000071c600000, 0x000000071c61dea8, 0x000000071c800000|  5%| S|CS|TAMS 0x000000071c600000, 0x000000071c600000| Complete 
| 216|0x000000071c800000, 0x000000071c800000, 0x000000071ca00000|  0%| F|  |TAMS 0x000000071c800000, 0x000000071c800000| Untracked 
| 217|0x000000071ca00000, 0x000000071ca00000, 0x000000071cc00000|  0%| F|  |TAMS 0x000000071ca00000, 0x000000071ca00000| Untracked 
| 218|0x000000071cc00000, 0x000000071cc00000, 0x000000071ce00000|  0%| F|  |TAMS 0x000000071cc00000, 0x000000071cc00000| Untracked 
| 219|0x000000071ce00000, 0x000000071ce00000, 0x000000071d000000|  0%| F|  |TAMS 0x000000071ce00000, 0x000000071ce00000| Untracked 
| 220|0x000000071d000000, 0x000000071d000000, 0x000000071d200000|  0%| F|  |TAMS 0x000000071d000000, 0x000000071d000000| Untracked 
| 221|0x000000071d200000, 0x000000071d200000, 0x000000071d400000|  0%| F|  |TAMS 0x000000071d200000, 0x000000071d200000| Untracked 
| 222|0x000000071d400000, 0x000000071d400000, 0x000000071d600000|  0%| F|  |TAMS 0x000000071d400000, 0x000000071d400000| Untracked 
| 223|0x000000071d600000, 0x000000071d600000, 0x000000071d800000|  0%| F|  |TAMS 0x000000071d600000, 0x000000071d600000| Untracked 
| 224|0x000000071d800000, 0x000000071d800000, 0x000000071da00000|  0%| F|  |TAMS 0x000000071d800000, 0x000000071d800000| Untracked 
| 225|0x000000071da00000, 0x000000071da00000, 0x000000071dc00000|  0%| F|  |TAMS 0x000000071da00000, 0x000000071da00000| Untracked 
| 226|0x000000071dc00000, 0x000000071dc00000, 0x000000071de00000|  0%| F|  |TAMS 0x000000071dc00000, 0x000000071dc00000| Untracked 
| 227|0x000000071de00000, 0x000000071de00000, 0x000000071e000000|  0%| F|  |TAMS 0x000000071de00000, 0x000000071de00000| Untracked 
| 228|0x000000071e000000, 0x000000071e000000, 0x000000071e200000|  0%| F|  |TAMS 0x000000071e000000, 0x000000071e000000| Untracked 
| 229|0x000000071e200000, 0x000000071e200000, 0x000000071e400000|  0%| F|  |TAMS 0x000000071e200000, 0x000000071e200000| Untracked 
| 230|0x000000071e400000, 0x000000071e400000, 0x000000071e600000|  0%| F|  |TAMS 0x000000071e400000, 0x000000071e400000| Untracked 
| 231|0x000000071e600000, 0x000000071e600000, 0x000000071e800000|  0%| F|  |TAMS 0x000000071e600000, 0x000000071e600000| Untracked 
| 232|0x000000071e800000, 0x000000071e800000, 0x000000071ea00000|  0%| F|  |TAMS 0x000000071e800000, 0x000000071e800000| Untracked 
| 233|0x000000071ea00000, 0x000000071ea00000, 0x000000071ec00000|  0%| F|  |TAMS 0x000000071ea00000, 0x000000071ea00000| Untracked 
| 234|0x000000071ec00000, 0x000000071ec00000, 0x000000071ee00000|  0%| F|  |TAMS 0x000000071ec00000, 0x000000071ec00000| Untracked 
| 235|0x000000071ee00000, 0x000000071ee00000, 0x000000071f000000|  0%| F|  |TAMS 0x000000071ee00000, 0x000000071ee00000| Untracked 
| 236|0x000000071f000000, 0x000000071f000000, 0x000000071f200000|  0%| F|  |TAMS 0x000000071f000000, 0x000000071f000000| Untracked 
| 237|0x000000071f200000, 0x000000071f200000, 0x000000071f400000|  0%| F|  |TAMS 0x000000071f200000, 0x000000071f200000| Untracked 
| 238|0x000000071f400000, 0x000000071f400000, 0x000000071f600000|  0%| F|  |TAMS 0x000000071f400000, 0x000000071f400000| Untracked 
| 239|0x000000071f600000, 0x000000071f600000, 0x000000071f800000|  0%| F|  |TAMS 0x000000071f600000, 0x000000071f600000| Untracked 
| 240|0x000000071f800000, 0x000000071f800000, 0x000000071fa00000|  0%| F|  |TAMS 0x000000071f800000, 0x000000071f800000| Untracked 
| 241|0x000000071fa00000, 0x000000071fa00000, 0x000000071fc00000|  0%| F|  |TAMS 0x000000071fa00000, 0x000000071fa00000| Untracked 
| 242|0x000000071fc00000, 0x000000071fc00000, 0x000000071fe00000|  0%| F|  |TAMS 0x000000071fc00000, 0x000000071fc00000| Untracked 
| 243|0x000000071fe00000, 0x000000071fe00000, 0x0000000720000000|  0%| F|  |TAMS 0x000000071fe00000, 0x000000071fe00000| Untracked 
| 244|0x0000000720000000, 0x0000000720000000, 0x0000000720200000|  0%| F|  |TAMS 0x0000000720000000, 0x0000000720000000| Untracked 
| 245|0x0000000720200000, 0x0000000720200000, 0x0000000720400000|  0%| F|  |TAMS 0x0000000720200000, 0x0000000720200000| Untracked 
| 246|0x0000000720400000, 0x0000000720400000, 0x0000000720600000|  0%| F|  |TAMS 0x0000000720400000, 0x0000000720400000| Untracked 
| 247|0x0000000720600000, 0x0000000720600000, 0x0000000720800000|  0%| F|  |TAMS 0x0000000720600000, 0x0000000720600000| Untracked 
| 248|0x0000000720800000, 0x0000000720800000, 0x0000000720a00000|  0%| F|  |TAMS 0x0000000720800000, 0x0000000720800000| Untracked 
| 249|0x0000000720a00000, 0x0000000720a00000, 0x0000000720c00000|  0%| F|  |TAMS 0x0000000720a00000, 0x0000000720a00000| Untracked 
| 250|0x0000000720c00000, 0x0000000720c00000, 0x0000000720e00000|  0%| F|  |TAMS 0x0000000720c00000, 0x0000000720c00000| Untracked 
| 251|0x0000000720e00000, 0x0000000720e00000, 0x0000000721000000|  0%| F|  |TAMS 0x0000000720e00000, 0x0000000720e00000| Untracked 
| 252|0x0000000721000000, 0x0000000721000000, 0x0000000721200000|  0%| F|  |TAMS 0x0000000721000000, 0x0000000721000000| Untracked 
| 253|0x0000000721200000, 0x0000000721200000, 0x0000000721400000|  0%| F|  |TAMS 0x0000000721200000, 0x0000000721200000| Untracked 
| 254|0x0000000721400000, 0x0000000721400000, 0x0000000721600000|  0%| F|  |TAMS 0x0000000721400000, 0x0000000721400000| Untracked 
| 255|0x0000000721600000, 0x0000000721600000, 0x0000000721800000|  0%| F|  |TAMS 0x0000000721600000, 0x0000000721600000| Untracked 

Card table byte_map: [0x0000026acbb00000,0x0000026acc300000] _byte_map_base: 0x0000026ac82f4000

Marking Bits (Prev, Next): (CMBitMap*) 0x0000026ab192abe0, (CMBitMap*) 0x0000026ab192ac20
 Prev Bits: [0x0000026accb00000, 0x0000026ad0aa0000)
 Next Bits: [0x0000026ad0aa0000, 0x0000026ad4a40000)

Polling page: 0x0000026aaa010000

Metaspace:

Usage:
  Non-class:     69.32 MB used.
      Class:     11.35 MB used.
       Both:     80.67 MB used.

Virtual space:
  Non-class space:      128.00 MB reserved,      69.69 MB ( 54%) committed,  2 nodes.
      Class space:        1.00 GB reserved,      11.69 MB (  1%) committed,  1 nodes.
             Both:        1.12 GB reserved,      81.38 MB (  7%) committed. 

Chunk freelists:
   Non-Class:  9.61 MB
       Class:  4.27 MB
        Both:  13.88 MB

MaxMetaspaceSize: unlimited
CompressedClassSpaceSize: 1.00 GB
Initial GC threshold: 21.00 MB
Current GC threshold: 135.56 MB
CDS: on
MetaspaceReclaimPolicy: balanced
 - commit_granule_bytes: 65536.
 - commit_granule_words: 8192.
 - virtual_space_node_default_size: 8388608.
 - enlarge_chunks_in_place: 1.
 - new_chunks_are_fully_committed: 0.
 - uncommit_free_chunks: 1.
 - use_allocation_guard: 0.
 - handle_deallocations: 1.


Internal statistics:

num_allocs_failed_limit: 6.
num_arena_births: 1106.
num_arena_deaths: 0.
num_vsnodes_births: 3.
num_vsnodes_deaths: 0.
num_space_committed: 1296.
num_space_uncommitted: 0.
num_chunks_returned_to_freelist: 6.
num_chunks_taken_from_freelist: 3270.
num_chunk_merges: 6.
num_chunk_splits: 2464.
num_chunks_enlarged: 1863.
num_inconsistent_stats: 0.

CodeHeap 'non-profiled nmethods': size=120000Kb used=13832Kb max_used=13832Kb free=106168Kb
 bounds [0x0000026ac3dd0000, 0x0000026ac4b60000, 0x0000026acb300000]
CodeHeap 'profiled nmethods': size=120000Kb used=28795Kb max_used=28795Kb free=91204Kb
 bounds [0x0000026abc300000, 0x0000026abdf30000, 0x0000026ac3830000]
CodeHeap 'non-nmethods': size=5760Kb used=1654Kb max_used=1743Kb free=4105Kb
 bounds [0x0000026ac3830000, 0x0000026ac3aa0000, 0x0000026ac3dd0000]
 total_blobs=14485 nmethods=13405 adapters=989
 compilation: enabled
              stopped_count=0, restarted_count=0
 full_count=0

Compilation events (20 events):
Event: 628.821 Thread 0x0000026ab467aa20 16994       3       ui.data.q.d.H::fR (10 bytes)
Event: 628.821 Thread 0x0000026ab467aa20 nmethod 16994 0x0000026abdf1df90 code [0x0000026abdf1e140, 0x0000026abdf1e2e8]
Event: 628.821 Thread 0x0000026ab467aa20 16995       1       ui.data.q.d.a$ax::cTa (5 bytes)
Event: 628.821 Thread 0x0000026ab467aa20 nmethod 16995 0x0000026ac4b51190 code [0x0000026ac4b51320, 0x0000026ac4b513f8]
Event: 628.821 Thread 0x0000026ab467aa20 16996       1       ui.data.q.d.a$aY::cTa (5 bytes)
Event: 628.821 Thread 0x0000026ab467aa20 nmethod 16996 0x0000026ac4b51490 code [0x0000026ac4b51620, 0x0000026ac4b516f8]
Event: 629.042 Thread 0x0000026ab467aa20 16997       3       ui.data.q.e.i::a (43 bytes)
Event: 629.042 Thread 0x0000026ab467aa20 nmethod 16997 0x0000026abdf1e390 code [0x0000026abdf1e560, 0x0000026abdf1e9f8]
Event: 629.042 Thread 0x0000026ab467aa20 16998       3       ui.data.q.b.b.c::f (43 bytes)
Event: 629.042 Thread 0x0000026ab467aa20 nmethod 16998 0x0000026abdf1eb90 code [0x0000026abdf1ed40, 0x0000026abdf1efc8]
Event: 629.044 Thread 0x0000026ab467aa20 16999       3       ui.utils.i.R::d (25 bytes)
Event: 629.048 Thread 0x0000026ab467aa20 nmethod 16999 0x0000026abdf1f190 code [0x0000026abdf1f360, 0x0000026abdf1f688]
Event: 629.048 Thread 0x0000026ab467aa20 17000       3       ui.utils.i.S::setText (23 bytes)
Event: 629.049 Thread 0x0000026ab4674ca0 17001       4       com.jidesoft.swing.JideBoxLayout::setComponentToSize (177 bytes)
Event: 629.209 Thread 0x0000026ab467aa20 nmethod 17000 0x0000026abdf1f790 code [0x0000026abdf1fa20, 0x0000026abdf20808]
Event: 629.233 Thread 0x0000026ab4674ca0 nmethod 17001 0x0000026ac4b51790 code [0x0000026ac4b51920, 0x0000026ac4b51af8]
Event: 629.844 Thread 0x0000026ab4674ca0 17002       4       java.awt.geom.RoundRectIterator::next (11 bytes)
Event: 629.852 Thread 0x0000026ab4674ca0 nmethod 17002 0x0000026ac4b51d10 code [0x0000026ac4b51e80, 0x0000026ac4b51ef8]
Event: 629.982 Thread 0x0000026ab467aa20 17003       3       javax.swing.plaf.synth.SynthScrollBarUI$1::contains (92 bytes)
Event: 629.982 Thread 0x0000026ab467aa20 nmethod 17003 0x0000026abdf20d10 code [0x0000026abdf20f20, 0x0000026abdf21858]

GC Heap History (20 events):
Event: 616.518 GC heap after
{Heap after GC invocations=34 (full 5):
 garbage-first heap   total 768000K, used 105782K [0x0000000701800000, 0x0000000800000000)
  region size 2048K, 1 young (2048K), 1 survivors (2048K)
 Metaspace       used 82514K, committed 83200K, reserved 1179648K
  class space    used 11621K, committed 11968K, reserved 1048576K
}
Event: 617.777 GC heap before
{Heap before GC invocations=34 (full 5):
 garbage-first heap   total 768000K, used 185654K [0x0000000701800000, 0x0000000800000000)
  region size 2048K, 40 young (81920K), 1 survivors (2048K)
 Metaspace       used 82527K, committed 83200K, reserved 1179648K
  class space    used 11621K, committed 11968K, reserved 1048576K
}
Event: 617.796 GC heap after
{Heap after GC invocations=35 (full 5):
 garbage-first heap   total 768000K, used 105765K [0x0000000701800000, 0x0000000800000000)
  region size 2048K, 1 young (2048K), 1 survivors (2048K)
 Metaspace       used 82527K, committed 83200K, reserved 1179648K
  class space    used 11621K, committed 11968K, reserved 1048576K
}
Event: 617.842 GC heap before
{Heap before GC invocations=35 (full 5):
 garbage-first heap   total 768000K, used 105765K [0x0000000701800000, 0x0000000800000000)
  region size 2048K, 2 young (4096K), 1 survivors (2048K)
 Metaspace       used 82530K, committed 83200K, reserved 1179648K
  class space    used 11621K, committed 11968K, reserved 1048576K
}
Event: 619.156 GC heap after
{Heap after GC invocations=36 (full 6):
 garbage-first heap   total 524288K, used 98751K [0x0000000701800000, 0x0000000800000000)
  region size 2048K, 0 young (0K), 0 survivors (0K)
 Metaspace       used 82530K, committed 83200K, reserved 1179648K
  class space    used 11621K, committed 11968K, reserved 1048576K
}
Event: 621.000 GC heap before
{Heap before GC invocations=36 (full 6):
 garbage-first heap   total 524288K, used 180671K [0x0000000701800000, 0x0000000800000000)
  region size 2048K, 40 young (81920K), 0 survivors (0K)
 Metaspace       used 82557K, committed 83264K, reserved 1179648K
  class space    used 11626K, committed 11968K, reserved 1048576K
}
Event: 621.002 GC heap after
{Heap after GC invocations=37 (full 6):
 garbage-first heap   total 524288K, used 98928K [0x0000000701800000, 0x0000000800000000)
  region size 2048K, 1 young (2048K), 1 survivors (2048K)
 Metaspace       used 82557K, committed 83264K, reserved 1179648K
  class space    used 11626K, committed 11968K, reserved 1048576K
}
Event: 623.186 GC heap before
{Heap before GC invocations=37 (full 6):
 garbage-first heap   total 524288K, used 178800K [0x0000000701800000, 0x0000000800000000)
  region size 2048K, 40 young (81920K), 1 survivors (2048K)
 Metaspace       used 82577K, committed 83264K, reserved 1179648K
  class space    used 11626K, committed 11968K, reserved 1048576K
}
Event: 623.196 GC heap after
{Heap after GC invocations=38 (full 6):
 garbage-first heap   total 524288K, used 98929K [0x0000000701800000, 0x0000000800000000)
  region size 2048K, 1 young (2048K), 1 survivors (2048K)
 Metaspace       used 82577K, committed 83264K, reserved 1179648K
  class space    used 11626K, committed 11968K, reserved 1048576K
}
Event: 623.957 GC heap before
{Heap before GC invocations=38 (full 6):
 garbage-first heap   total 524288K, used 135793K [0x0000000701800000, 0x0000000800000000)
  region size 2048K, 20 young (40960K), 1 survivors (2048K)
 Metaspace       used 82580K, committed 83264K, reserved 1179648K
  class space    used 11626K, committed 11968K, reserved 1048576K
}
Event: 624.092 GC heap after
{Heap after GC invocations=39 (full 7):
 garbage-first heap   total 524288K, used 98769K [0x0000000701800000, 0x0000000800000000)
  region size 2048K, 0 young (0K), 0 survivors (0K)
 Metaspace       used 82580K, committed 83264K, reserved 1179648K
  class space    used 11626K, committed 11968K, reserved 1048576K
}
Event: 624.983 GC heap before
{Heap before GC invocations=39 (full 7):
 garbage-first heap   total 524288K, used 180689K [0x0000000701800000, 0x0000000800000000)
  region size 2048K, 40 young (81920K), 0 survivors (0K)
 Metaspace       used 82587K, committed 83264K, reserved 1179648K
  class space    used 11626K, committed 11968K, reserved 1048576K
}
Event: 624.984 GC heap after
{Heap after GC invocations=40 (full 7):
 garbage-first heap   total 524288K, used 98888K [0x0000000701800000, 0x0000000800000000)
  region size 2048K, 1 young (2048K), 1 survivors (2048K)
 Metaspace       used 82587K, committed 83264K, reserved 1179648K
  class space    used 11626K, committed 11968K, reserved 1048576K
}
Event: 626.646 GC heap before
{Heap before GC invocations=40 (full 7):
 garbage-first heap   total 524288K, used 178760K [0x0000000701800000, 0x0000000800000000)
  region size 2048K, 40 young (81920K), 1 survivors (2048K)
 Metaspace       used 82598K, committed 83264K, reserved 1179648K
  class space    used 11626K, committed 11968K, reserved 1048576K
}
Event: 626.647 GC heap after
{Heap after GC invocations=41 (full 7):
 garbage-first heap   total 524288K, used 98928K [0x0000000701800000, 0x0000000800000000)
  region size 2048K, 1 young (2048K), 1 survivors (2048K)
 Metaspace       used 82598K, committed 83264K, reserved 1179648K
  class space    used 11626K, committed 11968K, reserved 1048576K
}
Event: 628.319 GC heap before
{Heap before GC invocations=41 (full 7):
 garbage-first heap   total 524288K, used 178800K [0x0000000701800000, 0x0000000800000000)
  region size 2048K, 40 young (81920K), 1 survivors (2048K)
 Metaspace       used 82603K, committed 83264K, reserved 1179648K
  class space    used 11626K, committed 11968K, reserved 1048576K
}
Event: 628.320 GC heap after
{Heap after GC invocations=42 (full 7):
 garbage-first heap   total 524288K, used 98927K [0x0000000701800000, 0x0000000800000000)
  region size 2048K, 1 young (2048K), 1 survivors (2048K)
 Metaspace       used 82603K, committed 83264K, reserved 1179648K
  class space    used 11626K, committed 11968K, reserved 1048576K
}
Event: 629.095 GC heap before
{Heap before GC invocations=42 (full 7):
 garbage-first heap   total 524288K, used 152175K [0x0000000701800000, 0x0000000800000000)
  region size 2048K, 28 young (57344K), 1 survivors (2048K)
 Metaspace       used 82609K, committed 83328K, reserved 1179648K
  class space    used 11626K, committed 11968K, reserved 1048576K
}
Event: 629.155 GC heap after
{Heap after GC invocations=43 (full 8):
 garbage-first heap   total 524288K, used 98772K [0x0000000701800000, 0x0000000800000000)
  region size 2048K, 0 young (0K), 0 survivors (0K)
 Metaspace       used 82609K, committed 83328K, reserved 1179648K
  class space    used 11626K, committed 11968K, reserved 1048576K
}
Event: 630.094 GC heap before
{Heap before GC invocations=43 (full 8):
 garbage-first heap   total 524288K, used 180692K [0x0000000701800000, 0x0000000800000000)
  region size 2048K, 40 young (81920K), 0 survivors (0K)
 Metaspace       used 82610K, committed 83328K, reserved 1179648K
  class space    used 11626K, committed 11968K, reserved 1048576K
}

Dll operation events (20 events):
Event: 1.506 Loaded shared library D:\Vivado\2023.2\lib\win64.o\librdi_ipservicestasks.dll
Event: 1.510 Loaded shared library D:\Vivado\2023.2\lib\win64.o\librdi_vivadotasks.dll
Event: 1.510 Loaded shared library D:\Vivado\2023.2\lib\win64.o\librdi_board.dll
Event: 1.511 Loaded shared library D:\Vivado\2023.2\lib\win64.o\librdi_boarddep.dll
Event: 1.512 Loaded shared library D:\Vivado\2023.2\lib\win64.o\librdi_boardcommontasks.dll
Event: 1.512 Loaded shared library D:\Vivado\2023.2\lib\win64.o\librdi_ptgen.dll
Event: 1.513 Loaded shared library D:\Vivado\2023.2\lib\win64.o\librdi_ip.dll
Event: 1.514 Loaded shared library D:\Vivado\2023.2\lib\win64.o\librdi_mig.dll
Event: 1.515 Loaded shared library D:\Vivado\2023.2\lib\win64.o\librdi_implflow.dll
Event: 1.515 Loaded shared library D:\Vivado\2023.2\lib\win64.o\librdi_xhubtasks.dll
Event: 1.543 Loaded shared library D:\Vivado\2023.2\lib\win64.o\librdi_iptasks.dll
Event: 1.544 Loaded shared library D:\Vivado\2023.2\lib\win64.o\librdi_synth.dll
Event: 2.966 Loaded shared library D:\Vivado\2023.2\tps\win64\jre17.0.7_7\bin\verify.dll
Event: 3.274 Loaded shared library D:\Vivado\2023.2\tps\win64\jre17.0.7_7\bin\javajpeg.dll
Event: 3.284 Loaded shared library D:\Vivado\2023.2\tps\win64\jre17.0.7_7\bin\lcms.dll
Event: 3.686 Loaded shared library D:\Vivado\2023.2\tps\win64\jre17.0.7_7\bin\freetype.dll
Event: 3.688 Loaded shared library D:\Vivado\2023.2\tps\win64\jre17.0.7_7\bin\fontmanager.dll
Event: 8.359 Loaded shared library D:\Vivado\2023.2\lib\win64.o\librdi_xhub.dll
Event: 14.322 Loaded shared library D:\Vivado\2023.2\tps\win64\jre17.0.7_7\bin\management.dll
Event: 14.328 Loaded shared library D:\Vivado\2023.2\tps\win64\jre17.0.7_7\bin\management_ext.dll

Deoptimization events (20 events):
Event: 612.404 Thread 0x0000026ab4671f60 DEOPT PACKING pc=0x0000026abd357e75 sp=0x000000b6344fcc30
Event: 612.404 Thread 0x0000026ab4671f60 DEOPT UNPACKING pc=0x0000026ac3887143 sp=0x000000b6344fc120 mode 0
Event: 612.443 Thread 0x0000026ab4671f60 DEOPT PACKING pc=0x0000026abd357e75 sp=0x000000b6344fcef0
Event: 612.443 Thread 0x0000026ab4671f60 DEOPT UNPACKING pc=0x0000026ac3887143 sp=0x000000b6344fc3e0 mode 0
Event: 619.252 Thread 0x0000026adcf5c0e0 Uncommon trap: trap_request=0xffffff45 fr.pc=0x0000026ac48dc99c relative=0x000000000000405c
Event: 619.451 Thread 0x0000026adcf5c0e0 Uncommon trap: reason=unstable_if action=reinterpret pc=0x0000026ac48dc99c method=sun.awt.PostEventQueue.flush()V @ 23 c2
Event: 619.451 Thread 0x0000026adcf5c0e0 DEOPT PACKING pc=0x0000026ac48dc99c sp=0x000000b63f1ff0c0
Event: 619.451 Thread 0x0000026adcf5c0e0 DEOPT UNPACKING pc=0x0000026ac38869a3 sp=0x000000b63f1ff0d8 mode 2
Event: 619.451 Thread 0x0000026ab4672dd0 Uncommon trap: trap_request=0xffffff45 fr.pc=0x0000026ac48dc99c relative=0x000000000000405c
Event: 619.451 Thread 0x0000026ab4672dd0 Uncommon trap: reason=unstable_if action=reinterpret pc=0x0000026ac48dc99c method=sun.awt.PostEventQueue.flush()V @ 23 c2
Event: 619.451 Thread 0x0000026ab4672dd0 DEOPT PACKING pc=0x0000026ac48dc99c sp=0x000000b633afeea0
Event: 619.496 Thread 0x0000026ab4672dd0 DEOPT UNPACKING pc=0x0000026ac38869a3 sp=0x000000b633afeeb8 mode 2
Event: 619.496 Thread 0x0000026ab4670750 Uncommon trap: trap_request=0xffffff45 fr.pc=0x0000026ac48dc99c relative=0x000000000000405c
Event: 619.496 Thread 0x0000026ab4670750 Uncommon trap: reason=unstable_if action=reinterpret pc=0x0000026ac48dc99c method=sun.awt.PostEventQueue.flush()V @ 23 c2
Event: 619.496 Thread 0x0000026ab4670750 DEOPT PACKING pc=0x0000026ac48dc99c sp=0x000000b636cff170
Event: 619.496 Thread 0x0000026ab4670750 DEOPT UNPACKING pc=0x0000026ac38869a3 sp=0x000000b636cff188 mode 2
Event: 619.496 Thread 0x0000026adcf5c5b0 Uncommon trap: trap_request=0xffffff45 fr.pc=0x0000026ac48dc99c relative=0x000000000000405c
Event: 619.577 Thread 0x0000026adcf5c5b0 Uncommon trap: reason=unstable_if action=reinterpret pc=0x0000026ac48dc99c method=sun.awt.PostEventQueue.flush()V @ 23 c2
Event: 619.577 Thread 0x0000026adcf5c5b0 DEOPT PACKING pc=0x0000026ac48dc99c sp=0x000000b6405fefd0
Event: 619.577 Thread 0x0000026adcf5c5b0 DEOPT UNPACKING pc=0x0000026ac38869a3 sp=0x000000b6405fefe8 mode 2

Classes unloaded (0 events):
No events

Classes redefined (0 events):
No events

Internal exceptions (20 events):
Event: 599.190 Thread 0x0000026ab4671f60 Exception <a 'java/lang/ClassNotFoundException'{0x0000000720c13058}: java/awt/ComponentCustomizer> (0x0000000720c13058) 
thrown [s\src\hotspot\share\classfile\systemDictionary.cpp, line 256]
Event: 599.199 Thread 0x0000026ab4671f60 Exception <a 'java/lang/ClassNotFoundException'{0x0000000720c726f8}: java/awt/ContainerCustomizer> (0x0000000720c726f8) 
thrown [s\src\hotspot\share\classfile\systemDictionary.cpp, line 256]
Event: 599.203 Thread 0x0000026ab4671f60 Exception <a 'java/lang/ClassNotFoundException'{0x0000000720cadda8}: javax/swing/JComponentCustomizer> (0x0000000720cadda8) 
thrown [s\src\hotspot\share\classfile\systemDictionary.cpp, line 256]
Event: 599.222 Thread 0x0000026ab4671f60 Exception <a 'java/lang/ClassNotFoundException'{0x0000000720d57978}: javax/swing/JPanelCustomizer> (0x0000000720d57978) 
thrown [s\src\hotspot\share\classfile\systemDictionary.cpp, line 256]
Event: 599.224 Thread 0x0000026ab4671f60 Exception <a 'java/lang/ClassNotFoundException'{0x0000000720d7b798}: org/jdesktop/swingx/JXPanelCustomizer> (0x0000000720d7b798) 
thrown [s\src\hotspot\share\classfile\systemDictionary.cpp, line 256]
Event: 599.225 Thread 0x0000026ab4671f60 Exception <a 'java/lang/ClassNotFoundException'{0x0000000720da8268}: org/jdesktop/swingx/JXTitledPanelCustomizer> (0x0000000720da8268) 
thrown [s\src\hotspot\share\classfile\systemDictionary.cpp, line 256]
Event: 599.227 Thread 0x0000026ab4671f60 Exception <a 'java/lang/ClassNotFoundException'{0x0000000720dd5340}: ui/utils/swing/n/c/fCustomizer> (0x0000000720dd5340) 
thrown [s\src\hotspot\share\classfile\systemDictionary.cpp, line 256]
Event: 599.230 Thread 0x0000026ab4671f60 Exception <a 'java/lang/ClassNotFoundException'{0x0000000720dfe520}: ui/views/waveform/g/vCustomizer> (0x0000000720dfe520) 
thrown [s\src\hotspot\share\classfile\systemDictionary.cpp, line 256]
Event: 599.238 Thread 0x0000026ab4671f60 Implicit null exception at 0x0000026ac45fd64b to 0x0000026ac45fe220
Event: 599.356 Thread 0x0000026ab4671f60 Exception <a 'java/lang/NoSuchMethodError'{0x00000007209e4150}: 'java.lang.Object java.lang.invoke.DirectMethodHandle$Holder.invokeSpecial(java.lang.Object, java.lang.Object, long, long, long)'> (0x00000007209e4150) 
thrown [s\src\hotspot\share\interpreter\linkResolver.cpp, line 759]
Event: 599.395 Thread 0x0000026ab4671f60 Implicit null exception at 0x0000026ac46414a4 to 0x0000026ac4641ef8
Event: 599.507 Thread 0x0000026ab4671f60 Exception <a 'java/io/FileNotFoundException'{0x00000007204eb068}> (0x00000007204eb068) 
thrown [s\src\hotspot\share\prims\jni.cpp, line 516]
Event: 604.017 Thread 0x0000026ab4671f60 Exception <a 'java/io/FileNotFoundException'{0x00000007204b9790}> (0x00000007204b9790) 
thrown [s\src\hotspot\share\prims\jni.cpp, line 516]
Event: 609.373 Thread 0x0000026ab4671f60 Exception <a 'java/io/FileNotFoundException'{0x000000071ff71d90}> (0x000000071ff71d90) 
thrown [s\src\hotspot\share\prims\jni.cpp, line 516]
Event: 614.396 Thread 0x0000026ab4671f60 Exception <a 'java/io/FileNotFoundException'{0x000000072dd5fbc8}> (0x000000072dd5fbc8) 
thrown [s\src\hotspot\share\prims\jni.cpp, line 516]
Event: 620.347 Thread 0x0000026ab4671f60 Exception <a 'java/io/FileNotFoundException'{0x0000000721652da8}> (0x0000000721652da8) 
thrown [s\src\hotspot\share\prims\jni.cpp, line 516]
Event: 620.773 Thread 0x0000026adcf5ada0 Exception <a 'java/lang/NoSuchMethodError'{0x0000000721107c88}: 'java.lang.Object java.lang.invoke.DirectMethodHandle$Holder.invokeSpecial(java.lang.Object, java.lang.Object, java.lang.Object, long, int)'> (0x0000000721107c88) 
thrown [s\src\hotspot\share\interpreter\linkResolver.cpp, line 759]
Event: 620.776 Thread 0x0000026adcf5ada0 Exception <a 'java/lang/NoSuchMethodError'{0x0000000720e03f28}: 'java.lang.Object java.lang.invoke.Invokers$Holder.linkToTargetMethod(java.lang.Object, long, int, java.lang.Object)'> (0x0000000720e03f28) 
thrown [s\src\hotspot\share\interpreter\linkResolver.cpp, line 759]
Event: 624.171 Thread 0x0000026ab4671f60 Exception <a 'java/io/FileNotFoundException'{0x00000007216447b0}> (0x00000007216447b0) 
thrown [s\src\hotspot\share\prims\jni.cpp, line 516]
Event: 629.171 Thread 0x0000026ab4671f60 Exception <a 'java/io/FileNotFoundException'{0x00000007216207b8}> (0x00000007216207b8) 
thrown [s\src\hotspot\share\prims\jni.cpp, line 516]

VM Operations (20 events):
Event: 619.157 Executing VM operation: G1CollectFull done
Event: 621.000 Executing VM operation: G1CollectForAllocation
Event: 621.002 Executing VM operation: G1CollectForAllocation done
Event: 622.002 Executing VM operation: Cleanup
Event: 622.002 Executing VM operation: Cleanup done
Event: 623.186 Executing VM operation: G1CollectForAllocation
Event: 623.197 Executing VM operation: G1CollectForAllocation done
Event: 623.953 Executing VM operation: G1CollectFull
Event: 624.093 Executing VM operation: G1CollectFull done
Event: 624.983 Executing VM operation: G1CollectForAllocation
Event: 624.984 Executing VM operation: G1CollectForAllocation done
Event: 626.646 Executing VM operation: G1CollectForAllocation
Event: 626.647 Executing VM operation: G1CollectForAllocation done
Event: 627.648 Executing VM operation: Cleanup
Event: 627.651 Executing VM operation: Cleanup done
Event: 628.319 Executing VM operation: G1CollectForAllocation
Event: 628.320 Executing VM operation: G1CollectForAllocation done
Event: 629.051 Executing VM operation: G1CollectFull
Event: 629.155 Executing VM operation: G1CollectFull done
Event: 630.094 Executing VM operation: G1CollectForAllocation

Events (20 events):
Event: 623.937 Thread 0x0000026af1ce3b50 Thread exited: 0x0000026af1ce3b50
Event: 624.158 Thread 0x0000026af1ce3680 Thread exited: 0x0000026af1ce3680
Event: 624.175 Thread 0x0000026af1ce3680 Thread added: 0x0000026af1ce3680
Event: 624.180 Thread 0x0000026af1ce3680 Thread exited: 0x0000026af1ce3680
Event: 625.640 Thread 0x0000026af1ce1e70 Thread added: 0x0000026af1ce1e70
Event: 625.645 Thread 0x0000026af1ce1e70 Thread exited: 0x0000026af1ce1e70
Event: 626.181 Thread 0x0000026af1ce49c0 Thread added: 0x0000026af1ce49c0
Event: 626.185 Thread 0x0000026af1ce49c0 Thread exited: 0x0000026af1ce49c0
Event: 627.350 Thread 0x0000026af1ce5830 Thread added: 0x0000026af1ce5830
Event: 627.355 Thread 0x0000026af1ce5830 Thread exited: 0x0000026af1ce5830
Event: 627.645 Thread 0x0000026af1ce44f0 Thread added: 0x0000026af1ce44f0
Event: 627.651 Thread 0x0000026af1ce44f0 Thread exited: 0x0000026af1ce44f0
Event: 628.182 Thread 0x0000026af1ce5360 Thread added: 0x0000026af1ce5360
Event: 628.187 Thread 0x0000026af1ce5360 Thread exited: 0x0000026af1ce5360
Event: 629.042 Thread 0x0000026af1ce3680 Thread added: 0x0000026af1ce3680
Event: 629.047 Thread 0x0000026af1ce49c0 Thread added: 0x0000026af1ce49c0
Event: 629.051 Thread 0x0000026af1ce49c0 Thread exited: 0x0000026af1ce49c0
Event: 629.156 Thread 0x0000026af1ce3680 Thread exited: 0x0000026af1ce3680
Event: 629.183 Thread 0x0000026af1ce3680 Thread added: 0x0000026af1ce3680
Event: 629.188 Thread 0x0000026af1ce3680 Thread exited: 0x0000026af1ce3680


Dynamic libraries:
0x00007ff77bf40000 - 0x00007ff77bf71000 	D:\Vivado\2023.2\bin\unwrapped\win64.o\vivado.exe
0x00007ffa5b040000 - 0x00007ffa5b2a6000 	C:\WINDOWS\SYSTEM32\ntdll.dll
0x00007ffa58e00000 - 0x00007ffa58ec9000 	C:\WINDOWS\System32\KERNEL32.DLL
0x00007ffa586b0000 - 0x00007ffa58a7c000 	C:\WINDOWS\System32\KERNELBASE.dll
0x00007ffa58270000 - 0x00007ffa583bb000 	C:\WINDOWS\System32\ucrtbase.dll
0x00007ffa41f80000 - 0x00007ffa41f9e000 	C:\WINDOWS\SYSTEM32\VCRUNTIME140.dll
0x00007ffa41ee0000 - 0x00007ffa41f6d000 	C:\WINDOWS\SYSTEM32\MSVCP140.dll
0x00007ffa41f70000 - 0x00007ffa41f7c000 	C:\WINDOWS\SYSTEM32\VCRUNTIME140_1.dll
0x00007ffa0ff90000 - 0x00007ffa1163a000 	D:\Vivado\2023.2\lib\win64.o\librdi_common.dll
0x00007ffa43940000 - 0x00007ffa4395c000 	D:\Vivado\2023.2\lib\win64.o\librdi_commonmain.dll
0x00007ffa59b30000 - 0x00007ffa59cfa000 	C:\WINDOWS\System32\USER32.dll
0x00007ffa58470000 - 0x00007ffa58497000 	C:\WINDOWS\System32\win32u.dll
0x00007ffa14f40000 - 0x00007ffa15370000 	D:\Vivado\2023.2\lib\win64.o\python38.dll
0x00007ffa591b0000 - 0x00007ffa591db000 	C:\WINDOWS\System32\GDI32.dll
0x00007ffa58cc0000 - 0x00007ffa58df2000 	C:\WINDOWS\System32\gdi32full.dll
0x00007ffa16bb0000 - 0x00007ffa16f1e000 	D:\Vivado\2023.2\lib\win64.o\libCOIN-all.dll
0x00007ffa583c0000 - 0x00007ffa58463000 	C:\WINDOWS\System32\msvcp_win.dll
0x00007ffa59f70000 - 0x00007ffa5a022000 	C:\WINDOWS\System32\ADVAPI32.dll
0x00007ffa59100000 - 0x00007ffa591a9000 	C:\WINDOWS\System32\msvcrt.dll
0x00007ffa5a600000 - 0x00007ffa5a669000 	C:\WINDOWS\System32\SHLWAPI.dll
0x00007ffa59050000 - 0x00007ffa590f6000 	C:\WINDOWS\System32\sechost.dll
0x00007ffa5a380000 - 0x00007ffa5a3f4000 	C:\WINDOWS\System32\WS2_32.dll
0x00007ffa58ed0000 - 0x00007ffa58fe6000 	C:\WINDOWS\System32\RPCRT4.dll
0x00007ffa43860000 - 0x00007ffa43871000 	D:\Vivado\2023.2\lib\win64.o\libboost_date_time.dll
0x00007ffa59400000 - 0x00007ffa59b2d000 	C:\WINDOWS\System32\SHELL32.dll
0x00007ffa58a80000 - 0x00007ffa58bf4000 	C:\WINDOWS\System32\wintypes.dll
0x00007ffa42d60000 - 0x00007ffa42d81000 	D:\Vivado\2023.2\lib\win64.o\libboost_filesystem.dll
0x00007ffa5a670000 - 0x00007ffa5a9f4000 	C:\WINDOWS\System32\combase.dll
0x00007ffa58620000 - 0x00007ffa586a0000 	C:\WINDOWS\System32\WINTRUST.dll
0x00007ffa54da0000 - 0x00007ffa54da9000 	D:\Vivado\2023.2\lib\win64.o\librdi_commonversion.dll
0x00007ffa3b3f0000 - 0x00007ffa3b469000 	D:\Vivado\2023.2\lib\win64.o\libboost_program_options.dll
0x00007ffa1d6b0000 - 0x00007ffa1d866000 	D:\Vivado\2023.2\lib\win64.o\librdi_commonxillic.dll
0x00007ffa2f3a0000 - 0x00007ffa2f4b4000 	D:\Vivado\2023.2\lib\win64.o\libboost_regex.dll
0x0000000076280000 - 0x00000000763ac000 	D:\Vivado\2023.2\lib\win64.o\tcl85t.dll
0x00007ffa41970000 - 0x00007ffa4198c000 	D:\Vivado\2023.2\lib\win64.o\libboost_thread.dll
0x00007ffa51000000 - 0x00007ffa5100c000 	D:\Vivado\2023.2\lib\win64.o\libboost_xilinx.dll
0x00007ffa3b320000 - 0x00007ffa3b3a2000 	D:\Vivado\2023.2\lib\win64.o\libhdlpsolve.dll
0x00007ffa2be70000 - 0x00007ffa2bf15000 	D:\Vivado\2023.2\lib\win64.o\libhdxml.dll
0x00007ffa0eb70000 - 0x00007ffa0fb94600 	D:\Vivado\2023.2\lib\win64.o\libisl_iostreams.dll
0x00007ffa41230000 - 0x00007ffa4125a000 	D:\Vivado\2023.2\lib\win64.o\libisl_sysinfo.dll
0x00007ffa40480000 - 0x00007ffa404e5000 	D:\Vivado\2023.2\lib\win64.o\liblmx6.0.dll
0x00007ffa40440000 - 0x00007ffa4045c000 	D:\Vivado\2023.2\lib\win64.o\librdiconfig.dll
0x00007ffa41950000 - 0x00007ffa4196a000 	D:\Vivado\2023.2\lib\win64.o\pthreadVC2.dll
0x00007ffa38380000 - 0x00007ffa383a1000 	D:\Vivado\2023.2\lib\win64.o\librdizlib.dll
0x00007ffa15540000 - 0x00007ffa15801000 	D:\Vivado\2023.2\lib\win64.o\xerces-c_3_2.dll
0x00007ffa515d0000 - 0x00007ffa515db000 	C:\WINDOWS\SYSTEM32\VERSION.dll
0x00007ffa45620000 - 0x00007ffa4563a000 	C:\WINDOWS\SYSTEM32\NETAPI32.dll
0x00007ffa42a90000 - 0x00007ffa42d13000 	C:\WINDOWS\SYSTEM32\WININET.dll
0x00007ffa508a0000 - 0x00007ffa509be000 	C:\WINDOWS\SYSTEM32\WINHTTP.dll
0x00007ffa46870000 - 0x00007ffa46a4c000 	C:\WINDOWS\SYSTEM32\urlmon.dll
0x00007ffa3e370000 - 0x00007ffa3e37a000 	C:\WINDOWS\SYSTEM32\WSOCK32.dll
0x00007ffa38350000 - 0x00007ffa38380000 	C:\WINDOWS\SYSTEM32\VCOMP140.DLL
0x00007ffa0c470000 - 0x00007ffa0e387000 	D:\Vivado\2023.2\lib\win64.o\gurobi90.dll
0x00007ffa584a0000 - 0x00007ffa58617000 	C:\WINDOWS\System32\CRYPT32.dll
0x00007ffa580b0000 - 0x00007ffa580d6000 	C:\WINDOWS\SYSTEM32\bcrypt.dll
0x00007ffa5af80000 - 0x00007ffa5aff4000 	C:\WINDOWS\System32\WLDAP32.dll
0x00007ffa59f60000 - 0x00007ffa59f68000 	C:\WINDOWS\System32\Normaliz.dll
0x00007ffa14190000 - 0x00007ffa144bd000 	D:\Vivado\2023.2\lib\win64.o\libXil_lmgr11.dll
0x00007ffa5a500000 - 0x00007ffa5a5f4000 	C:\WINDOWS\System32\COMDLG32.dll
0x00007ffa5a400000 - 0x00007ffa5a4ef000 	C:\WINDOWS\System32\shcore.dll
0x00007ffa38250000 - 0x00007ffa38274000 	D:\Vivado\2023.2\lib\win64.o\libisl_iosutils.dll
0x00007ffa3d6c0000 - 0x00007ffa3d6d8000 	D:\Vivado\2023.2\lib\win64.o\libboost_iostreams.dll
0x00007ffa5aa00000 - 0x00007ffa5aae0000 	C:\WINDOWS\System32\OLEAUT32.dll
0x00007ffa59d20000 - 0x00007ffa59ebf000 	C:\WINDOWS\System32\ole32.dll
0x00007ffa46110000 - 0x00007ffa463da000 	C:\WINDOWS\SYSTEM32\iertutil.dll
0x00007ffa55e20000 - 0x00007ffa56676000 	C:\WINDOWS\SYSTEM32\windows.storage.dll
0x00007ffa2b420000 - 0x00007ffa2b4d4000 	C:\WINDOWS\WinSxS\amd64_microsoft.windows.common-controls_6595b64144ccf1df_5.82.26100.1882_none_87f34cef7a28f535\COMCTL32.dll
0x00007ffa57610000 - 0x00007ffa5763b000 	C:\WINDOWS\SYSTEM32\USERENV.dll
0x00007ffa503b0000 - 0x00007ffa503d5000 	C:\WINDOWS\SYSTEM32\dhcpcsvc.DLL
0x00007ffa45f80000 - 0x00007ffa45fa9000 	C:\WINDOWS\SYSTEM32\srvcli.dll
0x00007ffa56960000 - 0x00007ffa5696d000 	C:\WINDOWS\SYSTEM32\netutils.dll
0x00007ffa574e0000 - 0x00007ffa5754a000 	C:\WINDOWS\SYSTEM32\MSWSOCK.DLL
0x00007ffa592a0000 - 0x00007ffa592d0000 	C:\WINDOWS\System32\IMM32.DLL
0x00007ffa579e0000 - 0x00007ffa579f3000 	C:\WINDOWS\SYSTEM32\MSASN1.dll
0x00007ffa56f60000 - 0x00007ffa56f7a000 	C:\WINDOWS\SYSTEM32\kernel.appcore.dll
0x00007ffa57850000 - 0x00007ffa5786c000 	C:\WINDOWS\SYSTEM32\CRYPTSP.dll
0x00007ffa56ec0000 - 0x00007ffa56efa000 	C:\WINDOWS\system32\rsaenh.dll
0x00007ffa57870000 - 0x00007ffa5787c000 	C:\WINDOWS\SYSTEM32\CRYPTBASE.dll
0x00007ffa581d0000 - 0x00007ffa58269000 	C:\WINDOWS\System32\bcryptPrimitives.dll
0x00007ffa59270000 - 0x00007ffa59290000 	C:\WINDOWS\System32\imagehlp.dll
0x00007ffa0b410000 - 0x00007ffa0b95d000 	D:\Vivado\2023.2\lib\win64.o\librdi_commontasks.dll
0x00007ffa0e840000 - 0x00007ffa0eb6b800 	D:\Vivado\2023.2\lib\win64.o\librdi_sio.dll
0x00007ffa0a7c0000 - 0x00007ffa0b408000 	D:\Vivado\2023.2\tps\win64\jre17.0.7_7\bin\server\jvm.dll
0x00007ffa56970000 - 0x00007ffa569a3000 	C:\WINDOWS\SYSTEM32\IPHLPAPI.DLL
0x00007ffa44020000 - 0x00007ffa44056000 	C:\WINDOWS\SYSTEM32\WINMM.dll
0x00007ffa575c0000 - 0x00007ffa575e7000 	C:\WINDOWS\SYSTEM32\gpapi.dll
0x00007ffa4fa80000 - 0x00007ffa4fabb000 	C:\Windows\System32\cryptnet.dll
0x00007ffa580e0000 - 0x00007ffa5810f000 	C:\WINDOWS\SYSTEM32\profapi.dll
0x00007ffa55150000 - 0x00007ffa5515e000 	C:\WINDOWS\SYSTEM32\WINNSI.DLL
0x00007ffa59340000 - 0x00007ffa5934a000 	C:\WINDOWS\System32\NSI.dll
0x00007ffa57210000 - 0x00007ffa57258000 	C:\WINDOWS\SYSTEM32\SspiCli.dll
0x00007ffa41bd0000 - 0x00007ffa41be8000 	C:\WINDOWS\system32\napinsp.dll
0x00007ffa56a00000 - 0x00007ffa56b27000 	C:\WINDOWS\SYSTEM32\DNSAPI.dll
0x00007ffa41860000 - 0x00007ffa41872000 	C:\WINDOWS\System32\winrnr.dll
0x00007ffa3a880000 - 0x00007ffa3a8b0000 	C:\WINDOWS\system32\nlansp_c.dll
0x00007ffa50190000 - 0x00007ffa501a6000 	C:\WINDOWS\system32\wshbth.dll
0x00007ffa079f0000 - 0x00007ffa0a7b6000 	D:\Vivado\2023.2\lib\win64.o\librdi_tcltasks.dll
0x00007ffa1a200000 - 0x00007ffa1a32a000 	D:\Vivado\2023.2\lib\win64.o\librdi_chipscope.dll
0x00007ffa2dba0000 - 0x00007ffa2dc23000 	D:\Vivado\2023.2\lib\win64.o\librdi_boarddep.dll
0x00007ffa07500000 - 0x00007ffa079e1000 	D:\Vivado\2023.2\lib\win64.o\librdi_bitstream.dll
0x00007ffa0c270000 - 0x00007ffa0c470000 	D:\Vivado\2023.2\lib\win64.o\librdi_board.dll
0x00007ffa04bf0000 - 0x00007ffa04df7000 	D:\Vivado\2023.2\lib\win64.o\librdi_chipscopeimpl.dll
0x00007ffa181a0000 - 0x00007ffa1830e000 	D:\Vivado\2023.2\lib\win64.o\librdi_containers.dll
0x00007ffa02ae0000 - 0x00007ffa048e7000 	D:\Vivado\2023.2\lib\win64.o\librdi_designutils.dll
0x00007ffa04e00000 - 0x00007ffa074f5000 	D:\Vivado\2023.2\lib\win64.o\librdi_constraints.dll
0x00007ff9e9f20000 - 0x00007ff9ec656000 	D:\Vivado\2023.2\lib\win64.o\librdi_coregen.dll
0x00007ffa02740000 - 0x00007ffa02adf000 	D:\Vivado\2023.2\lib\win64.o\librdi_dlyest.dll
0x00007ffa1d940000 - 0x00007ffa1d9f4000 	D:\Vivado\2023.2\lib\win64.o\librdi_dsp.dll
0x00007ff9e8910000 - 0x00007ff9e9f13000 	D:\Vivado\2023.2\lib\win64.o\librdi_device.dll
0x00007ffa01750000 - 0x00007ffa01e86000 	D:\Vivado\2023.2\lib\win64.o\librdi_drc.dll
0x00007ffa2ef30000 - 0x00007ffa2ef9b000 	D:\Vivado\2023.2\lib\win64.o\librdi_hdf.dll
0x00007ffa02450000 - 0x00007ffa02734000 	D:\Vivado\2023.2\lib\win64.o\librdi_hip_devdesign.dll
0x00007ffa0fe40000 - 0x00007ffa0ff88000 	D:\Vivado\2023.2\lib\win64.o\librdi_hip_perf_analysis.dll
0x00007ff9e77c0000 - 0x00007ff9e8903000 	D:\Vivado\2023.2\lib\win64.o\librdi_implflow.dll
0x00007ffa00240000 - 0x00007ffa009ff000 	D:\Vivado\2023.2\lib\win64.o\librdi_filemgmt.dll
0x00007ff9e6910000 - 0x00007ff9e77c0000 	D:\Vivado\2023.2\lib\win64.o\librdi_ippcw.dll
0x00007ff9ff9a0000 - 0x00007ffa0023a000 	D:\Vivado\2023.2\lib\win64.o\librdi_lopt.dll
0x00007ffa1f180000 - 0x00007ffa1f1fd000 	D:\Vivado\2023.2\lib\win64.o\librdi_memoryarray.dll
0x00007ffa00c00000 - 0x00007ffa01256000 	D:\Vivado\2023.2\lib\win64.o\librdi_memdata.dll
0x00007ffa1d230000 - 0x00007ffa1d2a2000 	D:\Vivado\2023.2\lib\win64.o\librdi_noc_frameworks.dll
0x00007ffa37c60000 - 0x00007ffa37cbc000 	D:\Vivado\2023.2\lib\win64.o\librdi_pfi.dll
0x00007ff9fb520000 - 0x00007ff9fbd24000 	D:\Vivado\2023.2\lib\win64.o\librdi_netlist.dll
0x00007ff9fac70000 - 0x00007ff9fb0ee000 	D:\Vivado\2023.2\lib\win64.o\librdi_platform.dll
0x00007ff9f96e0000 - 0x00007ff9f9fd2000 	D:\Vivado\2023.2\lib\win64.o\librdi_power.dll
0x00007ff9e1000000 - 0x00007ff9e3ebc000 	D:\Vivado\2023.2\lib\win64.o\librdi_place.dll
0x00007ff9f22c0000 - 0x00007ff9f2a37000 	D:\Vivado\2023.2\lib\win64.o\librdi_psta.dll
0x00007ff9ee780000 - 0x00007ff9ef00b000 	D:\Vivado\2023.2\lib\win64.o\librdi_project.dll
0x00007ff9e0640000 - 0x00007ff9e0ffa000 	D:\Vivado\2023.2\lib\win64.o\librdi_rsb.dll

dbghelp: loaded successfully - version: 4.0.5 - missing functions: none
symbol engine: initialized successfully - sym options: 0x614 - pdb path: .;D:\Vivado\2023.2\bin\unwrapped\win64.o;C:\WINDOWS\SYSTEM32;D:\Vivado\2023.2\lib\win64.o;C:\WINDOWS\WinSxS\amd64_microsoft.windows.common-controls_6595b64144ccf1df_5.82.26100.1882_none_87f34cef7a28f535;D:\Vivado\2023.2\tps\win64\jre17.0.7_7\bin\server;D:\Vivado\2023.2\tps\win64\jre17.0.7_7\bin;C:\WINDOWS\WinSxS\amd64_microsoft.windows.common-controls_6595b64144ccf1df_6.0.26100.3912_none_3e07963ce335137e

VM Arguments:
jvm_args: -Dsun.java2d.pmoffscreen=false -Dhttps.protocols=TLSv1,TLSv1.1,TLSv1.2 -Dsun.java2d.xrender=false -Dsun.java2d.d3d=false -Dsun.awt.nopixfmt=true -Dsun.java2d.dpiaware=true -Dsun.java2d.uiScale.enabled=false -Dswing.aatext=true -XX:-UsePerfData -Djdk.map.althashing.threshold=512 -XX:StringTableSize=4072 -XX:+UseStringDeduplication -XX:MaxGCPauseMillis=200 -XX:+ParallelRefProcEnabled --add-opens=java.desktop/javax.swing.plaf.synth=ALL-UNNAMED --add-opens=java.base/java.nio=ALL-UNNAMED --add-opens=java.desktop/sun.swing=ALL-UNNAMED --add-opens=java.desktop/javax.swing=ALL-UNNAMED --add-opens=java.desktop/javax.swing.tree=ALL-UNNAMED --add-opens=java.desktop/javax.swing.plaf.basic=ALL-UNNAMED --add-opens=java.desktop/javax.swing.plaf.synth=ALL-UNNAMED --add-opens=java.desktop/javax.swing.plaf.basic=ALL-UNNAMED --add-opens=java.desktop/javax.swing=ALL-UNNAMED --add-opens=java.desktop/javax.swing.tree=ALL-UNNAMED --add-opens=java.desktop/java.awt.event=ALL-UNNAMED --add-exports=java.desktop/javax.swing.plaf.synth=ALL-UNNAMED --add-exports=java.base/java.nio=ALL-UNNAMED --add-exports=java.desktop/sun.swing=ALL-UNNAMED --add-exports=java.desktop/javax.swing=ALL-UNNAMED --add-exports=java.desktop/javax.swing.tree=ALL-UNNAMED --add-exports=java.desktop/javax.swing.plaf.basic=ALL-UNNAMED --add-exports=java.desktop/sun.swing=ALL-UNNAMED --add-exports=java.desktop/sun.swing.table=ALL-UNNAMED --add-exports=java.desktop/sun.swing.plaf.synth=ALL-UNNAMED --add-exports=java.desktop/sun.awt.shell=ALL-UNNAMED --add-exports=java.base/sun.security.action=ALL-UNNAMED --add-exports=java.desktop/sun.font=ALL-UNNAMED -XX:NewSize=80m -XX:MaxNewSize=80m -Xms512m -Xmx4072m -Xss10m 
java_command: <unknown>
java_class_path (initial): D:/Vivado/2023.2\lib\classes\alloy.jar;D:/Vivado/2023.2\lib\classes\asm-9.3.jar;D:/Vivado/2023.2\lib\classes\asm-analysis-9.3.jar;D:/Vivado/2023.2\lib\classes\asm-commons-9.3.jar;D:/Vivado/2023.2\lib\classes\asm-tree-9.3.jar;D:/Vivado/2023.2\lib\classes\autoesl-models.jar;D:/Vivado/2023.2\lib\classes\batik-anim.jar;D:/Vivado/2023.2\lib\classes\batik-awt-util.jar;D:/Vivado/2023.2\lib\classes\batik-bridge.jar;D:/Vivado/2023.2\lib\classes\batik-codec.jar;D:/Vivado/2023.2\lib\classes\batik-constants.jar;D:/Vivado/2023.2\lib\classes\batik-css.jar;D:/Vivado/2023.2\lib\classes\batik-dom.jar;D:/Vivado/2023.2\lib\classes\batik-ext.jar;D:/Vivado/2023.2\lib\classes\batik-gui-util.jar;D:/Vivado/2023.2\lib\classes\batik-gvt.jar;D:/Vivado/2023.2\lib\classes\batik-i18n.jar;D:/Vivado/2023.2\lib\classes\batik-parser.jar;D:/Vivado/2023.2\lib\classes\batik-script.jar;D:/Vivado/2023.2\lib\classes\batik-svg-dom.jar;D:/Vivado/2023.2\lib\classes\batik-svggen.jar;D:/Vivado/2023.2\lib\classes\batik-swing.jar;D:/Vivado/2023.2\lib\classes\batik-transcoder.jar;D:/Vivado/2023.2\lib\classes\batik-util.jar;D:/Vivado/2023.2\lib\classes\batik-xml.jar;D:/Vivado/2023.2\lib\classes\com.fasterxml.jackson.core.jackson-annotations_2.12.1.v20210128-1726.jar;D:/Vivado/2023.2\lib\classes\com.fasterxml.jackson.core.jackson-core_2.12.1.v20210128-1726.jar;D:/Vivado/2023.2\lib\classes\com.fasterxml.jackson.core.jackson-databind_2.12.1.v20210128-1726.jar;D:/Vivado/2023.2\lib\classes\com.google.gson_2.8.9.v20220111-1409.jar;D:/Vivado/2023.2\lib\classes\com.google.guava_30.1.0.v20210127-2300.jar;D:/Vivado/2023.2\lib\classes\com.sigasi.hdt.connection_4.17.2.202304211001.jar;D:/Vivado/2023.2\lib\classes\com.sigasi.hdt.epl_4.17.2.202304211001.jar;D:/Vivado/2023.2\lib\classes\com.sigasi.hdt.project_4.17.2.202304211001.jar;D:/Vivado/2023.2\lib\classes\com.sigasi.hdt.readonlyfilesystem_4.17.2.202304211001.jar;D:/Vivado/2023.2\lib\classes\com.sigasi.hdt.shared_4.17.2.202304211001.jar;D:/Vivad
Launcher Type: generic

[Global flags]
     intx CICompilerCount                          = 4                                         {product} {ergonomic}
     uint ConcGCThreads                            = 2                                         {product} {ergonomic}
     uint G1ConcRefinementThreads                  = 8                                         {product} {ergonomic}
   size_t G1HeapRegionSize                         = 2097152                                   {product} {ergonomic}
    uintx GCDrainStackTargetSize                   = 64                                        {product} {ergonomic}
   size_t InitialHeapSize                          = 536870912                                 {product} {command line}
   size_t MarkStackSize                            = 4194304                                   {product} {ergonomic}
    uintx MaxGCPauseMillis                         = 200                                       {product} {command line}
   size_t MaxHeapSize                              = 4269801472                                {product} {command line}
   size_t MaxNewSize                               = 83886080                                  {product} {command line}
   size_t MinHeapDeltaBytes                        = 2097152                                   {product} {ergonomic}
   size_t MinHeapSize                              = 536870912                                 {product} {command line}
   size_t NewSize                                  = 83886080                                  {product} {command line}
    uintx NonNMethodCodeHeapSize                   = 5839372                                {pd product} {ergonomic}
    uintx NonProfiledCodeHeapSize                  = 122909434                              {pd product} {ergonomic}
     bool ParallelRefProcEnabled                   = true                                      {product} {command line}
    uintx ProfiledCodeHeapSize                     = 122909434                              {pd product} {ergonomic}
    uintx ReservedCodeCacheSize                    = 251658240                              {pd product} {ergonomic}
     bool SegmentedCodeCache                       = true                                      {product} {ergonomic}
   size_t SoftMaxHeapSize                          = 4269801472                             {manageable} {ergonomic}
    uintx StringTableSize                          = 4072                                      {product} {command line}
     intx ThreadStackSize                          = 10240                                  {pd product} {command line}
     bool UseCompressedClassPointers               = true                           {product lp64_product} {ergonomic}
     bool UseCompressedOops                        = true                           {product lp64_product} {ergonomic}
     bool UseG1GC                                  = true                                      {product} {ergonomic}
     bool UseLargePagesIndividualAllocation        = false                                  {pd product} {ergonomic}
     bool UsePerfData                              = false                                     {product} {command line}
     bool UseStringDeduplication                   = true                                      {product} {command line}

Logging:
Log output configuration:
 #0: stdout all=warning uptime,level,tags
 #1: stderr all=off uptime,level,tags

Environment Variables:
JAVA_HOME=C:\Users\debab\AppData\Local\Programs\Eclipse Adoptium\jdk-17.0.11.9-hotspot\
PATH=D:/Vivado/2023.2/bin;D:/Vivado/2023.2/tps/win64/java-cef-95.0.4638.69/bin/lib/win64;D:/Vivado/2023.2/tps/win64/javafx-sdk-17.0.1/lib;D:/Vivado/2023.2/tps/win64/javafx-sdk-17.0.1/bin;D:/Vivado/2023.2/lib/win64.o;D:/Vivado/2023.2/tps/win64/jre17.0.7_7/bin/server;D:/Vivado/2023.2/tps/win64/jre17.0.7_7/bin;D:/Vivado/2023.2/ids_lite/ISE/bin/nt64;D:/Vivado/2023.2/ids_lite/ISE/lib/nt64;D:/Vitis_HLS/2023.2/bin;C:\Program Files (x86)\Common Files\Oracle\Java\java8path;C:\Program Files (x86)\Common Files\Oracle\Java\javapath;C:\Python312\Scripts\;C:\Python312\;C:\oraclexe\app\oracle\product\11.2.0\server\bin;C:\ProgramData\Oracle\Java\javapath;C:\Windows\system32;C:\Windows;C:\Windows\System32\Wbem;C:\Windows\System32\WindowsPowerShell\v1.0\;C:\Windows\System32\OpenSSH\;C:\Program Files (x86)\NVIDIA Corporation\PhysX\Common;C:\Program Files\NVIDIA Corporation\NVIDIA NvDLISR;C:\Program Files\PuTTY\;C:\Program Files\nodejs\;C:\ProgramData\chocolatey\bin;C:\Program Files\dotnet\;C:\Users\debab\AppData\Local\Programs\Eclipse Adoptium\jdk-17.0.11.9-hotspot\bin;C:\Program Files\MySQL\MySQL Shell 8.0\bin\;C:\Users\debab\AppData\Local\Microsoft\WindowsApps;C:\Users\debab\AppData\Local\Programs\Python\Python310;C:\Users\debab\AppData\Local\Programs\Python\Python310\Scripts;C:\Users\debab\AppData\Local\Programs\Microsoft VS Code\bin;C:\Users\debab\AppData\Roaming\npm;;D:/Vivado/2023.2\tps\mingw\6.2.0\win64.o\nt\bin;D:/Vivado/2023.2\tps\mingw\6.2.0\win64.o\nt\libexec\gcc\x86_64-w64-mingw32\6.2.0;D:/Vivado/2023.2\tps\win64\python-3.8.3;D:/Vivado/2023.2\tps\win64\python-3.8.3\bin;D:/Vivado/2023.2\tps\win64\python-3.8.3\lib;D:/Vivado/2023.2\tps\win64\python-3.8.3\lib\site-packages
USERNAME=debab
OS=Windows_NT
PROCESSOR_IDENTIFIER=Intel64 Family 6 Model 165 Stepping 2, GenuineIntel
TMP=C:\Users\debab\AppData\Local\Temp
TEMP=C:\Users\debab\AppData\Local\Temp



---------------  S Y S T E M  ---------------

OS:
 Windows 11 , 64 bit Build 26100 (10.0.26100.3912)
OS uptime: 1 days 14:47 hours
Hyper-V role detected

CPU: total 8 (initial active 8) (4 cores per cpu, 2 threads per core) family 6 model 165 stepping 2 microcode 0xe2, cx8, cmov, fxsr, ht, mmx, 3dnowpref, sse, sse2, sse3, ssse3, sse4.1, sse4.2, popcnt, lzcnt, tsc, tscinvbit, avx, avx2, aes, erms, clmul, bmi1, bmi2, adx, fma, vzeroupper, clflush, clflushopt, hv

Memory: 4k page, system-wide physical 8023M (769M free)
TotalPageFile size 32422M (AvailPageFile size 305M)
current process WorkingSet (physical memory assigned to process): 530M, peak: 950M
current process commit charge ("private bytes"): 2443M, peak: 3467M

vm_info: OpenJDK 64-Bit Server VM (17.0.7+7) for windows-amd64 JRE (17.0.7+7), built on Apr 18 2023 22:10:42 by "temurin" with MS VC++ 16.7 (VS2019)

END.
