#
# A fatal error has been detected by the Java Runtime Environment:
#
#  EXCEPTION_ACCESS_VIOLATION (0xc0000005) at pc=0x00007ff9f859d61f, pid=12704, tid=14552
#
# JRE version: OpenJDK Runtime Environment Temurin-17.0.7+7 (17.0.7+7) (build 17.0.7+7)
# Java VM: OpenJDK 64-Bit Server VM Temurin-17.0.7+7 (17.0.7+7, mixed mode, sharing, tiered, compressed oops, compressed class ptrs, g1 gc, windows-amd64)
# Problematic frame:
# C  0x00007ff9f859d61f
#
# No core dump will be written. Minidumps are not enabled by default on client versions of Windows
#
# If you would like to submit a bug report, please visit:
#   https://github.com/adoptium/adoptium-support/issues
# The crash happened outside the Java Virtual Machine in native code.
# See problematic frame for where to report the bug.
#

---------------  S U M M A R Y ------------

Command Line: -Dsun.java2d.pmoffscreen=false -Dhttps.protocols=TLSv1,TLSv1.1,TLSv1.2 -Dsun.java2d.xrender=false -Dsun.java2d.d3d=false -Dsun.awt.nopixfmt=true -Dsun.java2d.dpiaware=true -Dsun.java2d.uiScale.enabled=false -Dswing.aatext=true -XX:-UsePerfData -Djdk.map.althashing.threshold=512 -XX:StringTableSize=4072 -XX:+UseStringDeduplication -XX:MaxGCPauseMillis=200 -XX:+ParallelRefProcEnabled --add-opens=java.desktop/javax.swing.plaf.synth=ALL-UNNAMED --add-opens=java.base/java.nio=ALL-UNNAMED --add-opens=java.desktop/sun.swing=ALL-UNNAMED --add-opens=java.desktop/javax.swing=ALL-UNNAMED --add-opens=java.desktop/javax.swing.tree=ALL-UNNAMED --add-opens=java.desktop/javax.swing.plaf.basic=ALL-UNNAMED --add-opens=java.desktop/javax.swing.plaf.synth=ALL-UNNAMED --add-opens=java.desktop/javax.swing.plaf.basic=ALL-UNNAMED --add-opens=java.desktop/javax.swing=ALL-UNNAMED --add-opens=java.desktop/javax.swing.tree=ALL-UNNAMED --add-opens=java.desktop/java.awt.event=ALL-UNNAMED --add-exports=java.desktop/javax.swing.plaf.synth=ALL-UNNAMED --add-exports=java.base/java.nio=ALL-UNNAMED --add-exports=java.desktop/sun.swing=ALL-UNNAMED --add-exports=java.desktop/javax.swing=ALL-UNNAMED --add-exports=java.desktop/javax.swing.tree=ALL-UNNAMED --add-exports=java.desktop/javax.swing.plaf.basic=ALL-UNNAMED --add-exports=java.desktop/sun.swing=ALL-UNNAMED --add-exports=java.desktop/sun.swing.table=ALL-UNNAMED --add-exports=java.desktop/sun.swing.plaf.synth=ALL-UNNAMED --add-exports=java.desktop/sun.awt.shell=ALL-UNNAMED --add-exports=java.base/sun.security.action=ALL-UNNAMED --add-exports=java.desktop/sun.font=ALL-UNNAMED -XX:NewSize=80m -XX:MaxNewSize=80m -Xms512m -Xmx4072m -Xss10m 

Host: Intel(R) Core(TM) i5-10300H CPU @ 2.50GHz, 8 cores, 7G,  Windows 11 , 64 bit Build 26100 (10.0.26100.2454)
Time: Mon Jan 27 14:10:36 2025 India Standard Time elapsed time: 1521.489819 seconds (0d 0h 25m 21s)

---------------  T H R E A D  ---------------

Current thread (0x0000021d55d1da20):  JavaThread "AWT-EventQueue-0" [_thread_in_native, id=14552, stack(0x0000005c3fd00000,0x0000005c40700000)]

Stack: [0x0000005c3fd00000,0x0000005c40700000],  sp=0x0000005c406fca58,  free space=10226k
Native frames: (J=compiled Java code, j=interpreted, Vv=VM code, C=native code)
C  0x00007ff9f859d61f

Java frames: (J=compiled Java code, j=interpreted, Vv=VM code)
j  ui.views.waveform.waveformi.WVExecutive_getGraphicsDataSize(J)J+0
j  ui.views.waveform.executive.a.kYk()Ljava/io/ByteArrayInputStream;+10
j  ui.views.waveform.c.a.kXF()V+7
j  ui.views.waveform.c.a.jZx()V+1
j  ui.views.waveform.a.kVY()V+4
j  ui.views.waveform.a.Kp(Z)V+11
j  ui.views.waveform.u.aS(ZZ)V+30
j  ui.views.waveform.d.b.j(Lui/frmwork/a/k;)V+94
j  ui.views.waveform.u.handleTclEvent(Lui/frmwork/a/k;)V+13
J 14232 c1 ui.frmwork.a.m.c(Lui/frmwork/a/k;)V (61 bytes) @ 0x0000021d3669e2c4 [0x0000021d3669d940+0x0000000000000984]
J 14218 c1 ui.frmwork.F.i(JZ)V (471 bytes) @ 0x0000021d3708705c [0x0000021d37083f20+0x000000000000313c]
J 14220 c1 ui.frmwork.F.fireTclEvent(J)I (113 bytes) @ 0x0000021d3748a1fc [0x0000021d37489880+0x000000000000097c]
v  ~StubRoutines::call_stub
j  ui.views.waveform.waveformi.WVExecutive_processModelEvent(JJ)V+0
j  ui.views.waveform.executive.a.fU(J)V+5
j  ui.views.waveform.d.b.fS(J)V+8
j  ui.views.waveform.d.b.j(Lui/frmwork/a/k;)V+127
j  ui.views.waveform.u.handleTclEvent(Lui/frmwork/a/k;)V+13
J 14232 c1 ui.frmwork.a.m.c(Lui/frmwork/a/k;)V (61 bytes) @ 0x0000021d3669e2c4 [0x0000021d3669d940+0x0000000000000984]
J 14218 c1 ui.frmwork.F.i(JZ)V (471 bytes) @ 0x0000021d3708705c [0x0000021d37083f20+0x000000000000313c]
j  ui.frmwork.F.dv(J)V+3
j  ui.frmwork.F$$Lambda$221+0x0000000801717b60.run()V+8
J 14039 c2 java.awt.EventQueue.dispatchEventImpl(Ljava/awt/AWTEvent;Ljava/lang/Object;)V java.desktop@17.0.7 (136 bytes) @ 0x0000021d3e086628 [0x0000021d3e0860e0+0x0000000000000548]
J 14970 c2 java.awt.EventQueue.dispatchEvent(Ljava/awt/AWTEvent;)V java.desktop@17.0.7 (80 bytes) @ 0x0000021d3e2f52a4 [0x0000021d3e2f4c80+0x0000000000000624]
J 16034 c1 ui.frmwork.a.d.dispatchEvent(Ljava/awt/AWTEvent;)V (42 bytes) @ 0x0000021d37063394 [0x0000021d370632e0+0x00000000000000b4]
J 14835 c1 java.awt.EventDispatchThread.pumpOneEventForFilters(I)V java.desktop@17.0.7 (113 bytes) @ 0x0000021d36d489c4 [0x0000021d36d48200+0x00000000000007c4]
j  java.awt.EventDispatchThread.pumpEventsForFilter(ILjava/awt/Conditional;Ljava/awt/EventFilter;)V+35 java.desktop@17.0.7
j  java.awt.EventDispatchThread.pumpEventsForHierarchy(ILjava/awt/Conditional;Ljava/awt/Component;)V+11 java.desktop@17.0.7
j  java.awt.EventDispatchThread.pumpEvents(ILjava/awt/Conditional;)V+4 java.desktop@17.0.7
j  java.awt.EventDispatchThread.pumpEvents(Ljava/awt/Conditional;)V+3 java.desktop@17.0.7
j  java.awt.EventDispatchThread.run()V+9 java.desktop@17.0.7
v  ~StubRoutines::call_stub

siginfo: EXCEPTION_ACCESS_VIOLATION (0xc0000005), reading address 0x0000000000000010


Register to memory mapping:

RIP=0x00007ff9f859d61f points into unknown readable memory: 83
RAX=0x0 is NULL
RBX=0x0000005c406fcc98 is pointing into the stack for thread: 0x0000021d55d1da20
RCX=0x0000021d76e6a650 points into unknown readable memory: 0x0000000000000000 | 00 00 00 00 00 00 00 00
RDX=0x0 is NULL
RSP=0x0000005c406fca58 is pointing into the stack for thread: 0x0000021d55d1da20
RBP=0x0000021d76e6a650 points into unknown readable memory: 0x0000000000000000 | 00 00 00 00 00 00 00 00
RSI=0x0000021d645d70c0 points into unknown readable memory: 0x000000000006886a | 6a 88 06 00 00 00 00 00
RDI=0x0000005c406fcc80 is pointing into the stack for thread: 0x0000021d55d1da20
R8 =0x0000021d238b6540 points into unknown readable memory: 0x0000021d238b0cf0 | f0 0c 8b 23 1d 02 00 00
R9 =0x0000000000000040 is an unknown value
R10=0x0000021d238b0000 points into unknown readable memory: 0x0000000000000000 | 00 00 00 00 00 00 00 00
R11=0x00007ffa71af16d1 VCRUNTIME140.dll
R12=0x0000005c406fcaf8 is pointing into the stack for thread: 0x0000021d55d1da20
R13=0x0000005c406fcd00 is pointing into the stack for thread: 0x0000021d55d1da20
R14=0x0 is NULL
R15=0x0000021d74b65588 points into unknown readable memory: 0x0000021d7733f7d0 | d0 f7 33 77 1d 02 00 00


Registers:
RAX=0x0000000000000000, RBX=0x0000005c406fcc98, RCX=0x0000021d76e6a650, RDX=0x0000000000000000
RSP=0x0000005c406fca58, RBP=0x0000021d76e6a650, RSI=0x0000021d645d70c0, RDI=0x0000005c406fcc80
R8 =0x0000021d238b6540, R9 =0x0000000000000040, R10=0x0000021d238b0000, R11=0x00007ffa71af16d1
R12=0x0000005c406fcaf8, R13=0x0000005c406fcd00, R14=0x0000000000000000, R15=0x0000021d74b65588
RIP=0x00007ff9f859d61f, EFLAGS=0x0000000000010246

Top of Stack: (sp=0x0000005c406fca58)
0x0000005c406fca58:   00007ff9f857d981 0000005c406fcc98
0x0000005c406fca68:   0000005c406fcb10 0000021d645d70c0
0x0000005c406fca78:   0000005c406fcd60 0000000000000057
0x0000005c406fca88:   0000005c406fcd60 0000005c406fcd20
0x0000005c406fca98:   0000000000068868 0000000000000007
0x0000005c406fcaa8:   00007ffa015fbf7a 0000005c406fcb10
0x0000005c406fcab8:   0000021d76e6a650 0000021d706c20b0
0x0000005c406fcac8:   000000000006886a 000000000006886e
0x0000005c406fcad8:   0000000000000007 fffffffffffffffe
0x0000005c406fcae8:   0000000000068868 0000c21700000008
0x0000005c406fcaf8:   0000021d645d70c0 0000021d645d70e0
0x0000005c406fcb08:   0000021d645d70e0 0000021d74b65570
0x0000005c406fcb18:   0000005c406fce38 0000005c406fcd60
0x0000005c406fcb28:   0000005c406fcd20 0000000000002000
0x0000005c406fcb38:   00007ffa015fbd50 0000021d00800000
0x0000005c406fcb48:   0000000000001fa8 0000000000000002 

Instructions: (pc=0x00007ff9f859d61f)
0x00007ff9f859d51f:   c8 e9 6b ff ff ff cc cc cc cc cc cc cc cc cc cc
0x00007ff9f859d52f:   cc 48 89 5c 24 10 56 48 8b 99 f8 00 00 00 33 f6
0x00007ff9f859d53f:   89 b1 f0 00 00 00 48 85 db 74 78 44 8b 43 10 8b
0x00007ff9f859d54f:   c6 41 83 e8 01 48 89 7c 24 10 44 8b ce 40 0f b6
0x00007ff9f859d55f:   fe 78 34 4c 8b 59 20 66 66 0f 1f 84 00 00 00 00
0x00007ff9f859d56f:   00 43 8d 04 08 99 2b c2 d1 f8 4c 3b 5c c3 18 7e
0x00007ff9f859d57f:   06 44 8d 48 01 eb 06 7d 0b 44 8d 40 ff 45 3b c8
0x00007ff9f859d58f:   7e df eb 03 40 b7 01 40 84 ff 48 8b 7c 24 10 74
0x00007ff9f859d59f:   0d 89 81 f0 00 00 00 48 8b 5c 24 18 5e c3 45 3b
0x00007ff9f859d5af:   c8 45 0f 4c c1 45 85 c0 44 0f 48 c6 44 89 81 f0
0x00007ff9f859d5bf:   00 00 00 48 8b 5c 24 18 5e c3 cc cc cc cc cc cc
0x00007ff9f859d5cf:   cc 83 79 38 ff 0f 95 c0 c3 cc cc cc cc cc cc cc
0x00007ff9f859d5df:   cc 8b 51 5c 85 d2 74 43 83 ea 01 74 3b 83 ea 01
0x00007ff9f859d5ef:   74 2a 83 fa 01 75 34 48 8b 49 68 80 b9 49 48 00
0x00007ff9f859d5ff:   00 00 74 06 83 79 30 00 75 1e 48 8b 81 68 48 00
0x00007ff9f859d60f:   00 48 39 81 60 48 00 00 0f 94 c0 c3 48 8b 41 60
0x00007ff9f859d61f:   83 78 10 00 0f 94 c0 c3 32 c0 c3 b0 01 c3 cc cc
0x00007ff9f859d62f:   cc 40 53 48 83 ec 20 48 8b d9 e8 42 fd ff ff 48
0x00007ff9f859d63f:   8b 43 40 48 39 43 38 74 2c 48 8b c8 48 8b 43 30
0x00007ff9f859d64f:   48 85 c0 7e 0e 48 8b 51 d8 48 85 d2 7e 05 48 3b
0x00007ff9f859d65f:   c2 7d 2e 8b 41 f8 3b 41 e8 74 0a 48 8b 94 c1 d8
0x00007ff9f859d66f:   bf ff ff eb 02 33 d2 48 8b 4b 08 4c 8d 43 50 41
0x00007ff9f859d67f:   b9 20 48 00 00 48 8b 01 48 83 c4 20 5b 48 ff 60
0x00007ff9f859d68f:   10 48 83 c4 20 5b c3 cc cc cc cc cc cc cc cc cc
0x00007ff9f859d69f:   cc 40 57 48 83 ec 20 80 79 59 00 48 8b f9 0f 85
0x00007ff9f859d6af:   86 01 00 00 8b 81 f0 00 00 00 ff c0 89 81 f0 00
0x00007ff9f859d6bf:   00 00 48 8b 89 f8 00 00 00 48 85 c9 74 0d 84 d2
0x00007ff9f859d6cf:   75 09 3b 41 10 0f 82 5f 01 00 00 48 89 5c 24 30
0x00007ff9f859d6df:   48 89 74 24 38 48 8d b7 00 01 00 00 48 8b ce c6
0x00007ff9f859d6ef:   47 59 01 48 c7 87 f8 00 00 00 00 00 00 00 c7 87
0x00007ff9f859d6ff:   f0 00 00 00 00 00 00 00 e8 74 fc ff ff 48 8b 46
0x00007ff9f859d70f:   40 48 39 46 38 74 46 48 8b c8 0f 1f 80 00 00 00 


Stack slot to memory mapping:
stack at sp + 0 slots: 0x00007ff9f857d981 points into unknown readable memory: 84 c0 0f 84 85 00 00
stack at sp + 1 slots: 0x0000005c406fcc98 is pointing into the stack for thread: 0x0000021d55d1da20
stack at sp + 2 slots: 0x0000005c406fcb10 is pointing into the stack for thread: 0x0000021d55d1da20
stack at sp + 3 slots: 0x0000021d645d70c0 points into unknown readable memory: 0x000000000006886a | 6a 88 06 00 00 00 00 00
stack at sp + 4 slots: 0x0000005c406fcd60 is pointing into the stack for thread: 0x0000021d55d1da20
stack at sp + 5 slots: 0x0000000000000057 is an unknown value
stack at sp + 6 slots: 0x0000005c406fcd60 is pointing into the stack for thread: 0x0000021d55d1da20
stack at sp + 7 slots: 0x0000005c406fcd20 is pointing into the stack for thread: 0x0000021d55d1da20


---------------  P R O C E S S  ---------------

Threads class SMR info:
_java_thread_list=0x0000021d7894ba60, length=43, elements={
0x0000021d2d97eb30, 0x0000021d2e07d010, 0x0000021d2e07f8e0, 0x0000021d2e088ef0,
0x0000021d2e0897b0, 0x0000021d2e08a480, 0x0000021d2e08b950, 0x0000021d2e0a2040,
0x0000021d2e0c4010, 0x0000021d2e0c7930, 0x0000021d2e259010, 0x0000021d2e25d4f0,
0x0000021d556bbfb0, 0x0000021d55ec3b00, 0x0000021d56c8cb70, 0x0000021d55d1b500,
0x0000021d55d1da20, 0x0000021d575c2ff0, 0x0000021d575c5670, 0x0000021d575c34c0,
0x0000021d575c3990, 0x0000021d604c1ef0, 0x0000021d604c3230, 0x0000021d60c77090,
0x0000021d60c77560, 0x0000021d60c79710, 0x0000021d620743d0, 0x0000021d606f9420,
0x0000021d606fbaa0, 0x0000021d606fa760, 0x0000021d606fc440, 0x0000021d606f98f0,
0x0000021d606fe5f0, 0x0000021d606fac30, 0x0000021d606feac0, 0x0000021d606fd780,
0x0000021d607002d0, 0x0000021d606fdc50, 0x0000021d606fef90, 0x0000021d606fe120,
0x0000021d606ff460, 0x0000021d606ff930, 0x0000021d607037c0
}

Java Threads: ( => current thread )
  0x0000021d2d97eb30 JavaThread "main" [_thread_blocked, id=12572, stack(0x0000005c37900000,0x0000005c37a00000)]
  0x0000021d2e07d010 JavaThread "Reference Handler" daemon [_thread_blocked, id=12612, stack(0x0000005c38100000,0x0000005c38b00000)]
  0x0000021d2e07f8e0 JavaThread "Finalizer" daemon [_thread_blocked, id=9800, stack(0x0000005c38b00000,0x0000005c39500000)]
  0x0000021d2e088ef0 JavaThread "Signal Dispatcher" daemon [_thread_blocked, id=10456, stack(0x0000005c39500000,0x0000005c39f00000)]
  0x0000021d2e0897b0 JavaThread "Attach Listener" daemon [_thread_blocked, id=14252, stack(0x0000005c39f00000,0x0000005c3a900000)]
  0x0000021d2e08a480 JavaThread "Service Thread" daemon [_thread_blocked, id=5516, stack(0x0000005c3a900000,0x0000005c3b300000)]
  0x0000021d2e08b950 JavaThread "Monitor Deflation Thread" daemon [_thread_blocked, id=13656, stack(0x0000005c3b300000,0x0000005c3bd00000)]
  0x0000021d2e0a2040 JavaThread "C2 CompilerThread0" daemon [_thread_blocked, id=13660, stack(0x0000005c3bd00000,0x0000005c3be00000)]
  0x0000021d2e0c4010 JavaThread "C1 CompilerThread0" daemon [_thread_blocked, id=14012, stack(0x0000005c3be00000,0x0000005c3bf00000)]
  0x0000021d2e0c7930 JavaThread "Sweeper thread" daemon [_thread_blocked, id=13664, stack(0x0000005c3bf00000,0x0000005c3c900000)]
  0x0000021d2e259010 JavaThread "Common-Cleaner" daemon [_thread_blocked, id=14280, stack(0x0000005c3c900000,0x0000005c3d300000)]
  0x0000021d2e25d4f0 JavaThread "Notification Thread" daemon [_thread_blocked, id=12948, stack(0x0000005c3d300000,0x0000005c3dd00000)]
  0x0000021d556bbfb0 JavaThread "Java2D Disposer" daemon [_thread_blocked, id=5424, stack(0x0000005c3de00000,0x0000005c3e800000)]
  0x0000021d55ec3b00 JavaThread "AWT-Windows" daemon [_thread_in_native, id=14264, stack(0x0000005c3f200000,0x0000005c3fc00000)]
  0x0000021d56c8cb70 JavaThread "AWT-Shutdown" [_thread_blocked, id=13860, stack(0x0000005c40900000,0x0000005c41300000)]
  0x0000021d55d1b500 JavaThread "TimerQueue" daemon [_thread_blocked, id=9544, stack(0x0000005c3e800000,0x0000005c3f200000)]
=>0x0000021d55d1da20 JavaThread "AWT-EventQueue-0" [_thread_in_native, id=14552, stack(0x0000005c3fd00000,0x0000005c40700000)]
  0x0000021d575c2ff0 JavaThread "Thread-1" [_thread_in_native, id=1660, stack(0x0000005c35f00000,0x0000005c37300000)]
  0x0000021d575c5670 JavaThread "Process Messages Thread" [_thread_blocked, id=14540, stack(0x0000005c42600000,0x0000005c43000000)]
  0x0000021d575c34c0 JavaThread "Batik CleanerThread" daemon [_thread_blocked, id=15980, stack(0x0000005c43000000,0x0000005c43a00000)]
  0x0000021d575c3990 JavaThread "SyntheticaCleanerThread" daemon [_thread_blocked, id=4444, stack(0x0000005c44500000,0x0000005c44f00000)]
  0x0000021d604c1ef0 JavaThread "Timer-0" [_thread_blocked, id=15740, stack(0x0000005c46300000,0x0000005c46d00000)]
  0x0000021d604c3230 JavaThread "Monitor File Timestamp Swing Worker Thread" [_thread_blocked, id=16120, stack(0x0000005c46d00000,0x0000005c47700000)]
  0x0000021d60c77090 JavaThread "Monitor HEventQueue Thread" [_thread_blocked, id=13216, stack(0x0000005c43a00000,0x0000005c44400000)]
  0x0000021d60c77560 JavaThread "SyntheticaAnimation 50" daemon [_thread_blocked, id=8292, stack(0x0000005c47700000,0x0000005c48100000)]
  0x0000021d60c79710 JavaThread "SyntheticaAnimation 25" daemon [_thread_blocked, id=1600, stack(0x0000005c48100000,0x0000005c48b00000)]
  0x0000021d620743d0 JavaThread "SyntheticaAnimation 70" daemon [_thread_blocked, id=3468, stack(0x0000005c48b00000,0x0000005c49500000)]
  0x0000021d606f9420 JavaThread "Refresh Filesets Swing Worker Thread" [_thread_blocked, id=17136, stack(0x0000005c45900000,0x0000005c46300000)]
  0x0000021d606fbaa0 JavaThread "hw_ila_monitor" [_thread_blocked, id=16784, stack(0x0000005c49500000,0x0000005c49f00000)]
  0x0000021d606fa760 JavaThread "pool-1-thread-1" [_thread_blocked, id=7464, stack(0x0000005c4b300000,0x0000005c4bd00000)]
  0x0000021d606fc440 JavaThread "Timer-1" [_thread_blocked, id=4992, stack(0x0000005c4bd00000,0x0000005c4c700000)]
  0x0000021d606f98f0 JavaThread "pool-2-thread-1" [_thread_blocked, id=11432, stack(0x0000005c4c700000,0x0000005c4d100000)]
  0x0000021d606fe5f0 JavaThread "Timer-2" [_thread_blocked, id=15592, stack(0x0000005c4d100000,0x0000005c4db00000)]
  0x0000021d606fac30 JavaThread "pool-3-thread-1" [_thread_blocked, id=5408, stack(0x0000005c4db00000,0x0000005c4e500000)]
  0x0000021d606feac0 JavaThread "Timer-3" [_thread_blocked, id=16320, stack(0x0000005c4e500000,0x0000005c4ef00000)]
  0x0000021d606fd780 JavaThread "Update Runs Swing Worker Thread" [_thread_blocked, id=15744, stack(0x0000005c4ef00000,0x0000005c4f900000)]
  0x0000021d607002d0 JavaThread "SyntheticaAnimation 50" daemon [_thread_blocked, id=13008, stack(0x0000005c44f00000,0x0000005c45900000)]
  0x0000021d606fdc50 JavaThread "Image Animator 3" daemon [_thread_blocked, id=1340, stack(0x0000005c49f00000,0x0000005c4a900000)]
  0x0000021d606fef90 JavaThread "Timer-4" [_thread_blocked, id=13968, stack(0x0000005c4a900000,0x0000005c4b300000)]
  0x0000021d606fe120 JavaThread "Monitor File Timestamp Swing Worker Thread" [_thread_blocked, id=10608, stack(0x0000005c4f900000,0x0000005c50300000)]
  0x0000021d606ff460 JavaThread "Timer-5" [_thread_blocked, id=10644, stack(0x0000005c50300000,0x0000005c50d00000)]
  0x0000021d606ff930 JavaThread "Monitor File Timestamp Swing Worker Thread" [_thread_blocked, id=13692, stack(0x0000005c50d00000,0x0000005c51700000)]
  0x0000021d607037c0 JavaThread "Run Simulation Thread" [_thread_blocked, id=12100, stack(0x0000005c51700000,0x0000005c52100000)]

Other Threads:
  0x0000021d2ca60600 VMThread "VM Thread" [stack: 0x0000005c38000000,0x0000005c38100000] [id=13184]
  0x0000021d2b202300 WatcherThread [stack: 0x0000005c3dd00000,0x0000005c3de00000] [id=12732]
  0x0000021d2ca35190 GCTaskThread "GC Thread#0" [stack: 0x0000005c37a00000,0x0000005c37b00000] [id=14184]
  0x0000021d2ca34ee0 GCTaskThread "GC Thread#1" [stack: 0x0000005c40700000,0x0000005c40800000] [id=14648]
  0x0000021d2ca34170 GCTaskThread "GC Thread#2" [stack: 0x0000005c40800000,0x0000005c40900000] [id=14652]
  0x0000021d2ca35440 GCTaskThread "GC Thread#3" [stack: 0x0000005c41300000,0x0000005c41400000] [id=14656]
  0x0000021d2ca33960 GCTaskThread "GC Thread#4" [stack: 0x0000005c41400000,0x0000005c41500000] [id=14660]
  0x0000021d2ca33c10 GCTaskThread "GC Thread#5" [stack: 0x0000005c41500000,0x0000005c41600000] [id=14664]
  0x0000021d2ca361b0 GCTaskThread "GC Thread#6" [stack: 0x0000005c41600000,0x0000005c41700000] [id=14668]
  0x0000021d2ca33ec0 GCTaskThread "GC Thread#7" [stack: 0x0000005c41700000,0x0000005c41800000] [id=14672]
  0x0000021d2de2d5d0 ConcurrentGCThread "G1 Main Marker" [stack: 0x0000005c37b00000,0x0000005c37c00000] [id=14188]
  0x0000021d2ca36c70 ConcurrentGCThread "G1 Conc#0" [stack: 0x0000005c37c00000,0x0000005c37d00000] [id=12400]
  0x0000021d2ca36f20 ConcurrentGCThread "G1 Conc#1" [stack: 0x0000005c42300000,0x0000005c42400000] [id=15976]
  0x0000021d2ce88c60 ConcurrentGCThread "G1 Refine#0" [stack: 0x0000005c37d00000,0x0000005c37e00000] [id=1192]
  0x0000021d2ce8a080 ConcurrentGCThread "G1 Refine#1" [stack: 0x0000005c41800000,0x0000005c41900000] [id=14696]
  0x0000021d272c5f80 ConcurrentGCThread "G1 Service" [stack: 0x0000005c37e00000,0x0000005c37f00000] [id=10020]
  0x0000021d2ca346d0 ConcurrentGCThread "StringDedupProcessor" [stack: 0x0000005c37f00000,0x0000005c38000000] [id=9948]

Threads with active compile tasks:

VM state: not at safepoint (normal execution)

VM Mutex/Monitor currently owned by a thread: None

Heap address: 0x0000000701800000, size: 4072 MB, Compressed Oops mode: Zero based, Oop shift amount: 3

CDS archive(s) mapped at: [0x0000000800000000-0x0000000800bc0000-0x0000000800bc0000), size 12320768, SharedBaseAddress: 0x0000000800000000, ArchiveRelocationMode: 0.
Compressed class space mapped at: 0x0000000801000000-0x0000000841000000, reserved size: 1073741824
Narrow klass base: 0x0000000800000000, Narrow klass shift: 0, Narrow klass range: 0x100000000

GC Precious Log:
 CPUs: 8 total, 8 available
 Memory: 8023M
 Large Page Support: Disabled
 NUMA Support: Disabled
 Compressed Oops: Enabled (Zero based)
 Heap Region Size: 2M
 Heap Min Capacity: 512M
 Heap Initial Capacity: 512M
 Heap Max Capacity: 4072M
 Pre-touch: Disabled
 Parallel Workers: 8
 Concurrent Workers: 2
 Concurrent Refinement Workers: 8
 Periodic GC: Disabled
 String Deduplication is enabled

Heap:
 garbage-first heap   total 524288K, used 99876K [0x0000000701800000, 0x0000000800000000)
  region size 2048K, 9 young (18432K), 0 survivors (0K)
 Metaspace       used 81689K, committed 82368K, reserved 1179648K
  class space    used 11527K, committed 11840K, reserved 1048576K

Heap Regions: E=young(eden), S=young(survivor), O=old, HS=humongous(starts), HC=humongous(continues), CS=collection set, F=free, OA=open archive, CA=closed archive, TAMS=top-at-mark-start (previous, next)
|   0|0x0000000701800000, 0x0000000701a00000, 0x0000000701a00000|100%|HS|  |TAMS 0x0000000701a00000, 0x0000000701800000| Untracked 
|   1|0x0000000701a00000, 0x0000000701c00000, 0x0000000701c00000|100%| O|  |TAMS 0x0000000701c00000, 0x0000000701a00000| Untracked 
|   2|0x0000000701c00000, 0x0000000701e00000, 0x0000000701e00000|100%| O|  |TAMS 0x0000000701e00000, 0x0000000701c00000| Untracked 
|   3|0x0000000701e00000, 0x0000000701ffff60, 0x0000000702000000| 99%| O|  |TAMS 0x0000000701e00000, 0x0000000701e00000| Untracked 
|   4|0x0000000702000000, 0x00000007021ffff0, 0x0000000702200000| 99%| O|  |TAMS 0x00000007021ffff0, 0x0000000702000000| Untracked 
|   5|0x0000000702200000, 0x00000007023fffe8, 0x0000000702400000| 99%| O|  |TAMS 0x00000007023fffe8, 0x0000000702200000| Untracked 
|   6|0x0000000702400000, 0x00000007025fe590, 0x0000000702600000| 99%| O|  |TAMS 0x00000007025fe590, 0x0000000702400000| Untracked 
|   7|0x0000000702600000, 0x0000000702800000, 0x0000000702800000|100%| O|  |TAMS 0x0000000702800000, 0x0000000702600000| Untracked 
|   8|0x0000000702800000, 0x0000000702a00000, 0x0000000702a00000|100%| O|  |TAMS 0x0000000702a00000, 0x0000000702800000| Untracked 
|   9|0x0000000702a00000, 0x0000000702bfffb8, 0x0000000702c00000| 99%| O|  |TAMS 0x0000000702bfffb8, 0x0000000702a00000| Untracked 
|  10|0x0000000702c00000, 0x0000000702dffff0, 0x0000000702e00000| 99%| O|  |TAMS 0x0000000702dffff0, 0x0000000702c00000| Untracked 
|  11|0x0000000702e00000, 0x0000000703000000, 0x0000000703000000|100%| O|  |TAMS 0x0000000703000000, 0x0000000702e00000| Untracked 
|  12|0x0000000703000000, 0x00000007031ffff0, 0x0000000703200000| 99%| O|  |TAMS 0x00000007031ffff0, 0x0000000703000000| Untracked 
|  13|0x0000000703200000, 0x00000007033ffff8, 0x0000000703400000| 99%| O|  |TAMS 0x00000007033ffff8, 0x0000000703200000| Untracked 
|  14|0x0000000703400000, 0x00000007035ffff0, 0x0000000703600000| 99%| O|  |TAMS 0x00000007035ffff0, 0x0000000703400000| Untracked 
|  15|0x0000000703600000, 0x0000000703800000, 0x0000000703800000|100%|HS|  |TAMS 0x0000000703800000, 0x0000000703600000| Untracked 
|  16|0x0000000703800000, 0x0000000703a00000, 0x0000000703a00000|100%|HC|  |TAMS 0x0000000703a00000, 0x0000000703800000| Untracked 
|  17|0x0000000703a00000, 0x0000000703c00000, 0x0000000703c00000|100%|HC|  |TAMS 0x0000000703c00000, 0x0000000703a00000| Untracked 
|  18|0x0000000703c00000, 0x0000000703e00000, 0x0000000703e00000|100%|HC|  |TAMS 0x0000000703e00000, 0x0000000703c00000| Untracked 
|  19|0x0000000703e00000, 0x0000000704000000, 0x0000000704000000|100%|HC|  |TAMS 0x0000000704000000, 0x0000000703e00000| Untracked 
|  20|0x0000000704000000, 0x0000000704200000, 0x0000000704200000|100%|HC|  |TAMS 0x0000000704200000, 0x0000000704000000| Untracked 
|  21|0x0000000704200000, 0x00000007043ff318, 0x0000000704400000| 99%| O|  |TAMS 0x00000007043ff318, 0x0000000704200000| Untracked 
|  22|0x0000000704400000, 0x00000007045e3ea0, 0x0000000704600000| 94%| O|  |TAMS 0x0000000704400000, 0x0000000704400000| Untracked 
|  23|0x0000000704600000, 0x00000007047ffec8, 0x0000000704800000| 99%| O|  |TAMS 0x00000007047ffec8, 0x0000000704600000| Untracked 
|  24|0x0000000704800000, 0x00000007049fff48, 0x0000000704a00000| 99%| O|  |TAMS 0x00000007049fff48, 0x0000000704800000| Untracked 
|  25|0x0000000704a00000, 0x0000000704bffff8, 0x0000000704c00000| 99%| O|  |TAMS 0x0000000704bffff8, 0x0000000704a00000| Untracked 
|  26|0x0000000704c00000, 0x0000000704e00000, 0x0000000704e00000|100%|HS|  |TAMS 0x0000000704e00000, 0x0000000704c00000| Untracked 
|  27|0x0000000704e00000, 0x0000000705000000, 0x0000000705000000|100%|HC|  |TAMS 0x0000000705000000, 0x0000000704e00000| Untracked 
|  28|0x0000000705000000, 0x0000000705200000, 0x0000000705200000|100%|HC|  |TAMS 0x0000000705200000, 0x0000000705000000| Untracked 
|  29|0x0000000705200000, 0x0000000705400000, 0x0000000705400000|100%|HC|  |TAMS 0x0000000705400000, 0x0000000705200000| Untracked 
|  30|0x0000000705400000, 0x00000007055fff70, 0x0000000705600000| 99%| O|  |TAMS 0x00000007055fff70, 0x0000000705400000| Untracked 
|  31|0x0000000705600000, 0x00000007057ffff0, 0x0000000705800000| 99%| O|  |TAMS 0x00000007057ffff0, 0x0000000705600000| Untracked 
|  32|0x0000000705800000, 0x00000007059fffe0, 0x0000000705a00000| 99%| O|  |TAMS 0x00000007059fffe0, 0x0000000705800000| Untracked 
|  33|0x0000000705a00000, 0x0000000705bb6e70, 0x0000000705c00000| 85%| O|  |TAMS 0x0000000705a00000, 0x0000000705a00000| Untracked 
|  34|0x0000000705c00000, 0x0000000705dc6dd8, 0x0000000705e00000| 88%| O|  |TAMS 0x0000000705c00000, 0x0000000705c00000| Untracked 
|  35|0x0000000705e00000, 0x0000000705fadbb0, 0x0000000706000000| 83%| O|  |TAMS 0x0000000705e00000, 0x0000000705e00000| Untracked 
|  36|0x0000000706000000, 0x00000007061ca350, 0x0000000706200000| 89%| O|  |TAMS 0x0000000706000000, 0x0000000706000000| Untracked 
|  37|0x0000000706200000, 0x0000000706400000, 0x0000000706400000|100%| O|  |TAMS 0x0000000706400000, 0x0000000706200000| Untracked 
|  38|0x0000000706400000, 0x0000000706565e38, 0x0000000706600000| 69%| O|  |TAMS 0x0000000706400000, 0x0000000706400000| Untracked 
|  39|0x0000000706600000, 0x0000000706796ee8, 0x0000000706800000| 79%| O|  |TAMS 0x0000000706600000, 0x0000000706600000| Untracked 
|  40|0x0000000706800000, 0x0000000706800000, 0x0000000706a00000|  0%| F|  |TAMS 0x0000000706800000, 0x0000000706800000| Untracked 
|  41|0x0000000706a00000, 0x0000000706a00000, 0x0000000706c00000|  0%| F|  |TAMS 0x0000000706a00000, 0x0000000706a00000| Untracked 
|  42|0x0000000706c00000, 0x0000000706c00000, 0x0000000706e00000|  0%| F|  |TAMS 0x0000000706c00000, 0x0000000706c00000| Untracked 
|  43|0x0000000706e00000, 0x0000000706e00000, 0x0000000707000000|  0%| F|  |TAMS 0x0000000706e00000, 0x0000000706e00000| Untracked 
|  44|0x0000000707000000, 0x0000000707000000, 0x0000000707200000|  0%| F|  |TAMS 0x0000000707000000, 0x0000000707000000| Untracked 
|  45|0x0000000707200000, 0x0000000707200000, 0x0000000707400000|  0%| F|  |TAMS 0x0000000707200000, 0x0000000707200000| Untracked 
|  46|0x0000000707400000, 0x0000000707400000, 0x0000000707600000|  0%| F|  |TAMS 0x0000000707400000, 0x0000000707400000| Untracked 
|  47|0x0000000707600000, 0x0000000707600000, 0x0000000707800000|  0%| F|  |TAMS 0x0000000707600000, 0x0000000707600000| Untracked 
|  48|0x0000000707800000, 0x0000000707800000, 0x0000000707a00000|  0%| F|  |TAMS 0x0000000707800000, 0x0000000707800000| Untracked 
|  49|0x0000000707a00000, 0x0000000707a00000, 0x0000000707c00000|  0%| F|  |TAMS 0x0000000707a00000, 0x0000000707a00000| Untracked 
|  50|0x0000000707c00000, 0x0000000707c00000, 0x0000000707e00000|  0%| F|  |TAMS 0x0000000707c00000, 0x0000000707c00000| Untracked 
|  51|0x0000000707e00000, 0x0000000707e00000, 0x0000000708000000|  0%| F|  |TAMS 0x0000000707e00000, 0x0000000707e00000| Untracked 
|  52|0x0000000708000000, 0x0000000708000000, 0x0000000708200000|  0%| F|  |TAMS 0x0000000708000000, 0x0000000708000000| Untracked 
|  53|0x0000000708200000, 0x0000000708200000, 0x0000000708400000|  0%| F|  |TAMS 0x0000000708200000, 0x0000000708200000| Untracked 
|  54|0x0000000708400000, 0x0000000708400000, 0x0000000708600000|  0%| F|  |TAMS 0x0000000708400000, 0x0000000708400000| Untracked 
|  55|0x0000000708600000, 0x0000000708600000, 0x0000000708800000|  0%| F|  |TAMS 0x0000000708600000, 0x0000000708600000| Untracked 
|  56|0x0000000708800000, 0x0000000708800000, 0x0000000708a00000|  0%| F|  |TAMS 0x0000000708800000, 0x0000000708800000| Untracked 
|  57|0x0000000708a00000, 0x0000000708a00000, 0x0000000708c00000|  0%| F|  |TAMS 0x0000000708a00000, 0x0000000708a00000| Untracked 
|  58|0x0000000708c00000, 0x0000000708c00000, 0x0000000708e00000|  0%| F|  |TAMS 0x0000000708c00000, 0x0000000708c00000| Untracked 
|  59|0x0000000708e00000, 0x0000000708e00000, 0x0000000709000000|  0%| F|  |TAMS 0x0000000708e00000, 0x0000000708e00000| Untracked 
|  60|0x0000000709000000, 0x0000000709000000, 0x0000000709200000|  0%| F|  |TAMS 0x0000000709000000, 0x0000000709000000| Untracked 
|  61|0x0000000709200000, 0x0000000709200000, 0x0000000709400000|  0%| F|  |TAMS 0x0000000709200000, 0x0000000709200000| Untracked 
|  62|0x0000000709400000, 0x0000000709400000, 0x0000000709600000|  0%| F|  |TAMS 0x0000000709400000, 0x0000000709400000| Untracked 
|  63|0x0000000709600000, 0x0000000709600000, 0x0000000709800000|  0%| F|  |TAMS 0x0000000709600000, 0x0000000709600000| Untracked 
|  64|0x0000000709800000, 0x0000000709800000, 0x0000000709a00000|  0%| F|  |TAMS 0x0000000709800000, 0x0000000709800000| Untracked 
|  65|0x0000000709a00000, 0x0000000709a00000, 0x0000000709c00000|  0%| F|  |TAMS 0x0000000709a00000, 0x0000000709a00000| Untracked 
|  66|0x0000000709c00000, 0x0000000709c00000, 0x0000000709e00000|  0%| F|  |TAMS 0x0000000709c00000, 0x0000000709c00000| Untracked 
|  67|0x0000000709e00000, 0x0000000709e00000, 0x000000070a000000|  0%| F|  |TAMS 0x0000000709e00000, 0x0000000709e00000| Untracked 
|  68|0x000000070a000000, 0x000000070a000000, 0x000000070a200000|  0%| F|  |TAMS 0x000000070a000000, 0x000000070a000000| Untracked 
|  69|0x000000070a200000, 0x000000070a200000, 0x000000070a400000|  0%| F|  |TAMS 0x000000070a200000, 0x000000070a200000| Untracked 
|  70|0x000000070a400000, 0x000000070a400000, 0x000000070a600000|  0%| F|  |TAMS 0x000000070a400000, 0x000000070a400000| Untracked 
|  71|0x000000070a600000, 0x000000070a600000, 0x000000070a800000|  0%| F|  |TAMS 0x000000070a600000, 0x000000070a600000| Untracked 
|  72|0x000000070a800000, 0x000000070a800000, 0x000000070aa00000|  0%| F|  |TAMS 0x000000070a800000, 0x000000070a800000| Untracked 
|  73|0x000000070aa00000, 0x000000070aa00000, 0x000000070ac00000|  0%| F|  |TAMS 0x000000070aa00000, 0x000000070aa00000| Untracked 
|  74|0x000000070ac00000, 0x000000070ac00000, 0x000000070ae00000|  0%| F|  |TAMS 0x000000070ac00000, 0x000000070ac00000| Untracked 
|  75|0x000000070ae00000, 0x000000070ae00000, 0x000000070b000000|  0%| F|  |TAMS 0x000000070ae00000, 0x000000070ae00000| Untracked 
|  76|0x000000070b000000, 0x000000070b000000, 0x000000070b200000|  0%| F|  |TAMS 0x000000070b000000, 0x000000070b000000| Untracked 
|  77|0x000000070b200000, 0x000000070b200000, 0x000000070b400000|  0%| F|  |TAMS 0x000000070b200000, 0x000000070b200000| Untracked 
|  78|0x000000070b400000, 0x000000070b400000, 0x000000070b600000|  0%| F|  |TAMS 0x000000070b400000, 0x000000070b400000| Untracked 
|  79|0x000000070b600000, 0x000000070b600000, 0x000000070b800000|  0%| F|  |TAMS 0x000000070b600000, 0x000000070b600000| Untracked 
|  80|0x000000070b800000, 0x000000070b800000, 0x000000070ba00000|  0%| F|  |TAMS 0x000000070b800000, 0x000000070b800000| Untracked 
|  81|0x000000070ba00000, 0x000000070ba00000, 0x000000070bc00000|  0%| F|  |TAMS 0x000000070ba00000, 0x000000070ba00000| Untracked 
|  82|0x000000070bc00000, 0x000000070bc00000, 0x000000070be00000|  0%| F|  |TAMS 0x000000070bc00000, 0x000000070bc00000| Untracked 
|  83|0x000000070be00000, 0x000000070be00000, 0x000000070c000000|  0%| F|  |TAMS 0x000000070be00000, 0x000000070be00000| Untracked 
|  84|0x000000070c000000, 0x000000070c000000, 0x000000070c200000|  0%| F|  |TAMS 0x000000070c000000, 0x000000070c000000| Untracked 
|  85|0x000000070c200000, 0x000000070c200000, 0x000000070c400000|  0%| F|  |TAMS 0x000000070c200000, 0x000000070c200000| Untracked 
|  86|0x000000070c400000, 0x000000070c400000, 0x000000070c600000|  0%| F|  |TAMS 0x000000070c400000, 0x000000070c400000| Untracked 
|  87|0x000000070c600000, 0x000000070c600000, 0x000000070c800000|  0%| F|  |TAMS 0x000000070c600000, 0x000000070c600000| Untracked 
|  88|0x000000070c800000, 0x000000070c800000, 0x000000070ca00000|  0%| F|  |TAMS 0x000000070c800000, 0x000000070c800000| Untracked 
|  89|0x000000070ca00000, 0x000000070ca00000, 0x000000070cc00000|  0%| F|  |TAMS 0x000000070ca00000, 0x000000070ca00000| Untracked 
|  90|0x000000070cc00000, 0x000000070cc00000, 0x000000070ce00000|  0%| F|  |TAMS 0x000000070cc00000, 0x000000070cc00000| Untracked 
|  91|0x000000070ce00000, 0x000000070ce00000, 0x000000070d000000|  0%| F|  |TAMS 0x000000070ce00000, 0x000000070ce00000| Untracked 
|  92|0x000000070d000000, 0x000000070d000000, 0x000000070d200000|  0%| F|  |TAMS 0x000000070d000000, 0x000000070d000000| Untracked 
|  93|0x000000070d200000, 0x000000070d200000, 0x000000070d400000|  0%| F|  |TAMS 0x000000070d200000, 0x000000070d200000| Untracked 
|  94|0x000000070d400000, 0x000000070d400000, 0x000000070d600000|  0%| F|  |TAMS 0x000000070d400000, 0x000000070d400000| Untracked 
|  95|0x000000070d600000, 0x000000070d600000, 0x000000070d800000|  0%| F|  |TAMS 0x000000070d600000, 0x000000070d600000| Untracked 
|  96|0x000000070d800000, 0x000000070d800000, 0x000000070da00000|  0%| F|  |TAMS 0x000000070d800000, 0x000000070d800000| Untracked 
|  97|0x000000070da00000, 0x000000070da00000, 0x000000070dc00000|  0%| F|  |TAMS 0x000000070da00000, 0x000000070da00000| Untracked 
|  98|0x000000070dc00000, 0x000000070dc00000, 0x000000070de00000|  0%| F|  |TAMS 0x000000070dc00000, 0x000000070dc00000| Untracked 
|  99|0x000000070de00000, 0x000000070de00000, 0x000000070e000000|  0%| F|  |TAMS 0x000000070de00000, 0x000000070de00000| Untracked 
| 100|0x000000070e000000, 0x000000070e000000, 0x000000070e200000|  0%| F|  |TAMS 0x000000070e000000, 0x000000070e000000| Untracked 
| 101|0x000000070e200000, 0x000000070e200000, 0x000000070e400000|  0%| F|  |TAMS 0x000000070e200000, 0x000000070e200000| Untracked 
| 102|0x000000070e400000, 0x000000070e400000, 0x000000070e600000|  0%| F|  |TAMS 0x000000070e400000, 0x000000070e400000| Untracked 
| 103|0x000000070e600000, 0x000000070e600000, 0x000000070e800000|  0%| F|  |TAMS 0x000000070e600000, 0x000000070e600000| Untracked 
| 104|0x000000070e800000, 0x000000070e800000, 0x000000070ea00000|  0%| F|  |TAMS 0x000000070e800000, 0x000000070e800000| Untracked 
| 105|0x000000070ea00000, 0x000000070ea00000, 0x000000070ec00000|  0%| F|  |TAMS 0x000000070ea00000, 0x000000070ea00000| Untracked 
| 106|0x000000070ec00000, 0x000000070ec00000, 0x000000070ee00000|  0%| F|  |TAMS 0x000000070ec00000, 0x000000070ec00000| Untracked 
| 107|0x000000070ee00000, 0x000000070ee00000, 0x000000070f000000|  0%| F|  |TAMS 0x000000070ee00000, 0x000000070ee00000| Untracked 
| 108|0x000000070f000000, 0x000000070f000000, 0x000000070f200000|  0%| F|  |TAMS 0x000000070f000000, 0x000000070f000000| Untracked 
| 109|0x000000070f200000, 0x000000070f200000, 0x000000070f400000|  0%| F|  |TAMS 0x000000070f200000, 0x000000070f200000| Untracked 
| 110|0x000000070f400000, 0x000000070f400000, 0x000000070f600000|  0%| F|  |TAMS 0x000000070f400000, 0x000000070f400000| Untracked 
| 111|0x000000070f600000, 0x000000070f600000, 0x000000070f800000|  0%| F|  |TAMS 0x000000070f600000, 0x000000070f600000| Untracked 
| 112|0x000000070f800000, 0x000000070f800000, 0x000000070fa00000|  0%| F|  |TAMS 0x000000070f800000, 0x000000070f800000| Untracked 
| 113|0x000000070fa00000, 0x000000070fa00000, 0x000000070fc00000|  0%| F|  |TAMS 0x000000070fa00000, 0x000000070fa00000| Untracked 
| 114|0x000000070fc00000, 0x000000070fc00000, 0x000000070fe00000|  0%| F|  |TAMS 0x000000070fc00000, 0x000000070fc00000| Untracked 
| 115|0x000000070fe00000, 0x000000070fe00000, 0x0000000710000000|  0%| F|  |TAMS 0x000000070fe00000, 0x000000070fe00000| Untracked 
| 116|0x0000000710000000, 0x0000000710000000, 0x0000000710200000|  0%| F|  |TAMS 0x0000000710000000, 0x0000000710000000| Untracked 
| 117|0x0000000710200000, 0x0000000710200000, 0x0000000710400000|  0%| F|  |TAMS 0x0000000710200000, 0x0000000710200000| Untracked 
| 118|0x0000000710400000, 0x0000000710400000, 0x0000000710600000|  0%| F|  |TAMS 0x0000000710400000, 0x0000000710400000| Untracked 
| 119|0x0000000710600000, 0x0000000710600000, 0x0000000710800000|  0%| F|  |TAMS 0x0000000710600000, 0x0000000710600000| Untracked 
| 120|0x0000000710800000, 0x0000000710800000, 0x0000000710a00000|  0%| F|  |TAMS 0x0000000710800000, 0x0000000710800000| Untracked 
| 121|0x0000000710a00000, 0x0000000710a00000, 0x0000000710c00000|  0%| F|  |TAMS 0x0000000710a00000, 0x0000000710a00000| Untracked 
| 122|0x0000000710c00000, 0x0000000710c00000, 0x0000000710e00000|  0%| F|  |TAMS 0x0000000710c00000, 0x0000000710c00000| Untracked 
| 123|0x0000000710e00000, 0x0000000710e00000, 0x0000000711000000|  0%| F|  |TAMS 0x0000000710e00000, 0x0000000710e00000| Untracked 
| 124|0x0000000711000000, 0x0000000711000000, 0x0000000711200000|  0%| F|  |TAMS 0x0000000711000000, 0x0000000711000000| Untracked 
| 125|0x0000000711200000, 0x0000000711200000, 0x0000000711400000|  0%| F|  |TAMS 0x0000000711200000, 0x0000000711200000| Untracked 
| 126|0x0000000711400000, 0x0000000711400000, 0x0000000711600000|  0%| F|  |TAMS 0x0000000711400000, 0x0000000711400000| Untracked 
| 127|0x0000000711600000, 0x0000000711600000, 0x0000000711800000|  0%| F|  |TAMS 0x0000000711600000, 0x0000000711600000| Untracked 
| 128|0x0000000711800000, 0x0000000711800000, 0x0000000711a00000|  0%| F|  |TAMS 0x0000000711800000, 0x0000000711800000| Untracked 
| 129|0x0000000711a00000, 0x0000000711a00000, 0x0000000711c00000|  0%| F|  |TAMS 0x0000000711a00000, 0x0000000711a00000| Untracked 
| 130|0x0000000711c00000, 0x0000000711c00000, 0x0000000711e00000|  0%| F|  |TAMS 0x0000000711c00000, 0x0000000711c00000| Untracked 
| 131|0x0000000711e00000, 0x0000000711e00000, 0x0000000712000000|  0%| F|  |TAMS 0x0000000711e00000, 0x0000000711e00000| Untracked 
| 132|0x0000000712000000, 0x0000000712000000, 0x0000000712200000|  0%| F|  |TAMS 0x0000000712000000, 0x0000000712000000| Untracked 
| 133|0x0000000712200000, 0x0000000712200000, 0x0000000712400000|  0%| F|  |TAMS 0x0000000712200000, 0x0000000712200000| Untracked 
| 134|0x0000000712400000, 0x0000000712400000, 0x0000000712600000|  0%| F|  |TAMS 0x0000000712400000, 0x0000000712400000| Untracked 
| 135|0x0000000712600000, 0x0000000712600000, 0x0000000712800000|  0%| F|  |TAMS 0x0000000712600000, 0x0000000712600000| Untracked 
| 136|0x0000000712800000, 0x0000000712800000, 0x0000000712a00000|  0%| F|  |TAMS 0x0000000712800000, 0x0000000712800000| Untracked 
| 137|0x0000000712a00000, 0x0000000712a00000, 0x0000000712c00000|  0%| F|  |TAMS 0x0000000712a00000, 0x0000000712a00000| Untracked 
| 138|0x0000000712c00000, 0x0000000712c00000, 0x0000000712e00000|  0%| F|  |TAMS 0x0000000712c00000, 0x0000000712c00000| Untracked 
| 139|0x0000000712e00000, 0x0000000712e00000, 0x0000000713000000|  0%| F|  |TAMS 0x0000000712e00000, 0x0000000712e00000| Untracked 
| 140|0x0000000713000000, 0x0000000713000000, 0x0000000713200000|  0%| F|  |TAMS 0x0000000713000000, 0x0000000713000000| Untracked 
| 141|0x0000000713200000, 0x0000000713200000, 0x0000000713400000|  0%| F|  |TAMS 0x0000000713200000, 0x0000000713200000| Untracked 
| 142|0x0000000713400000, 0x0000000713400000, 0x0000000713600000|  0%| F|  |TAMS 0x0000000713400000, 0x0000000713400000| Untracked 
| 143|0x0000000713600000, 0x0000000713600000, 0x0000000713800000|  0%| F|  |TAMS 0x0000000713600000, 0x0000000713600000| Untracked 
| 144|0x0000000713800000, 0x0000000713800000, 0x0000000713a00000|  0%| F|  |TAMS 0x0000000713800000, 0x0000000713800000| Untracked 
| 145|0x0000000713a00000, 0x0000000713a00000, 0x0000000713c00000|  0%| F|  |TAMS 0x0000000713a00000, 0x0000000713a00000| Untracked 
| 146|0x0000000713c00000, 0x0000000713c00000, 0x0000000713e00000|  0%| F|  |TAMS 0x0000000713c00000, 0x0000000713c00000| Untracked 
| 147|0x0000000713e00000, 0x0000000713e00000, 0x0000000714000000|  0%| F|  |TAMS 0x0000000713e00000, 0x0000000713e00000| Untracked 
| 148|0x0000000714000000, 0x0000000714000000, 0x0000000714200000|  0%| F|  |TAMS 0x0000000714000000, 0x0000000714000000| Untracked 
| 149|0x0000000714200000, 0x0000000714200000, 0x0000000714400000|  0%| F|  |TAMS 0x0000000714200000, 0x0000000714200000| Untracked 
| 150|0x0000000714400000, 0x0000000714400000, 0x0000000714600000|  0%| F|  |TAMS 0x0000000714400000, 0x0000000714400000| Untracked 
| 151|0x0000000714600000, 0x0000000714600000, 0x0000000714800000|  0%| F|  |TAMS 0x0000000714600000, 0x0000000714600000| Untracked 
| 152|0x0000000714800000, 0x0000000714800000, 0x0000000714a00000|  0%| F|  |TAMS 0x0000000714800000, 0x0000000714800000| Untracked 
| 153|0x0000000714a00000, 0x0000000714a00000, 0x0000000714c00000|  0%| F|  |TAMS 0x0000000714a00000, 0x0000000714a00000| Untracked 
| 154|0x0000000714c00000, 0x0000000714c00000, 0x0000000714e00000|  0%| F|  |TAMS 0x0000000714c00000, 0x0000000714c00000| Untracked 
| 155|0x0000000714e00000, 0x0000000714e00000, 0x0000000715000000|  0%| F|  |TAMS 0x0000000714e00000, 0x0000000714e00000| Untracked 
| 156|0x0000000715000000, 0x0000000715000000, 0x0000000715200000|  0%| F|  |TAMS 0x0000000715000000, 0x0000000715000000| Untracked 
| 157|0x0000000715200000, 0x0000000715200000, 0x0000000715400000|  0%| F|  |TAMS 0x0000000715200000, 0x0000000715200000| Untracked 
| 158|0x0000000715400000, 0x0000000715400000, 0x0000000715600000|  0%| F|  |TAMS 0x0000000715400000, 0x0000000715400000| Untracked 
| 159|0x0000000715600000, 0x0000000715600000, 0x0000000715800000|  0%| F|  |TAMS 0x0000000715600000, 0x0000000715600000| Untracked 
| 160|0x0000000715800000, 0x0000000715800000, 0x0000000715a00000|  0%| F|  |TAMS 0x0000000715800000, 0x0000000715800000| Untracked 
| 161|0x0000000715a00000, 0x0000000715a00000, 0x0000000715c00000|  0%| F|  |TAMS 0x0000000715a00000, 0x0000000715a00000| Untracked 
| 162|0x0000000715c00000, 0x0000000715c00000, 0x0000000715e00000|  0%| F|  |TAMS 0x0000000715c00000, 0x0000000715c00000| Untracked 
| 163|0x0000000715e00000, 0x0000000715e00000, 0x0000000716000000|  0%| F|  |TAMS 0x0000000715e00000, 0x0000000715e00000| Untracked 
| 164|0x0000000716000000, 0x0000000716000000, 0x0000000716200000|  0%| F|  |TAMS 0x0000000716000000, 0x0000000716000000| Untracked 
| 165|0x0000000716200000, 0x0000000716200000, 0x0000000716400000|  0%| F|  |TAMS 0x0000000716200000, 0x0000000716200000| Untracked 
| 166|0x0000000716400000, 0x0000000716400000, 0x0000000716600000|  0%| F|  |TAMS 0x0000000716400000, 0x0000000716400000| Untracked 
| 167|0x0000000716600000, 0x0000000716600000, 0x0000000716800000|  0%| F|  |TAMS 0x0000000716600000, 0x0000000716600000| Untracked 
| 168|0x0000000716800000, 0x0000000716800000, 0x0000000716a00000|  0%| F|  |TAMS 0x0000000716800000, 0x0000000716800000| Untracked 
| 169|0x0000000716a00000, 0x0000000716a00000, 0x0000000716c00000|  0%| F|  |TAMS 0x0000000716a00000, 0x0000000716a00000| Untracked 
| 170|0x0000000716c00000, 0x0000000716c00000, 0x0000000716e00000|  0%| F|  |TAMS 0x0000000716c00000, 0x0000000716c00000| Untracked 
| 171|0x0000000716e00000, 0x0000000716e00000, 0x0000000717000000|  0%| F|  |TAMS 0x0000000716e00000, 0x0000000716e00000| Untracked 
| 172|0x0000000717000000, 0x0000000717000000, 0x0000000717200000|  0%| F|  |TAMS 0x0000000717000000, 0x0000000717000000| Untracked 
| 173|0x0000000717200000, 0x0000000717200000, 0x0000000717400000|  0%| F|  |TAMS 0x0000000717200000, 0x0000000717200000| Untracked 
| 174|0x0000000717400000, 0x0000000717400000, 0x0000000717600000|  0%| F|  |TAMS 0x0000000717400000, 0x0000000717400000| Untracked 
| 175|0x0000000717600000, 0x0000000717600000, 0x0000000717800000|  0%| F|  |TAMS 0x0000000717600000, 0x0000000717600000| Untracked 
| 176|0x0000000717800000, 0x0000000717800000, 0x0000000717a00000|  0%| F|  |TAMS 0x0000000717800000, 0x0000000717800000| Untracked 
| 177|0x0000000717a00000, 0x0000000717a00000, 0x0000000717c00000|  0%| F|  |TAMS 0x0000000717a00000, 0x0000000717a00000| Untracked 
| 178|0x0000000717c00000, 0x0000000717c00000, 0x0000000717e00000|  0%| F|  |TAMS 0x0000000717c00000, 0x0000000717c00000| Untracked 
| 179|0x0000000717e00000, 0x0000000717e00000, 0x0000000718000000|  0%| F|  |TAMS 0x0000000717e00000, 0x0000000717e00000| Untracked 
| 180|0x0000000718000000, 0x0000000718000000, 0x0000000718200000|  0%| F|  |TAMS 0x0000000718000000, 0x0000000718000000| Untracked 
| 181|0x0000000718200000, 0x0000000718200000, 0x0000000718400000|  0%| F|  |TAMS 0x0000000718200000, 0x0000000718200000| Untracked 
| 182|0x0000000718400000, 0x0000000718400000, 0x0000000718600000|  0%| F|  |TAMS 0x0000000718400000, 0x0000000718400000| Untracked 
| 183|0x0000000718600000, 0x0000000718600000, 0x0000000718800000|  0%| F|  |TAMS 0x0000000718600000, 0x0000000718600000| Untracked 
| 184|0x0000000718800000, 0x0000000718800000, 0x0000000718a00000|  0%| F|  |TAMS 0x0000000718800000, 0x0000000718800000| Untracked 
| 185|0x0000000718a00000, 0x0000000718a00000, 0x0000000718c00000|  0%| F|  |TAMS 0x0000000718a00000, 0x0000000718a00000| Untracked 
| 186|0x0000000718c00000, 0x0000000718c00000, 0x0000000718e00000|  0%| F|  |TAMS 0x0000000718c00000, 0x0000000718c00000| Untracked 
| 187|0x0000000718e00000, 0x0000000718e00000, 0x0000000719000000|  0%| F|  |TAMS 0x0000000718e00000, 0x0000000718e00000| Untracked 
| 188|0x0000000719000000, 0x0000000719000000, 0x0000000719200000|  0%| F|  |TAMS 0x0000000719000000, 0x0000000719000000| Untracked 
| 189|0x0000000719200000, 0x0000000719200000, 0x0000000719400000|  0%| F|  |TAMS 0x0000000719200000, 0x0000000719200000| Untracked 
| 190|0x0000000719400000, 0x0000000719400000, 0x0000000719600000|  0%| F|  |TAMS 0x0000000719400000, 0x0000000719400000| Untracked 
| 191|0x0000000719600000, 0x0000000719600000, 0x0000000719800000|  0%| F|  |TAMS 0x0000000719600000, 0x0000000719600000| Untracked 
| 192|0x0000000719800000, 0x0000000719800000, 0x0000000719a00000|  0%| F|  |TAMS 0x0000000719800000, 0x0000000719800000| Untracked 
| 193|0x0000000719a00000, 0x0000000719a00000, 0x0000000719c00000|  0%| F|  |TAMS 0x0000000719a00000, 0x0000000719a00000| Untracked 
| 194|0x0000000719c00000, 0x0000000719c00000, 0x0000000719e00000|  0%| F|  |TAMS 0x0000000719c00000, 0x0000000719c00000| Untracked 
| 195|0x0000000719e00000, 0x0000000719e00000, 0x000000071a000000|  0%| F|  |TAMS 0x0000000719e00000, 0x0000000719e00000| Untracked 
| 196|0x000000071a000000, 0x000000071a000000, 0x000000071a200000|  0%| F|  |TAMS 0x000000071a000000, 0x000000071a000000| Untracked 
| 197|0x000000071a200000, 0x000000071a3b55a0, 0x000000071a400000| 85%| O|  |TAMS 0x000000071a200000, 0x000000071a200000| Untracked 
| 198|0x000000071a400000, 0x000000071a400000, 0x000000071a600000|  0%| F|  |TAMS 0x000000071a400000, 0x000000071a400000| Untracked 
| 199|0x000000071a600000, 0x000000071a600000, 0x000000071a800000|  0%| F|  |TAMS 0x000000071a600000, 0x000000071a600000| Untracked 
| 200|0x000000071a800000, 0x000000071a800000, 0x000000071aa00000|  0%| F|  |TAMS 0x000000071a800000, 0x000000071a800000| Untracked 
| 201|0x000000071aa00000, 0x000000071aa00000, 0x000000071ac00000|  0%| F|  |TAMS 0x000000071aa00000, 0x000000071aa00000| Untracked 
| 202|0x000000071ac00000, 0x000000071ac00000, 0x000000071ae00000|  0%| F|  |TAMS 0x000000071ac00000, 0x000000071ac00000| Untracked 
| 203|0x000000071ae00000, 0x000000071ae00000, 0x000000071b000000|  0%| F|  |TAMS 0x000000071ae00000, 0x000000071ae00000| Untracked 
| 204|0x000000071b000000, 0x000000071b000000, 0x000000071b200000|  0%| F|  |TAMS 0x000000071b000000, 0x000000071b000000| Untracked 
| 205|0x000000071b200000, 0x000000071b200000, 0x000000071b400000|  0%| F|  |TAMS 0x000000071b200000, 0x000000071b200000| Untracked 
| 206|0x000000071b400000, 0x000000071b400000, 0x000000071b600000|  0%| F|  |TAMS 0x000000071b400000, 0x000000071b400000| Untracked 
| 207|0x000000071b600000, 0x000000071b600000, 0x000000071b800000|  0%| F|  |TAMS 0x000000071b600000, 0x000000071b600000| Untracked 
| 208|0x000000071b800000, 0x000000071b800000, 0x000000071ba00000|  0%| F|  |TAMS 0x000000071b800000, 0x000000071b800000| Untracked 
| 209|0x000000071ba00000, 0x000000071ba00000, 0x000000071bc00000|  0%| F|  |TAMS 0x000000071ba00000, 0x000000071ba00000| Untracked 
| 210|0x000000071bc00000, 0x000000071bc00000, 0x000000071be00000|  0%| F|  |TAMS 0x000000071bc00000, 0x000000071bc00000| Untracked 
| 211|0x000000071be00000, 0x000000071be00000, 0x000000071c000000|  0%| F|  |TAMS 0x000000071be00000, 0x000000071be00000| Untracked 
| 212|0x000000071c000000, 0x000000071c000000, 0x000000071c200000|  0%| F|  |TAMS 0x000000071c000000, 0x000000071c000000| Untracked 
| 213|0x000000071c200000, 0x000000071c200000, 0x000000071c400000|  0%| F|  |TAMS 0x000000071c200000, 0x000000071c200000| Untracked 
| 214|0x000000071c400000, 0x000000071c400000, 0x000000071c600000|  0%| F|  |TAMS 0x000000071c400000, 0x000000071c400000| Untracked 
| 215|0x000000071c600000, 0x000000071c600000, 0x000000071c800000|  0%| F|  |TAMS 0x000000071c600000, 0x000000071c600000| Untracked 
| 216|0x000000071c800000, 0x000000071c800000, 0x000000071ca00000|  0%| F|  |TAMS 0x000000071c800000, 0x000000071c800000| Untracked 
| 217|0x000000071ca00000, 0x000000071cc00000, 0x000000071cc00000|100%| O|  |TAMS 0x000000071cc00000, 0x000000071ca00000| Untracked 
| 218|0x000000071cc00000, 0x000000071cc00000, 0x000000071ce00000|  0%| F|  |TAMS 0x000000071cc00000, 0x000000071cc00000| Untracked 
| 219|0x000000071ce00000, 0x000000071ce00000, 0x000000071d000000|  0%| F|  |TAMS 0x000000071ce00000, 0x000000071ce00000| Untracked 
| 220|0x000000071d000000, 0x000000071d000000, 0x000000071d200000|  0%| F|  |TAMS 0x000000071d000000, 0x000000071d000000| Untracked 
| 221|0x000000071d200000, 0x000000071d200000, 0x000000071d400000|  0%| F|  |TAMS 0x000000071d200000, 0x000000071d200000| Untracked 
| 222|0x000000071d400000, 0x000000071d400000, 0x000000071d600000|  0%| F|  |TAMS 0x000000071d400000, 0x000000071d400000| Untracked 
| 223|0x000000071d600000, 0x000000071d600000, 0x000000071d800000|  0%| F|  |TAMS 0x000000071d600000, 0x000000071d600000| Untracked 
| 224|0x000000071d800000, 0x000000071d800000, 0x000000071da00000|  0%| F|  |TAMS 0x000000071d800000, 0x000000071d800000| Untracked 
| 225|0x000000071da00000, 0x000000071da00000, 0x000000071dc00000|  0%| F|  |TAMS 0x000000071da00000, 0x000000071da00000| Untracked 
| 226|0x000000071dc00000, 0x000000071dc00000, 0x000000071de00000|  0%| F|  |TAMS 0x000000071dc00000, 0x000000071dc00000| Untracked 
| 227|0x000000071de00000, 0x000000071de00000, 0x000000071e000000|  0%| F|  |TAMS 0x000000071de00000, 0x000000071de00000| Untracked 
| 228|0x000000071e000000, 0x000000071e000000, 0x000000071e200000|  0%| F|  |TAMS 0x000000071e000000, 0x000000071e000000| Untracked 
| 229|0x000000071e200000, 0x000000071e200000, 0x000000071e400000|  0%| F|  |TAMS 0x000000071e200000, 0x000000071e200000| Untracked 
| 230|0x000000071e400000, 0x000000071e400000, 0x000000071e600000|  0%| F|  |TAMS 0x000000071e400000, 0x000000071e400000| Untracked 
| 231|0x000000071e600000, 0x000000071e600000, 0x000000071e800000|  0%| F|  |TAMS 0x000000071e600000, 0x000000071e600000| Untracked 
| 232|0x000000071e800000, 0x000000071e800000, 0x000000071ea00000|  0%| F|  |TAMS 0x000000071e800000, 0x000000071e800000| Untracked 
| 233|0x000000071ea00000, 0x000000071ea00000, 0x000000071ec00000|  0%| F|  |TAMS 0x000000071ea00000, 0x000000071ea00000| Untracked 
| 234|0x000000071ec00000, 0x000000071ec00000, 0x000000071ee00000|  0%| F|  |TAMS 0x000000071ec00000, 0x000000071ec00000| Untracked 
| 235|0x000000071ee00000, 0x000000071ee00000, 0x000000071f000000|  0%| F|  |TAMS 0x000000071ee00000, 0x000000071ee00000| Untracked 
| 236|0x000000071f000000, 0x000000071f000000, 0x000000071f200000|  0%| F|  |TAMS 0x000000071f000000, 0x000000071f000000| Untracked 
| 237|0x000000071f200000, 0x000000071f200000, 0x000000071f400000|  0%| F|  |TAMS 0x000000071f200000, 0x000000071f200000| Untracked 
| 238|0x000000071f400000, 0x000000071f400000, 0x000000071f600000|  0%| F|  |TAMS 0x000000071f400000, 0x000000071f400000| Untracked 
| 239|0x000000071f600000, 0x000000071f600000, 0x000000071f800000|  0%| F|  |TAMS 0x000000071f600000, 0x000000071f600000| Untracked 
| 240|0x000000071f800000, 0x000000071f800000, 0x000000071fa00000|  0%| F|  |TAMS 0x000000071f800000, 0x000000071f800000| Untracked 
| 241|0x000000071fa00000, 0x000000071fa00000, 0x000000071fc00000|  0%| F|  |TAMS 0x000000071fa00000, 0x000000071fa00000| Untracked 
| 242|0x000000071fc00000, 0x000000071fc00000, 0x000000071fe00000|  0%| F|  |TAMS 0x000000071fc00000, 0x000000071fc00000| Untracked 
| 243|0x000000071fe00000, 0x000000071fe00000, 0x0000000720000000|  0%| F|  |TAMS 0x000000071fe00000, 0x000000071fe00000| Untracked 
| 244|0x0000000720000000, 0x0000000720000000, 0x0000000720200000|  0%| F|  |TAMS 0x0000000720000000, 0x0000000720000000| Untracked 
| 245|0x0000000720200000, 0x0000000720200000, 0x0000000720400000|  0%| F|  |TAMS 0x0000000720200000, 0x0000000720200000| Untracked 
| 246|0x0000000720400000, 0x0000000720400000, 0x0000000720600000|  0%| F|  |TAMS 0x0000000720400000, 0x0000000720400000| Untracked 
| 247|0x0000000720600000, 0x000000072061fc10, 0x0000000720800000|  6%| E|  |TAMS 0x0000000720600000, 0x0000000720600000| Complete 
| 248|0x0000000720800000, 0x0000000720a00000, 0x0000000720a00000|100%| E|CS|TAMS 0x0000000720800000, 0x0000000720800000| Complete 
| 249|0x0000000720a00000, 0x0000000720c00000, 0x0000000720c00000|100%| E|CS|TAMS 0x0000000720a00000, 0x0000000720a00000| Complete 
| 250|0x0000000720c00000, 0x0000000720e00000, 0x0000000720e00000|100%| E|CS|TAMS 0x0000000720c00000, 0x0000000720c00000| Complete 
| 251|0x0000000720e00000, 0x0000000721000000, 0x0000000721000000|100%| E|CS|TAMS 0x0000000720e00000, 0x0000000720e00000| Complete 
| 252|0x0000000721000000, 0x0000000721200000, 0x0000000721200000|100%| E|CS|TAMS 0x0000000721000000, 0x0000000721000000| Complete 
| 253|0x0000000721200000, 0x0000000721400000, 0x0000000721400000|100%| E|CS|TAMS 0x0000000721200000, 0x0000000721200000| Complete 
| 254|0x0000000721400000, 0x0000000721600000, 0x0000000721600000|100%| E|CS|TAMS 0x0000000721400000, 0x0000000721400000| Complete 
| 326|0x000000072a400000, 0x000000072a600000, 0x000000072a600000|100%| E|CS|TAMS 0x000000072a400000, 0x000000072a400000| Complete 

Card table byte_map: [0x0000021d454a0000,0x0000021d45ca0000] _byte_map_base: 0x0000021d41c94000

Marking Bits (Prev, Next): (CMBitMap*) 0x0000021d2cd8f1a0, (CMBitMap*) 0x0000021d2cd8f1e0
 Prev Bits: [0x0000021d464a0000, 0x0000021d4a440000)
 Next Bits: [0x0000021d4a440000, 0x0000021d4e3e0000)

Polling page: 0x0000021d25400000

Metaspace:

Usage:
  Non-class:     68.52 MB used.
      Class:     11.26 MB used.
       Both:     79.77 MB used.

Virtual space:
  Non-class space:      128.00 MB reserved,      68.88 MB ( 54%) committed,  2 nodes.
      Class space:        1.00 GB reserved,      11.56 MB (  1%) committed,  1 nodes.
             Both:        1.12 GB reserved,      80.44 MB (  7%) committed. 

Chunk freelists:
   Non-Class:  11.08 MB
       Class:  4.33 MB
        Both:  15.41 MB

MaxMetaspaceSize: unlimited
CompressedClassSpaceSize: 1.00 GB
Initial GC threshold: 21.00 MB
Current GC threshold: 134.00 MB
CDS: on
MetaspaceReclaimPolicy: balanced
 - commit_granule_bytes: 65536.
 - commit_granule_words: 8192.
 - virtual_space_node_default_size: 8388608.
 - enlarge_chunks_in_place: 1.
 - new_chunks_are_fully_committed: 0.
 - uncommit_free_chunks: 1.
 - use_allocation_guard: 0.
 - handle_deallocations: 1.


Internal statistics:

num_allocs_failed_limit: 6.
num_arena_births: 1084.
num_arena_deaths: 0.
num_vsnodes_births: 3.
num_vsnodes_deaths: 0.
num_space_committed: 1281.
num_space_uncommitted: 0.
num_chunks_returned_to_freelist: 6.
num_chunks_taken_from_freelist: 3237.
num_chunk_merges: 6.
num_chunk_splits: 2425.
num_chunks_enlarged: 1815.
num_inconsistent_stats: 0.

CodeHeap 'non-profiled nmethods': size=120000Kb used=12856Kb max_used=12856Kb free=107143Kb
 bounds [0x0000021d3d770000, 0x0000021d3e400000, 0x0000021d44ca0000]
CodeHeap 'profiled nmethods': size=120000Kb used=28010Kb max_used=28010Kb free=91989Kb
 bounds [0x0000021d35ca0000, 0x0000021d37800000, 0x0000021d3d1d0000]
CodeHeap 'non-nmethods': size=5760Kb used=1658Kb max_used=1823Kb free=4101Kb
 bounds [0x0000021d3d1d0000, 0x0000021d3d440000, 0x0000021d3d770000]
 total_blobs=13943 nmethods=12862 adapters=990
 compilation: enabled
              stopped_count=0, restarted_count=0
 full_count=0

Compilation events (20 events):
Event: 1520.761 Thread 0x0000021d2e0c4010 16389       3       ui.views.W.a.a::ldF (61 bytes)
Event: 1520.761 Thread 0x0000021d2e0c4010 nmethod 16389 0x0000021d377f8210 code [0x0000021d377f8420, 0x0000021d377f8e88]
Event: 1520.761 Thread 0x0000021d2e0c4010 16390   !   3       ui.views.W.a.a::ldD (226 bytes)
Event: 1520.762 Thread 0x0000021d2e0a2040 16392       4       javax.swing.JFrame::getGraphics (9 bytes)
Event: 1520.763 Thread 0x0000021d2e0c4010 nmethod 16390 0x0000021d377f9190 code [0x0000021d377f9540, 0x0000021d377fb108]
Event: 1520.763 Thread 0x0000021d2e0c4010 16391   !   3       com.jidesoft.editor.CodeEditor::getSelectionStartLine (62 bytes)
Event: 1520.763 Thread 0x0000021d2e0c4010 nmethod 16391 0x0000021d377fbb90 code [0x0000021d377fbde0, 0x0000021d377fc618]
Event: 1520.766 Thread 0x0000021d2e0c4010 16397   !   2       sun.java2d.SunGraphics2D::drawChars (179 bytes)
Event: 1520.766 Thread 0x0000021d2e0c4010 nmethod 16397 0x0000021d377fca90 code [0x0000021d377fcce0, 0x0000021d377fd4a8]
Event: 1520.767 Thread 0x0000021d2e0a2040 nmethod 16392 0x0000021d3e3edc90 code [0x0000021d3e3ede40, 0x0000021d3e3ee3f8]
Event: 1520.767 Thread 0x0000021d2e0a2040 16395   !   4       com.jidesoft.editor.CodeEditor::getIntegerOffsetToX (2137 bytes)
Event: 1520.773 Thread 0x0000021d62e96a80 16394   !   4       com.jidesoft.editor.CodeEditor::r (54 bytes)
Event: 1520.778 Thread 0x0000021d62e96a80 nmethod 16394 0x0000021d3e3ee790 code [0x0000021d3e3ee9a0, 0x0000021d3e3eee58]
Event: 1520.778 Thread 0x0000021d62e96a80 16396   !   4       com.jidesoft.editor.CodeEditor::_offsetToX (38 bytes)
Event: 1520.785 Thread 0x0000021d62e96a80 nmethod 16396 0x0000021d3e3ef210 code [0x0000021d3e3ef440, 0x0000021d3e3efa08]
Event: 1520.785 Thread 0x0000021d62e96a80 16393       4       sun.java2d.SunGraphics2D::<init> (154 bytes)
Event: 1520.821 Thread 0x0000021d62e96a80 nmethod 16393 0x0000021d3e3eff10 code [0x0000021d3e3f0200, 0x0000021d3e3f1e48]
Event: 1520.924 Thread 0x0000021d2e0a2040 nmethod 16395 0x0000021d3e3f2910 code [0x0000021d3e3f2ee0, 0x0000021d3e3f9098]
Event: 1521.172 Thread 0x0000021d2e0c4010 16398       3       javax.swing.RepaintManager::paint (94 bytes)
Event: 1521.173 Thread 0x0000021d2e0c4010 nmethod 16398 0x0000021d377fd990 code [0x0000021d377fdba0, 0x0000021d377fe3b8]

GC Heap History (20 events):
Event: 1473.854 GC heap before
{Heap before GC invocations=19 (full 2):
 garbage-first heap   total 524288K, used 156580K [0x0000000701800000, 0x0000000800000000)
  region size 2048K, 40 young (81920K), 1 survivors (2048K)
 Metaspace       used 72911K, committed 73408K, reserved 1114112K
  class space    used 10365K, committed 10624K, reserved 1048576K
}
Event: 1473.857 GC heap after
{Heap after GC invocations=20 (full 2):
 garbage-first heap   total 524288K, used 75948K [0x0000000701800000, 0x0000000800000000)
  region size 2048K, 1 young (2048K), 1 survivors (2048K)
 Metaspace       used 72911K, committed 73408K, reserved 1114112K
  class space    used 10365K, committed 10624K, reserved 1048576K
}
Event: 1475.289 GC heap before
{Heap before GC invocations=20 (full 2):
 garbage-first heap   total 524288K, used 155820K [0x0000000701800000, 0x0000000800000000)
  region size 2048K, 40 young (81920K), 1 survivors (2048K)
 Metaspace       used 73234K, committed 73792K, reserved 1114112K
  class space    used 10370K, committed 10624K, reserved 1048576K
}
Event: 1475.291 GC heap after
{Heap after GC invocations=21 (full 2):
 garbage-first heap   total 524288K, used 76040K [0x0000000701800000, 0x0000000800000000)
  region size 2048K, 1 young (2048K), 1 survivors (2048K)
 Metaspace       used 73234K, committed 73792K, reserved 1114112K
  class space    used 10370K, committed 10624K, reserved 1048576K
}
Event: 1483.593 GC heap before
{Heap before GC invocations=21 (full 2):
 garbage-first heap   total 524288K, used 155912K [0x0000000701800000, 0x0000000800000000)
  region size 2048K, 41 young (83968K), 1 survivors (2048K)
 Metaspace       used 75371K, committed 76032K, reserved 1179648K
  class space    used 10711K, committed 11008K, reserved 1048576K
}
Event: 1483.599 GC heap after
{Heap after GC invocations=22 (full 2):
 garbage-first heap   total 524288K, used 78846K [0x0000000701800000, 0x0000000800000000)
  region size 2048K, 2 young (4096K), 2 survivors (4096K)
 Metaspace       used 75371K, committed 76032K, reserved 1179648K
  class space    used 10711K, committed 11008K, reserved 1048576K
}
Event: 1488.577 GC heap before
{Heap before GC invocations=22 (full 2):
 garbage-first heap   total 524288K, used 156670K [0x0000000701800000, 0x0000000800000000)
  region size 2048K, 40 young (81920K), 2 survivors (4096K)
 Metaspace       used 75649K, committed 76288K, reserved 1179648K
  class space    used 10728K, committed 11008K, reserved 1048576K
}
Event: 1488.581 GC heap after
{Heap after GC invocations=23 (full 2):
 garbage-first heap   total 524288K, used 79177K [0x0000000701800000, 0x0000000800000000)
  region size 2048K, 2 young (4096K), 2 survivors (4096K)
 Metaspace       used 75649K, committed 76288K, reserved 1179648K
  class space    used 10728K, committed 11008K, reserved 1048576K
}
Event: 1504.904 GC heap before
{Heap before GC invocations=23 (full 2):
 garbage-first heap   total 524288K, used 157001K [0x0000000701800000, 0x0000000800000000)
  region size 2048K, 40 young (81920K), 2 survivors (4096K)
 Metaspace       used 76200K, committed 76800K, reserved 1179648K
  class space    used 10741K, committed 11008K, reserved 1048576K
}
Event: 1504.909 GC heap after
{Heap after GC invocations=24 (full 2):
 garbage-first heap   total 524288K, used 79975K [0x0000000701800000, 0x0000000800000000)
  region size 2048K, 3 young (6144K), 3 survivors (6144K)
 Metaspace       used 76200K, committed 76800K, reserved 1179648K
  class space    used 10741K, committed 11008K, reserved 1048576K
}
Event: 1510.865 GC heap before
{Heap before GC invocations=24 (full 2):
 garbage-first heap   total 524288K, used 155751K [0x0000000701800000, 0x0000000800000000)
  region size 2048K, 40 young (81920K), 3 survivors (6144K)
 Metaspace       used 76427K, committed 77056K, reserved 1179648K
  class space    used 10762K, committed 11072K, reserved 1048576K
}
Event: 1510.870 GC heap after
{Heap after GC invocations=25 (full 2):
 garbage-first heap   total 524288K, used 80289K [0x0000000701800000, 0x0000000800000000)
  region size 2048K, 3 young (6144K), 3 survivors (6144K)
 Metaspace       used 76427K, committed 77056K, reserved 1179648K
  class space    used 10762K, committed 11072K, reserved 1048576K
}
Event: 1516.351 GC heap before
{Heap before GC invocations=25 (full 2):
 garbage-first heap   total 524288K, used 156065K [0x0000000701800000, 0x0000000800000000)
  region size 2048K, 40 young (81920K), 3 survivors (6144K)
 Metaspace       used 77787K, committed 78464K, reserved 1179648K
  class space    used 11017K, committed 11328K, reserved 1048576K
}
Event: 1516.358 GC heap after
{Heap after GC invocations=26 (full 2):
 garbage-first heap   total 524288K, used 83273K [0x0000000701800000, 0x0000000800000000)
  region size 2048K, 4 young (8192K), 4 survivors (8192K)
 Metaspace       used 77787K, committed 78464K, reserved 1179648K
  class space    used 11017K, committed 11328K, reserved 1048576K
}
Event: 1517.846 GC heap before
{Heap before GC invocations=26 (full 2):
 garbage-first heap   total 524288K, used 157001K [0x0000000701800000, 0x0000000800000000)
  region size 2048K, 40 young (81920K), 4 survivors (8192K)
 Metaspace       used 79198K, committed 79808K, reserved 1179648K
  class space    used 11143K, committed 11456K, reserved 1048576K
}
Event: 1517.854 GC heap after
{Heap after GC invocations=27 (full 2):
 garbage-first heap   total 524288K, used 85554K [0x0000000701800000, 0x0000000800000000)
  region size 2048K, 4 young (8192K), 4 survivors (8192K)
 Metaspace       used 79198K, committed 79808K, reserved 1179648K
  class space    used 11143K, committed 11456K, reserved 1048576K
}
Event: 1518.984 GC heap before
{Heap before GC invocations=27 (full 2):
 garbage-first heap   total 524288K, used 114226K [0x0000000701800000, 0x0000000800000000)
  region size 2048K, 19 young (38912K), 4 survivors (8192K)
 Metaspace       used 81633K, committed 82304K, reserved 1179648K
  class space    used 11525K, committed 11840K, reserved 1048576K
}
Event: 1519.052 GC heap after
{Heap after GC invocations=28 (full 3):
 garbage-first heap   total 524288K, used 85172K [0x0000000701800000, 0x0000000800000000)
  region size 2048K, 0 young (0K), 0 survivors (0K)
 Metaspace       used 81633K, committed 82304K, reserved 1179648K
  class space    used 11525K, committed 11840K, reserved 1048576K
}
Event: 1520.056 GC heap before
{Heap before GC invocations=28 (full 3):
 garbage-first heap   total 524288K, used 87220K [0x0000000701800000, 0x0000000800000000)
  region size 2048K, 2 young (4096K), 0 survivors (0K)
 Metaspace       used 81644K, committed 82304K, reserved 1179648K
  class space    used 11526K, committed 11840K, reserved 1048576K
}
Event: 1520.110 GC heap after
{Heap after GC invocations=29 (full 4):
 garbage-first heap   total 524288K, used 83492K [0x0000000701800000, 0x0000000800000000)
  region size 2048K, 0 young (0K), 0 survivors (0K)
 Metaspace       used 81644K, committed 82304K, reserved 1179648K
  class space    used 11526K, committed 11840K, reserved 1048576K
}

Dll operation events (20 events):
Event: 2.708 Loaded shared library D:\Vivado\2023.2\lib\win64.o\librdi_ipservicestasks.dll
Event: 2.717 Loaded shared library D:\Vivado\2023.2\lib\win64.o\librdi_vivadotasks.dll
Event: 2.722 Loaded shared library D:\Vivado\2023.2\lib\win64.o\librdi_board.dll
Event: 2.731 Loaded shared library D:\Vivado\2023.2\lib\win64.o\librdi_boarddep.dll
Event: 2.736 Loaded shared library D:\Vivado\2023.2\lib\win64.o\librdi_boardcommontasks.dll
Event: 2.741 Loaded shared library D:\Vivado\2023.2\lib\win64.o\librdi_ptgen.dll
Event: 2.744 Loaded shared library D:\Vivado\2023.2\lib\win64.o\librdi_ip.dll
Event: 2.751 Loaded shared library D:\Vivado\2023.2\lib\win64.o\librdi_mig.dll
Event: 2.760 Loaded shared library D:\Vivado\2023.2\lib\win64.o\librdi_implflow.dll
Event: 2.764 Loaded shared library D:\Vivado\2023.2\lib\win64.o\librdi_xhubtasks.dll
Event: 2.843 Loaded shared library D:\Vivado\2023.2\lib\win64.o\librdi_iptasks.dll
Event: 2.851 Loaded shared library D:\Vivado\2023.2\lib\win64.o\librdi_synth.dll
Event: 1433.618 Loaded shared library D:\Vivado\2023.2\tps\win64\jre17.0.7_7\bin\verify.dll
Event: 1435.208 Loaded shared library D:\Vivado\2023.2\tps\win64\jre17.0.7_7\bin\javajpeg.dll
Event: 1435.294 Loaded shared library D:\Vivado\2023.2\tps\win64\jre17.0.7_7\bin\lcms.dll
Event: 1437.032 Loaded shared library D:\Vivado\2023.2\tps\win64\jre17.0.7_7\bin\freetype.dll
Event: 1437.088 Loaded shared library D:\Vivado\2023.2\tps\win64\jre17.0.7_7\bin\fontmanager.dll
Event: 1443.867 Loaded shared library D:\Vivado\2023.2\lib\win64.o\librdi_xhub.dll
Event: 1451.172 Loaded shared library D:\Vivado\2023.2\tps\win64\jre17.0.7_7\bin\management.dll
Event: 1451.178 Loaded shared library D:\Vivado\2023.2\tps\win64\jre17.0.7_7\bin\management_ext.dll

Deoptimization events (20 events):
Event: 1520.186 Thread 0x0000021d55d1da20 Uncommon trap: trap_request=0xffffffde fr.pc=0x0000021d3e2d6770 relative=0x0000000000000710
Event: 1520.186 Thread 0x0000021d55d1da20 Uncommon trap: reason=class_check action=maybe_recompile pc=0x0000021d3e2d6770 method=sun.java2d.SunGraphics2D.drawChars([CIIII)V @ 113 c2
Event: 1520.186 Thread 0x0000021d55d1da20 DEOPT PACKING pc=0x0000021d3e2d6770 sp=0x0000005c406f91e0
Event: 1520.186 Thread 0x0000021d55d1da20 DEOPT UNPACKING pc=0x0000021d3d2269a3 sp=0x0000005c406f9178 mode 2
Event: 1520.186 Thread 0x0000021d55d1da20 Uncommon trap: trap_request=0xffffffde fr.pc=0x0000021d3d9b23f0 relative=0x00000000000000d0
Event: 1520.186 Thread 0x0000021d55d1da20 Uncommon trap: reason=class_check action=maybe_recompile pc=0x0000021d3d9b23f0 method=sun.java2d.SunGraphics2D.setComposite(Ljava/awt/Composite;)V @ 10 c2
Event: 1520.186 Thread 0x0000021d55d1da20 DEOPT PACKING pc=0x0000021d3d9b23f0 sp=0x0000005c406f9170
Event: 1520.186 Thread 0x0000021d55d1da20 DEOPT UNPACKING pc=0x0000021d3d2269a3 sp=0x0000005c406f9138 mode 2
Event: 1520.187 Thread 0x0000021d55d1da20 Uncommon trap: trap_request=0xffffffde fr.pc=0x0000021d3e2d6770 relative=0x0000000000000710
Event: 1520.187 Thread 0x0000021d55d1da20 Uncommon trap: reason=class_check action=maybe_recompile pc=0x0000021d3e2d6770 method=sun.java2d.SunGraphics2D.drawChars([CIIII)V @ 113 c2
Event: 1520.187 Thread 0x0000021d55d1da20 DEOPT PACKING pc=0x0000021d3e2d6770 sp=0x0000005c406f91e0
Event: 1520.187 Thread 0x0000021d55d1da20 DEOPT UNPACKING pc=0x0000021d3d2269a3 sp=0x0000005c406f9178 mode 2
Event: 1520.196 Thread 0x0000021d55d1da20 Uncommon trap: trap_request=0xffffffd6 fr.pc=0x0000021d3e3b0628 relative=0x0000000000000788
Event: 1520.196 Thread 0x0000021d55d1da20 Uncommon trap: reason=array_check action=maybe_recompile pc=0x0000021d3e3b0628 method=java.util.TimSort.binarySort([Ljava/lang/Object;IIILjava/util/Comparator;)V @ 215 c2
Event: 1520.196 Thread 0x0000021d55d1da20 DEOPT PACKING pc=0x0000021d3e3b0628 sp=0x0000005c406f7ee0
Event: 1520.196 Thread 0x0000021d55d1da20 DEOPT UNPACKING pc=0x0000021d3d2269a3 sp=0x0000005c406f7e98 mode 2
Event: 1520.205 Thread 0x0000021d55d1da20 Uncommon trap: trap_request=0xffffffd6 fr.pc=0x0000021d3e3b0628 relative=0x0000000000000788
Event: 1520.205 Thread 0x0000021d55d1da20 Uncommon trap: reason=array_check action=maybe_recompile pc=0x0000021d3e3b0628 method=java.util.TimSort.binarySort([Ljava/lang/Object;IIILjava/util/Comparator;)V @ 215 c2
Event: 1520.205 Thread 0x0000021d55d1da20 DEOPT PACKING pc=0x0000021d3e3b0628 sp=0x0000005c406f7ee0
Event: 1520.205 Thread 0x0000021d55d1da20 DEOPT UNPACKING pc=0x0000021d3d2269a3 sp=0x0000005c406f7e98 mode 2

Classes unloaded (0 events):
No events

Classes redefined (0 events):
No events

Internal exceptions (20 events):
Event: 1518.247 Thread 0x0000021d55d1da20 Exception <a 'java/lang/ClassNotFoundException'{0x0000000720dbe280}: javax/swing/JPanelBeanInfo> (0x0000000720dbe280) 
thrown [s\src\hotspot\share\classfile\systemDictionary.cpp, line 256]
Event: 1518.248 Thread 0x0000021d55d1da20 Exception <a 'java/lang/ClassNotFoundException'{0x0000000720dbf248}: javax/swing/JComponentBeanInfo> (0x0000000720dbf248) 
thrown [s\src\hotspot\share\classfile\systemDictionary.cpp, line 256]
Event: 1518.248 Thread 0x0000021d55d1da20 Exception <a 'java/lang/ClassNotFoundException'{0x0000000720dc04b8}: java/awt/ContainerBeanInfo> (0x0000000720dc04b8) 
thrown [s\src\hotspot\share\classfile\systemDictionary.cpp, line 256]
Event: 1518.248 Thread 0x0000021d55d1da20 Exception <a 'java/lang/ClassNotFoundException'{0x0000000720dc1728}: java/awt/ComponentBeanInfo> (0x0000000720dc1728) 
thrown [s\src\hotspot\share\classfile\systemDictionary.cpp, line 256]
Event: 1518.259 Thread 0x0000021d55d1da20 Exception <a 'java/lang/ClassNotFoundException'{0x0000000720de4980}: java/lang/ObjectBeanInfo> (0x0000000720de4980) 
thrown [s\src\hotspot\share\classfile\systemDictionary.cpp, line 256]
Event: 1518.260 Thread 0x0000021d55d1da20 Exception <a 'java/lang/ClassNotFoundException'{0x0000000720de6240}: java/lang/ObjectCustomizer> (0x0000000720de6240) 
thrown [s\src\hotspot\share\classfile\systemDictionary.cpp, line 256]
Event: 1518.265 Thread 0x0000021d55d1da20 Exception <a 'java/lang/IncompatibleClassChangeError'{0x0000000720dea948}: Found class java.lang.Object, but interface was expected> (0x0000000720dea948) 
thrown [s\src\hotspot\share\interpreter\linkResolver.cpp, line 826]
Event: 1518.271 Thread 0x0000021d55d1da20 Exception <a 'java/lang/ClassNotFoundException'{0x0000000720dfb5d8}: java/awt/ComponentCustomizer> (0x0000000720dfb5d8) 
thrown [s\src\hotspot\share\classfile\systemDictionary.cpp, line 256]
Event: 1518.280 Thread 0x0000021d55d1da20 Exception <a 'java/lang/ClassNotFoundException'{0x0000000720a5e1c8}: java/awt/ContainerCustomizer> (0x0000000720a5e1c8) 
thrown [s\src\hotspot\share\classfile\systemDictionary.cpp, line 256]
Event: 1518.284 Thread 0x0000021d55d1da20 Exception <a 'java/lang/ClassNotFoundException'{0x0000000720a98dd8}: javax/swing/JComponentCustomizer> (0x0000000720a98dd8) 
thrown [s\src\hotspot\share\classfile\systemDictionary.cpp, line 256]
Event: 1518.306 Thread 0x0000021d55d1da20 Exception <a 'java/lang/ClassNotFoundException'{0x0000000720b43a68}: javax/swing/JPanelCustomizer> (0x0000000720b43a68) 
thrown [s\src\hotspot\share\classfile\systemDictionary.cpp, line 256]
Event: 1518.308 Thread 0x0000021d55d1da20 Exception <a 'java/lang/ClassNotFoundException'{0x0000000720b66898}: org/jdesktop/swingx/JXPanelCustomizer> (0x0000000720b66898) 
thrown [s\src\hotspot\share\classfile\systemDictionary.cpp, line 256]
Event: 1518.311 Thread 0x0000021d55d1da20 Exception <a 'java/lang/ClassNotFoundException'{0x0000000720b92378}: org/jdesktop/swingx/JXTitledPanelCustomizer> (0x0000000720b92378) 
thrown [s\src\hotspot\share\classfile\systemDictionary.cpp, line 256]
Event: 1518.314 Thread 0x0000021d55d1da20 Exception <a 'java/lang/ClassNotFoundException'{0x0000000720bbe460}: ui/utils/swing/n/c/fCustomizer> (0x0000000720bbe460) 
thrown [s\src\hotspot\share\classfile\systemDictionary.cpp, line 256]
Event: 1518.316 Thread 0x0000021d55d1da20 Exception <a 'java/lang/ClassNotFoundException'{0x0000000720be6650}: ui/views/waveform/g/vCustomizer> (0x0000000720be6650) 
thrown [s\src\hotspot\share\classfile\systemDictionary.cpp, line 256]
Event: 1518.325 Thread 0x0000021d55d1da20 Implicit null exception at 0x0000021d3daf914b to 0x0000021d3daf9d04
Event: 1518.460 Thread 0x0000021d55d1da20 Exception <a 'java/lang/NoSuchMethodError'{0x00000007207745b0}: 'java.lang.Object java.lang.invoke.DirectMethodHandle$Holder.invokeSpecial(java.lang.Object, java.lang.Object, long, long, long)'> (0x00000007207745b0) 
thrown [s\src\hotspot\share\interpreter\linkResolver.cpp, line 759]
Event: 1518.511 Thread 0x0000021d55d1da20 Implicit null exception at 0x0000021d3dde9aa4 to 0x0000021d3ddea4f8
Event: 1520.154 Thread 0x0000021d55d1da20 Exception <a 'java/io/FileNotFoundException'{0x000000072108d150}> (0x000000072108d150) 
thrown [s\src\hotspot\share\prims\jni.cpp, line 516]
Event: 1520.154 Thread 0x0000021d55d1da20 Exception <a 'java/io/FileNotFoundException'{0x000000072108da40}> (0x000000072108da40) 
thrown [s\src\hotspot\share\prims\jni.cpp, line 516]

VM Operations (20 events):
Event: 1518.297 Executing VM operation: HandshakeAllThreads
Event: 1518.297 Executing VM operation: HandshakeAllThreads done
Event: 1518.300 Executing VM operation: HandshakeAllThreads
Event: 1518.300 Executing VM operation: HandshakeAllThreads done
Event: 1518.300 Executing VM operation: HandshakeAllThreads
Event: 1518.300 Executing VM operation: HandshakeAllThreads done
Event: 1518.318 Executing VM operation: ICBufferFull
Event: 1518.319 Executing VM operation: ICBufferFull done
Event: 1518.343 Executing VM operation: HandshakeAllThreads
Event: 1518.343 Executing VM operation: HandshakeAllThreads done
Event: 1518.351 Executing VM operation: HandshakeAllThreads
Event: 1518.351 Executing VM operation: HandshakeAllThreads done
Event: 1518.602 Executing VM operation: ICBufferFull
Event: 1518.603 Executing VM operation: ICBufferFull done
Event: 1518.983 Executing VM operation: G1CollectFull
Event: 1519.052 Executing VM operation: G1CollectFull done
Event: 1520.056 Executing VM operation: G1CollectFull
Event: 1520.111 Executing VM operation: G1CollectFull done
Event: 1521.120 Executing VM operation: Cleanup
Event: 1521.120 Executing VM operation: Cleanup done

Events (20 events):
Event: 1518.752 loading class javax/swing/JTable$4 done
Event: 1518.957 Thread 0x0000021d60704630 Thread added: 0x0000021d60704630
Event: 1518.973 Thread 0x0000021d60708e60 Thread added: 0x0000021d60708e60
Event: 1518.983 Thread 0x0000021d60708e60 Thread exited: 0x0000021d60708e60
Event: 1519.053 Thread 0x0000021d60704630 Thread exited: 0x0000021d60704630
Event: 1519.265 Thread 0x0000021d55152270 Thread exited: 0x0000021d55152270
Event: 1519.457 Thread 0x0000021d60704630 Thread added: 0x0000021d60704630
Event: 1519.463 Thread 0x0000021d60704630 Thread exited: 0x0000021d60704630
Event: 1520.043 Thread 0x0000021d60704630 Thread added: 0x0000021d60704630
Event: 1520.049 Thread 0x0000021d60709800 Thread added: 0x0000021d60709800
Event: 1520.055 Thread 0x0000021d60709800 Thread exited: 0x0000021d60709800
Event: 1520.112 Thread 0x0000021d60704630 Thread exited: 0x0000021d60704630
Event: 1520.203 loading class jdk/internal/reflect/UnsafeBooleanFieldAccessorImpl
Event: 1520.203 loading class jdk/internal/reflect/UnsafeBooleanFieldAccessorImpl done
Event: 1520.458 Thread 0x0000021d6070b4e0 Thread added: 0x0000021d6070b4e0
Event: 1520.465 Thread 0x0000021d6070b4e0 Thread exited: 0x0000021d6070b4e0
Event: 1520.472 Thread 0x0000021d551536b0 Thread exited: 0x0000021d551536b0
Event: 1520.767 Thread 0x0000021d62e96a80 Thread added: 0x0000021d62e96a80
Event: 1520.890 Thread 0x0000021d607067e0 Thread exited: 0x0000021d607067e0
Event: 1521.172 Thread 0x0000021d62e96a80 Thread exited: 0x0000021d62e96a80


Dynamic libraries:
0x00007ff727ca0000 - 0x00007ff727cd1000 	D:\Vivado\2023.2\bin\unwrapped\win64.o\vivado.exe
0x00007ffa8b2e0000 - 0x00007ffa8b543000 	C:\WINDOWS\SYSTEM32\ntdll.dll
0x00007ffa8a3d0000 - 0x00007ffa8a498000 	C:\WINDOWS\System32\KERNEL32.DLL
0x00007ffa88970000 - 0x00007ffa88d22000 	C:\WINDOWS\System32\KERNELBASE.dll
0x00007ffa88d30000 - 0x00007ffa88e7b000 	C:\WINDOWS\System32\ucrtbase.dll
0x00007ffa6fc80000 - 0x00007ffa6fd0d000 	C:\WINDOWS\SYSTEM32\MSVCP140.dll
0x00007ffa71ae0000 - 0x00007ffa71afe000 	C:\WINDOWS\SYSTEM32\VCRUNTIME140.dll
0x00007ffa71cc0000 - 0x00007ffa71ccc000 	C:\WINDOWS\SYSTEM32\VCRUNTIME140_1.dll
0x00007ffa50d10000 - 0x00007ffa50d2c000 	D:\Vivado\2023.2\lib\win64.o\librdi_commonmain.dll
0x00007ffa2a1b0000 - 0x00007ffa2b85a000 	D:\Vivado\2023.2\lib\win64.o\librdi_common.dll
0x00007ffa47ce0000 - 0x00007ffa47d01000 	D:\Vivado\2023.2\lib\win64.o\libboost_filesystem.dll
0x00007ffa8ab30000 - 0x00007ffa8acf8000 	C:\WINDOWS\System32\USER32.dll
0x00007ffa894d0000 - 0x00007ffa89584000 	C:\WINDOWS\System32\ADVAPI32.dll
0x00007ffa88e80000 - 0x00007ffa88ea7000 	C:\WINDOWS\System32\win32u.dll
0x00007ffa395a0000 - 0x00007ffa399d0000 	D:\Vivado\2023.2\lib\win64.o\python38.dll
0x00007ffa8a5c0000 - 0x00007ffa8a669000 	C:\WINDOWS\System32\msvcrt.dll
0x00007ffa8a530000 - 0x00007ffa8a55a000 	C:\WINDOWS\System32\GDI32.dll
0x00007ffa8a9f0000 - 0x00007ffa8aa96000 	C:\WINDOWS\System32\sechost.dll
0x00007ffa89010000 - 0x00007ffa8913b000 	C:\WINDOWS\System32\gdi32full.dll
0x00007ffa88740000 - 0x00007ffa887e3000 	C:\WINDOWS\System32\msvcp_win.dll
0x00007ffa8a670000 - 0x00007ffa8a786000 	C:\WINDOWS\System32\RPCRT4.dll
0x00007ffa89610000 - 0x00007ffa89d11000 	C:\WINDOWS\System32\SHELL32.dll
0x00007ffa886b0000 - 0x00007ffa8872f000 	C:\WINDOWS\System32\WINTRUST.dll
0x00007ffa8a970000 - 0x00007ffa8a9e4000 	C:\WINDOWS\System32\WS2_32.dll
0x00007ffa63610000 - 0x00007ffa63619000 	D:\Vivado\2023.2\lib\win64.o\librdi_commonversion.dll
0x00007ffa393e0000 - 0x00007ffa39596000 	D:\Vivado\2023.2\lib\win64.o\librdi_commonxillic.dll
0x0000000075f90000 - 0x00000000760bc000 	D:\Vivado\2023.2\lib\win64.o\tcl85t.dll
0x00007ffa39070000 - 0x00007ffa393de000 	D:\Vivado\2023.2\lib\win64.o\libCOIN-all.dll
0x00007ffa4f9f0000 - 0x00007ffa4fa01000 	D:\Vivado\2023.2\lib\win64.o\libboost_date_time.dll
0x00007ffa38ff0000 - 0x00007ffa39069000 	D:\Vivado\2023.2\lib\win64.o\libboost_program_options.dll
0x00007ffa38ed0000 - 0x00007ffa38fe4000 	D:\Vivado\2023.2\lib\win64.o\libboost_regex.dll
0x00007ffa3f100000 - 0x00007ffa3f11c000 	D:\Vivado\2023.2\lib\win64.o\libboost_thread.dll
0x00007ffa619f0000 - 0x00007ffa619fc000 	D:\Vivado\2023.2\lib\win64.o\libboost_xilinx.dll
0x00007ffa38e40000 - 0x00007ffa38ec2000 	D:\Vivado\2023.2\lib\win64.o\libhdlpsolve.dll
0x00007ffa38d90000 - 0x00007ffa38e35000 	D:\Vivado\2023.2\lib\win64.o\libhdxml.dll
0x00007ffa38d60000 - 0x00007ffa38d8a000 	D:\Vivado\2023.2\lib\win64.o\libisl_sysinfo.dll
0x00007ffa8a4d0000 - 0x00007ffa8a52d000 	C:\WINDOWS\System32\SHLWAPI.dll
0x00007ffa38cf0000 - 0x00007ffa38d55000 	D:\Vivado\2023.2\lib\win64.o\liblmx6.0.dll
0x00007ffa38cd0000 - 0x00007ffa38cea000 	D:\Vivado\2023.2\lib\win64.o\pthreadVC2.dll
0x00007ffa38c80000 - 0x00007ffa38ca1000 	D:\Vivado\2023.2\lib\win64.o\librdizlib.dll
0x00007ffa38cb0000 - 0x00007ffa38ccc000 	D:\Vivado\2023.2\lib\win64.o\librdiconfig.dll
0x00007ffa389b0000 - 0x00007ffa38c71000 	D:\Vivado\2023.2\lib\win64.o\xerces-c_3_2.dll
0x00007ffa73ed0000 - 0x00007ffa73eea000 	C:\WINDOWS\SYSTEM32\NETAPI32.dll
0x00007ffa6eea0000 - 0x00007ffa6f123000 	C:\WINDOWS\SYSTEM32\WININET.dll
0x00007ffa7eee0000 - 0x00007ffa7f006000 	C:\WINDOWS\SYSTEM32\WINHTTP.dll
0x00007ffa75a20000 - 0x00007ffa75bfd000 	C:\WINDOWS\SYSTEM32\urlmon.dll
0x00007ffa71db0000 - 0x00007ffa71dba000 	C:\WINDOWS\SYSTEM32\WSOCK32.dll
0x00007ffa38980000 - 0x00007ffa389b0000 	C:\WINDOWS\SYSTEM32\VCOMP140.DLL
0x00007ffa28290000 - 0x00007ffa2a1a7000 	D:\Vivado\2023.2\lib\win64.o\gurobi90.dll
0x00007ffa887f0000 - 0x00007ffa88966000 	C:\WINDOWS\System32\CRYPT32.dll
0x00007ffa89590000 - 0x00007ffa89603000 	C:\WINDOWS\System32\WLDAP32.dll
0x00007ffa8adf0000 - 0x00007ffa8adf8000 	C:\WINDOWS\System32\Normaliz.dll
0x00007ffa37770000 - 0x00007ffa38794600 	D:\Vivado\2023.2\lib\win64.o\libisl_iostreams.dll
0x00007ffa87f70000 - 0x00007ffa87f96000 	C:\WINDOWS\SYSTEM32\bcrypt.dll
0x00007ffa36a60000 - 0x00007ffa36d8d000 	D:\Vivado\2023.2\lib\win64.o\libXil_lmgr11.dll
0x00007ffa89d20000 - 0x00007ffa89e0d000 	C:\WINDOWS\System32\COMDLG32.dll
0x00007ffa89140000 - 0x00007ffa894be000 	C:\WINDOWS\System32\combase.dll
0x00007ffa7e0b0000 - 0x00007ffa7e0bb000 	C:\WINDOWS\SYSTEM32\VERSION.dll
0x00007ffa8ae50000 - 0x00007ffa8af2a000 	C:\WINDOWS\System32\shcore.dll
0x00007ffa8ad10000 - 0x00007ffa8ade6000 	C:\WINDOWS\System32\OLEAUT32.dll
0x00007ffa86140000 - 0x00007ffa86971000 	C:\WINDOWS\SYSTEM32\windows.storage.dll
0x00007ffa8a7d0000 - 0x00007ffa8a969000 	C:\WINDOWS\System32\ole32.dll
0x00007ffa75450000 - 0x00007ffa75719000 	C:\WINDOWS\SYSTEM32\iertutil.dll
0x00007ffa38960000 - 0x00007ffa38978000 	D:\Vivado\2023.2\lib\win64.o\libboost_iostreams.dll
0x00007ffa38930000 - 0x00007ffa38954000 	D:\Vivado\2023.2\lib\win64.o\libisl_iosutils.dll
0x00007ffa5b180000 - 0x00007ffa5b234000 	C:\WINDOWS\WinSxS\amd64_microsoft.windows.common-controls_6595b64144ccf1df_5.82.26100.1882_none_87f34cef7a28f535\COMCTL32.dll
0x00007ffa752d0000 - 0x00007ffa752f9000 	C:\WINDOWS\SYSTEM32\srvcli.dll
0x00007ffa7eac0000 - 0x00007ffa7eae5000 	C:\WINDOWS\SYSTEM32\dhcpcsvc.DLL
0x00007ffa86ec0000 - 0x00007ffa86ecd000 	C:\WINDOWS\SYSTEM32\netutils.dll
0x00007ffa87a70000 - 0x00007ffa87a9b000 	C:\WINDOWS\SYSTEM32\USERENV.dll
0x00007ffa879d0000 - 0x00007ffa87a38000 	C:\WINDOWS\SYSTEM32\MSWSOCK.DLL
0x00007ffa8a790000 - 0x00007ffa8a7bf000 	C:\WINDOWS\System32\IMM32.DLL
0x00007ffa87ec0000 - 0x00007ffa87ed3000 	C:\WINDOWS\SYSTEM32\MSASN1.dll
0x00007ffa874c0000 - 0x00007ffa874da000 	C:\WINDOWS\SYSTEM32\kernel.appcore.dll
0x00007ffa87d20000 - 0x00007ffa87d3c000 	C:\WINDOWS\SYSTEM32\CRYPTSP.dll
0x00007ffa87420000 - 0x00007ffa87458000 	C:\WINDOWS\system32\rsaenh.dll
0x00007ffa87d40000 - 0x00007ffa87d4c000 	C:\WINDOWS\SYSTEM32\CRYPTBASE.dll
0x00007ffa88eb0000 - 0x00007ffa88f49000 	C:\WINDOWS\System32\bcryptPrimitives.dll
0x00007ffa8b0a0000 - 0x00007ffa8b0c0000 	C:\WINDOWS\System32\imagehlp.dll
0x00007ffa35e10000 - 0x00007ffa3635d000 	D:\Vivado\2023.2\lib\win64.o\librdi_commontasks.dll
0x00007ffa27640000 - 0x00007ffa28288000 	D:\Vivado\2023.2\tps\win64\jre17.0.7_7\bin\server\jvm.dll
0x00007ffa35ae0000 - 0x00007ffa35e0b800 	D:\Vivado\2023.2\lib\win64.o\librdi_sio.dll
0x00007ffa76150000 - 0x00007ffa76186000 	C:\WINDOWS\SYSTEM32\WINMM.dll
0x00007ffa86ed0000 - 0x00007ffa86f02000 	C:\WINDOWS\SYSTEM32\IPHLPAPI.DLL
0x00007ffa87a40000 - 0x00007ffa87a67000 	C:\WINDOWS\SYSTEM32\gpapi.dll
0x00007ffa7e070000 - 0x00007ffa7e0ab000 	C:\Windows\System32\cryptnet.dll
0x00007ffa885c0000 - 0x00007ffa885ee000 	C:\WINDOWS\SYSTEM32\profapi.dll
0x00007ffa834e0000 - 0x00007ffa834ee000 	C:\WINDOWS\SYSTEM32\WINNSI.DLL
0x00007ffa8ad00000 - 0x00007ffa8ad0a000 	C:\WINDOWS\System32\NSI.dll
0x00007ffa87760000 - 0x00007ffa877a8000 	C:\WINDOWS\SYSTEM32\SspiCli.dll
0x00007ffa6f520000 - 0x00007ffa6f538000 	C:\WINDOWS\system32\napinsp.dll
0x00007ffa86f60000 - 0x00007ffa87085000 	C:\WINDOWS\SYSTEM32\DNSAPI.dll
0x00007ffa6f490000 - 0x00007ffa6f4a2000 	C:\WINDOWS\System32\winrnr.dll
0x00007ffa6f4b0000 - 0x00007ffa6f4d2000 	C:\WINDOWS\system32\nlansp_c.dll
0x00007ffa7e100000 - 0x00007ffa7e116000 	C:\WINDOWS\system32\wshbth.dll
0x00007ffa1bde0000 - 0x00007ffa1eba6000 	D:\Vivado\2023.2\lib\win64.o\librdi_tcltasks.dll
0x00007ffa27440000 - 0x00007ffa27640000 	D:\Vivado\2023.2\lib\win64.o\librdi_board.dll
0x00007ffa375a0000 - 0x00007ffa37623000 	D:\Vivado\2023.2\lib\win64.o\librdi_boarddep.dll
0x00007ffa355f0000 - 0x00007ffa35ad1000 	D:\Vivado\2023.2\lib\win64.o\librdi_bitstream.dll
0x00007ffa27310000 - 0x00007ffa2743a000 	D:\Vivado\2023.2\lib\win64.o\librdi_chipscope.dll
0x00007ffa27100000 - 0x00007ffa27307000 	D:\Vivado\2023.2\lib\win64.o\librdi_chipscopeimpl.dll
0x00007ffa26f90000 - 0x00007ffa270fe000 	D:\Vivado\2023.2\lib\win64.o\librdi_containers.dll
0x00007ffa196e0000 - 0x00007ffa1bdd5000 	D:\Vivado\2023.2\lib\win64.o\librdi_constraints.dll
0x00007ffa16fa0000 - 0x00007ffa196d6000 	D:\Vivado\2023.2\lib\win64.o\librdi_coregen.dll
0x00007ffa25980000 - 0x00007ffa26f83000 	D:\Vivado\2023.2\lib\win64.o\librdi_device.dll
0x00007ffa15190000 - 0x00007ffa16f97000 	D:\Vivado\2023.2\lib\win64.o\librdi_designutils.dll
0x00007ffa14df0000 - 0x00007ffa1518f000 	D:\Vivado\2023.2\lib\win64.o\librdi_dlyest.dll
0x00007ffa146b0000 - 0x00007ffa14de6000 	D:\Vivado\2023.2\lib\win64.o\librdi_drc.dll
0x00007ffa374e0000 - 0x00007ffa37594000 	D:\Vivado\2023.2\lib\win64.o\librdi_dsp.dll
0x00007ffa13ef0000 - 0x00007ffa146af000 	D:\Vivado\2023.2\lib\win64.o\librdi_filemgmt.dll
0x00007ffa369f0000 - 0x00007ffa36a5b000 	D:\Vivado\2023.2\lib\win64.o\librdi_hdf.dll
0x00007ffa13c00000 - 0x00007ffa13ee4000 	D:\Vivado\2023.2\lib\win64.o\librdi_hip_devdesign.dll
0x00007ffa25830000 - 0x00007ffa25978000 	D:\Vivado\2023.2\lib\win64.o\librdi_hip_perf_analysis.dll
0x00007ffa12ab0000 - 0x00007ffa13bf3000 	D:\Vivado\2023.2\lib\win64.o\librdi_implflow.dll
0x00007ffa12210000 - 0x00007ffa12aaa000 	D:\Vivado\2023.2\lib\win64.o\librdi_lopt.dll
0x00007ffa11360000 - 0x00007ffa12210000 	D:\Vivado\2023.2\lib\win64.o\librdi_ippcw.dll
0x00007ffa35570000 - 0x00007ffa355ed000 	D:\Vivado\2023.2\lib\win64.o\librdi_memoryarray.dll
0x00007ffa0daa0000 - 0x00007ffa0e2a4000 	D:\Vivado\2023.2\lib\win64.o\librdi_netlist.dll
0x00007ffa2bec0000 - 0x00007ffa2bf32000 	D:\Vivado\2023.2\lib\win64.o\librdi_noc_frameworks.dll
0x00007ffa10d00000 - 0x00007ffa11356000 	D:\Vivado\2023.2\lib\win64.o\librdi_memdata.dll
0x00007ffa36990000 - 0x00007ffa369ec000 	D:\Vivado\2023.2\lib\win64.o\librdi_pfi.dll
0x00007ffa0a760000 - 0x00007ffa0abde000 	D:\Vivado\2023.2\lib\win64.o\librdi_platform.dll
0x00007ffa0abe0000 - 0x00007ffa0da9c000 	D:\Vivado\2023.2\lib\win64.o\librdi_place.dll
0x00007ffa0e2b0000 - 0x00007ffa10cf1000 	D:\Vivado\2023.2\lib\win64.o\librdi_mig.dll
0x00007ffa09e60000 - 0x00007ffa0a752000 	D:\Vivado\2023.2\lib\win64.o\librdi_power.dll
0x00007ffa095d0000 - 0x00007ffa09e5b000 	D:\Vivado\2023.2\lib\win64.o\librdi_project.dll
0x00007ffa08e50000 - 0x00007ffa095c7000 	D:\Vivado\2023.2\lib\win64.o\librdi_psta.dll
0x00007ffa07ee0000 - 0x00007ffa08488000 	D:\Vivado\2023.2\lib\win64.o\librdi_runs.dll

dbghelp: loaded successfully - version: 4.0.5 - missing functions: none
symbol engine: initialized successfully - sym options: 0x614 - pdb path: .;D:\Vivado\2023.2\bin\unwrapped\win64.o;C:\WINDOWS\SYSTEM32;D:\Vivado\2023.2\lib\win64.o;C:\WINDOWS\WinSxS\amd64_microsoft.windows.common-controls_6595b64144ccf1df_5.82.26100.1882_none_87f34cef7a28f535;D:\Vivado\2023.2\tps\win64\jre17.0.7_7\bin\server;D:\Vivado\2023.2\tps\win64\jre17.0.7_7\bin;C:\WINDOWS\WinSxS\amd64_microsoft.windows.common-controls_6595b64144ccf1df_6.0.26100.2454_none_3e0b68a2e331ad60

VM Arguments:
jvm_args: -Dsun.java2d.pmoffscreen=false -Dhttps.protocols=TLSv1,TLSv1.1,TLSv1.2 -Dsun.java2d.xrender=false -Dsun.java2d.d3d=false -Dsun.awt.nopixfmt=true -Dsun.java2d.dpiaware=true -Dsun.java2d.uiScale.enabled=false -Dswing.aatext=true -XX:-UsePerfData -Djdk.map.althashing.threshold=512 -XX:StringTableSize=4072 -XX:+UseStringDeduplication -XX:MaxGCPauseMillis=200 -XX:+ParallelRefProcEnabled --add-opens=java.desktop/javax.swing.plaf.synth=ALL-UNNAMED --add-opens=java.base/java.nio=ALL-UNNAMED --add-opens=java.desktop/sun.swing=ALL-UNNAMED --add-opens=java.desktop/javax.swing=ALL-UNNAMED --add-opens=java.desktop/javax.swing.tree=ALL-UNNAMED --add-opens=java.desktop/javax.swing.plaf.basic=ALL-UNNAMED --add-opens=java.desktop/javax.swing.plaf.synth=ALL-UNNAMED --add-opens=java.desktop/javax.swing.plaf.basic=ALL-UNNAMED --add-opens=java.desktop/javax.swing=ALL-UNNAMED --add-opens=java.desktop/javax.swing.tree=ALL-UNNAMED --add-opens=java.desktop/java.awt.event=ALL-UNNAMED --add-exports=java.desktop/javax.swing.plaf.synth=ALL-UNNAMED --add-exports=java.base/java.nio=ALL-UNNAMED --add-exports=java.desktop/sun.swing=ALL-UNNAMED --add-exports=java.desktop/javax.swing=ALL-UNNAMED --add-exports=java.desktop/javax.swing.tree=ALL-UNNAMED --add-exports=java.desktop/javax.swing.plaf.basic=ALL-UNNAMED --add-exports=java.desktop/sun.swing=ALL-UNNAMED --add-exports=java.desktop/sun.swing.table=ALL-UNNAMED --add-exports=java.desktop/sun.swing.plaf.synth=ALL-UNNAMED --add-exports=java.desktop/sun.awt.shell=ALL-UNNAMED --add-exports=java.base/sun.security.action=ALL-UNNAMED --add-exports=java.desktop/sun.font=ALL-UNNAMED -XX:NewSize=80m -XX:MaxNewSize=80m -Xms512m -Xmx4072m -Xss10m 
java_command: <unknown>
java_class_path (initial): D:/Vivado/2023.2\lib\classes\alloy.jar;D:/Vivado/2023.2\lib\classes\asm-9.3.jar;D:/Vivado/2023.2\lib\classes\asm-analysis-9.3.jar;D:/Vivado/2023.2\lib\classes\asm-commons-9.3.jar;D:/Vivado/2023.2\lib\classes\asm-tree-9.3.jar;D:/Vivado/2023.2\lib\classes\autoesl-models.jar;D:/Vivado/2023.2\lib\classes\batik-anim.jar;D:/Vivado/2023.2\lib\classes\batik-awt-util.jar;D:/Vivado/2023.2\lib\classes\batik-bridge.jar;D:/Vivado/2023.2\lib\classes\batik-codec.jar;D:/Vivado/2023.2\lib\classes\batik-constants.jar;D:/Vivado/2023.2\lib\classes\batik-css.jar;D:/Vivado/2023.2\lib\classes\batik-dom.jar;D:/Vivado/2023.2\lib\classes\batik-ext.jar;D:/Vivado/2023.2\lib\classes\batik-gui-util.jar;D:/Vivado/2023.2\lib\classes\batik-gvt.jar;D:/Vivado/2023.2\lib\classes\batik-i18n.jar;D:/Vivado/2023.2\lib\classes\batik-parser.jar;D:/Vivado/2023.2\lib\classes\batik-script.jar;D:/Vivado/2023.2\lib\classes\batik-svg-dom.jar;D:/Vivado/2023.2\lib\classes\batik-svggen.jar;D:/Vivado/2023.2\lib\classes\batik-swing.jar;D:/Vivado/2023.2\lib\classes\batik-transcoder.jar;D:/Vivado/2023.2\lib\classes\batik-util.jar;D:/Vivado/2023.2\lib\classes\batik-xml.jar;D:/Vivado/2023.2\lib\classes\com.fasterxml.jackson.core.jackson-annotations_2.12.1.v20210128-1726.jar;D:/Vivado/2023.2\lib\classes\com.fasterxml.jackson.core.jackson-core_2.12.1.v20210128-1726.jar;D:/Vivado/2023.2\lib\classes\com.fasterxml.jackson.core.jackson-databind_2.12.1.v20210128-1726.jar;D:/Vivado/2023.2\lib\classes\com.google.gson_2.8.9.v20220111-1409.jar;D:/Vivado/2023.2\lib\classes\com.google.guava_30.1.0.v20210127-2300.jar;D:/Vivado/2023.2\lib\classes\com.sigasi.hdt.connection_4.17.2.202304211001.jar;D:/Vivado/2023.2\lib\classes\com.sigasi.hdt.epl_4.17.2.202304211001.jar;D:/Vivado/2023.2\lib\classes\com.sigasi.hdt.project_4.17.2.202304211001.jar;D:/Vivado/2023.2\lib\classes\com.sigasi.hdt.readonlyfilesystem_4.17.2.202304211001.jar;D:/Vivado/2023.2\lib\classes\com.sigasi.hdt.shared_4.17.2.202304211001.jar;D:/Vivad
Launcher Type: generic

[Global flags]
     intx CICompilerCount                          = 4                                         {product} {ergonomic}
     uint ConcGCThreads                            = 2                                         {product} {ergonomic}
     uint G1ConcRefinementThreads                  = 8                                         {product} {ergonomic}
   size_t G1HeapRegionSize                         = 2097152                                   {product} {ergonomic}
    uintx GCDrainStackTargetSize                   = 64                                        {product} {ergonomic}
   size_t InitialHeapSize                          = 536870912                                 {product} {command line}
   size_t MarkStackSize                            = 4194304                                   {product} {ergonomic}
    uintx MaxGCPauseMillis                         = 200                                       {product} {command line}
   size_t MaxHeapSize                              = 4269801472                                {product} {command line}
   size_t MaxNewSize                               = 83886080                                  {product} {command line}
   size_t MinHeapDeltaBytes                        = 2097152                                   {product} {ergonomic}
   size_t MinHeapSize                              = 536870912                                 {product} {command line}
   size_t NewSize                                  = 83886080                                  {product} {command line}
    uintx NonNMethodCodeHeapSize                   = 5839372                                {pd product} {ergonomic}
    uintx NonProfiledCodeHeapSize                  = 122909434                              {pd product} {ergonomic}
     bool ParallelRefProcEnabled                   = true                                      {product} {command line}
    uintx ProfiledCodeHeapSize                     = 122909434                              {pd product} {ergonomic}
    uintx ReservedCodeCacheSize                    = 251658240                              {pd product} {ergonomic}
     bool SegmentedCodeCache                       = true                                      {product} {ergonomic}
   size_t SoftMaxHeapSize                          = 4269801472                             {manageable} {ergonomic}
    uintx StringTableSize                          = 4072                                      {product} {command line}
     intx ThreadStackSize                          = 10240                                  {pd product} {command line}
     bool UseCompressedClassPointers               = true                           {product lp64_product} {ergonomic}
     bool UseCompressedOops                        = true                           {product lp64_product} {ergonomic}
     bool UseG1GC                                  = true                                      {product} {ergonomic}
     bool UseLargePagesIndividualAllocation        = false                                  {pd product} {ergonomic}
     bool UsePerfData                              = false                                     {product} {command line}
     bool UseStringDeduplication                   = true                                      {product} {command line}

Logging:
Log output configuration:
 #0: stdout all=warning uptime,level,tags
 #1: stderr all=off uptime,level,tags

Environment Variables:
JAVA_HOME=C:\Users\debab\AppData\Local\Programs\Eclipse Adoptium\jdk-17.0.11.9-hotspot\
PATH=D:/Vivado/2023.2/bin;D:/Vivado/2023.2/tps/win64/java-cef-95.0.4638.69/bin/lib/win64;D:/Vivado/2023.2/tps/win64/javafx-sdk-17.0.1/lib;D:/Vivado/2023.2/tps/win64/javafx-sdk-17.0.1/bin;D:/Vivado/2023.2/lib/win64.o;D:/Vivado/2023.2/tps/win64/jre17.0.7_7/bin/server;D:/Vivado/2023.2/tps/win64/jre17.0.7_7/bin;D:/Vivado/2023.2/ids_lite/ISE/bin/nt64;D:/Vivado/2023.2/ids_lite/ISE/lib/nt64;D:/Vitis_HLS/2023.2/bin;C:\Program Files (x86)\Common Files\Oracle\Java\java8path;C:\Program Files (x86)\Common Files\Oracle\Java\javapath;C:\Python312\Scripts\;C:\Python312\;C:\oraclexe\app\oracle\product\11.2.0\server\bin;C:\ProgramData\Oracle\Java\javapath;C:\Windows\system32;C:\Windows;C:\Windows\System32\Wbem;C:\Windows\System32\WindowsPowerShell\v1.0\;C:\Windows\System32\OpenSSH\;C:\Program Files (x86)\NVIDIA Corporation\PhysX\Common;C:\Program Files\NVIDIA Corporation\NVIDIA NvDLISR;C:\Program Files\PuTTY\;C:\Program Files\nodejs\;C:\ProgramData\chocolatey\bin;C:\Program Files\Git\cmd;C:\Users\debab\AppData\Local\Programs\Eclipse Adoptium\jdk-17.0.11.9-hotspot\bin;C:\Program Files\MySQL\MySQL Shell 8.0\bin\;C:\Users\debab\AppData\Local\Microsoft\WindowsApps;C:\Users\debab\AppData\Local\Programs\Python\Python310;C:\Users\debab\AppData\Local\Programs\Python\Python310\Scripts;C:\Users\debab\AppData\Local\Programs\Microsoft VS Code\bin;C:\Users\debab\AppData\Roaming\npm;;D:/Vivado/2023.2\tps\mingw\6.2.0\win64.o\nt\bin;D:/Vivado/2023.2\tps\mingw\6.2.0\win64.o\nt\libexec\gcc\x86_64-w64-mingw32\6.2.0;D:/Vivado/2023.2\tps\win64\python-3.8.3;D:/Vivado/2023.2\tps\win64\python-3.8.3\bin;D:/Vivado/2023.2\tps\win64\python-3.8.3\lib;D:/Vivado/2023.2\tps\win64\python-3.8.3\lib\site-packages
USERNAME=debab
OS=Windows_NT
PROCESSOR_IDENTIFIER=Intel64 Family 6 Model 165 Stepping 2, GenuineIntel
TMP=C:\Users\debab\AppData\Local\Temp
TEMP=C:\Users\debab\AppData\Local\Temp



---------------  S Y S T E M  ---------------

OS:
 Windows 11 , 64 bit Build 26100 (10.0.26100.2454)
OS uptime: 0 days 0:29 hours
Hyper-V role detected

CPU: total 8 (initial active 8) (4 cores per cpu, 2 threads per core) family 6 model 165 stepping 2 microcode 0xe2, cx8, cmov, fxsr, ht, mmx, 3dnowpref, sse, sse2, sse3, ssse3, sse4.1, sse4.2, popcnt, lzcnt, tsc, tscinvbit, avx, avx2, aes, erms, clmul, bmi1, bmi2, adx, fma, vzeroupper, clflush, clflushopt, hv

Memory: 4k page, system-wide physical 8023M (863M free)
TotalPageFile size 19799M (AvailPageFile size 10658M)
current process WorkingSet (physical memory assigned to process): 1362M, peak: 1362M
current process commit charge ("private bytes"): 1895M, peak: 1895M

vm_info: OpenJDK 64-Bit Server VM (17.0.7+7) for windows-amd64 JRE (17.0.7+7), built on Apr 18 2023 22:10:42 by "temurin" with MS VC++ 16.7 (VS2019)

END.
